Component: ARM Compiler 5.06 update 6 (build 750) Tool: armlink [4d35ed]

==============================================================================

Section Cross References

    main.o(i.main) refers to delay.o(i.delay_init) for delay_init
    main.o(i.main) refers to app.o(i.Gimbal_Init) for Gimbal_Init
    main.o(i.main) refers to delay.o(i.delay_ms) for delay_ms
    main.o(i.main) refers to motor_control.o(i.Gimbal_Control) for Gimbal_Control
    main.o(i.main) refers to main.o(.bss) for test_buff
    main.o(i.main) refers to main.o(.data) for test_len2
    system_stm32f30x.o(i.SystemCoreClockUpdate) refers to system_stm32f30x.o(.data) for SystemCoreClock
    system_stm32f30x.o(i.SystemInit) refers to system_stm32f30x.o(i.SetSysClock) for SetSysClock
    app.o(i.Body2Motor) refers to sinf.o(i.__hardfp_sinf) for __hardfp_sinf
    app.o(i.Body2Motor) refers to cosf.o(i.__hardfp_cosf) for __hardfp_cosf
    app.o(i.ComProtocol) refers to cpu.o(i.mcu_get_uid) for mcu_get_uid
    app.o(i.ComProtocol) refers to memseta.o(.text) for __aeabi_memclr4
    app.o(i.ComProtocol) refers to superx_ii_api.o(i.api_init) for api_init
    app.o(i.ComProtocol) refers to app.o(.bss) for Gimbal_Config
    app.o(i.Gimbal_Init) refers to app.o(i.Para_Init) for Para_Init
    app.o(i.Gimbal_Init) refers to gpio_config.o(i.Gpio_config) for Gpio_config
    app.o(i.Gimbal_Init) refers to led.o(i.LED_Init) for LED_Init
    app.o(i.Gimbal_Init) refers to usart.o(i.USART3_init) for USART3_init
    app.o(i.Gimbal_Init) refers to can.o(i.CanHardwareInit) for CanHardwareInit
    app.o(i.Gimbal_Init) refers to delay.o(i.delay_ms) for delay_ms
    app.o(i.Gimbal_Init) refers to app.o(i.ComProtocol) for ComProtocol
    app.o(i.Gimbal_Init) refers to mpu6500.o(i.SPI3_Init) for SPI3_Init
    app.o(i.Gimbal_Init) refers to timer.o(i.Heating_Drive) for Heating_Drive
    app.o(i.Gimbal_Init) refers to timer.o(i.TIM4_Int_Init) for TIM4_Int_Init
    app.o(i.Gimbal_Init) refers to usart.o(i.USART1_init) for USART1_init
    app.o(i.Gimbal_Init) refers to stm32f30x_gpio.o(i.GPIO_SetBits) for GPIO_SetBits
    app.o(i.Gimbal_Init) refers to timer.o(i.TIM15_PWM_Init) for TIM15_PWM_Init
    app.o(i.Gimbal_Init) refers to motor_tim.o(i.SVPWM8_Init) for SVPWM8_Init
    app.o(i.Gimbal_Init) refers to motor_tim.o(i.SVPWM1_Init) for SVPWM1_Init
    app.o(i.Gimbal_Init) refers to timer.o(i.TIM2_PWM_Init) for TIM2_PWM_Init
    app.o(i.Gimbal_Init) refers to gpio_config.o(.data) for Selection_axis
    app.o(i.PID_Para_Init) refers to app.o(.bss) for Pitch_Angel_PID
    app.o(i.Para_Init) refers to app.o(i.PID_Para_Init) for PID_Para_Init
    app.o(i.Para_Init) refers to timer.o(.bss) for Get_Encoder
    app.o(i.Para_Init) refers to timer.o(.data) for ThetaOffset
    app.o(i.ctrl_Attitude) refers to sqrtf.o(i.__hardfp_sqrtf) for __hardfp_sqrtf
    app.o(i.ctrl_Attitude) refers to sinf.o(i.__hardfp_sinf) for __hardfp_sinf
    app.o(i.ctrl_Attitude) refers to cosf.o(i.__hardfp_cosf) for __hardfp_cosf
    app.o(i.ctrl_Attitude) refers to ahrs.o(.data) for q
    app.o(i.ctrl_Attitude) refers to app.o(.data) for target_Roll
    app.o(i.ctrl_Attitude) refers to acosf.o(i.__hardfp_acosf) for __hardfp_acosf
    app.o(i.ctrl_Attitude) refers to app.o(ramfunc) for PID_run
    app.o(i.ctrl_Attitude) refers to app.o(.bss) for Roll_Angel_PID
    app.o(i.ctrl_Attitude) refers to motor_control.o(.data) for yaw_by_encoder
    app.o(i.ctrl_Attitude_Q) refers to math_common.o(i.conjugate) for conjugate
    app.o(i.ctrl_Attitude_Q) refers to math_common.o(i.Quat2Mat) for Quat2Mat
    app.o(i.ctrl_Attitude_Q) refers to math_common.o(i.Quat_Prod) for Quat_Prod
    app.o(i.ctrl_Attitude_Q) refers to math_common.o(i.Quat2Axis) for Quat2Axis
    app.o(i.ctrl_Attitude_Q) refers to app.o(ramfunc) for PID_run
    app.o(i.ctrl_Attitude_Q) refers to app.o(.bss) for Roll_Angel_PID
    app.o(i.ctrl_Attitude_decoup) refers to math_common.o(i.conjugate) for conjugate
    app.o(i.ctrl_Attitude_decoup) refers to math_common.o(i.Quat_Prod) for Quat_Prod
    app.o(i.ctrl_Attitude_decoup) refers to math_common.o(i.Quat2Axis) for Quat2Axis
    app.o(i.ctrl_Attitude_decoup) refers to app.o(i.Body2Motor) for Body2Motor
    app.o(i.ctrl_Attitude_decoup) refers to app.o(ramfunc) for PID_run_FloatspdVolt
    app.o(i.ctrl_Attitude_decoup) refers to app.o(.bss) for Roll_Angel_PID
    app.o(i.ctrl_angular_velocity) refers to app.o(i.Body2Motor) for Body2Motor
    app.o(i.ctrl_angular_velocity) refers to app.o(ramfunc) for PID_run
    app.o(i.ctrl_angular_velocity) refers to ahrs.o(.bss) for Encoder
    app.o(i.ctrl_angular_velocity) refers to app.o(.bss) for Roll_Speed_PID
    app.o(ramfunc) refers to f2d.o(.text) for __aeabi_f2d
    app.o(ramfunc) refers to fabs.o(i.__hardfp_fabs) for __hardfp_fabs
    app.o(ramfunc) refers to d2f.o(.text) for __aeabi_d2f
    app.o(ramfunc) refers to app.o(.data) for Adj_kk
    startup_stm32f30x.o(RESET) refers to startup_stm32f30x.o(STACK) for __initial_sp
[...]
    fc_version                               0x20000238   Data           1  superx_ii_api.o(.data)
    api_version                              0x20000239   Data           1  superx_ii_api.o(.data)
    ccitt_table                              0x2000023a   Data         512  superx_ii_api.o(.data)
    msg_count                                0x2000043c   Data           4  superx_ii_api.o(.data)
    UniverLog_subject                        0x20000440   Data          10  superx_ii_api.o(.data)
    fy_time                                  0x2000044c   Data           4  superx_ii_api.o(.data)
    last_tick                                0x20000450   Data           4  superx_ii_api.o(.data)
    heartbeat_interval                       0x20000454   Data           2  superx_ii_api.o(.data)
    v2Counter                                0x20000456   Data           1  superx_ii_api.o(.data)
    v3Counter                                0x20000457   Data           1  superx_ii_api.o(.data)
    .data                                    0x20000458   Section      468  eskf.o(.data)
    .data                                    0x2000062c   Section        4  errno.o(.data)
    _errno                                   0x2000062c   Data           4  errno.o(.data)
    .bss                                     0x20000630   Section       33  main.o(.bss)
    .bss                                     0x20000654   Section      768  app.o(.bss)
    .bss                                     0x20000954   Section      780  usart.o(.bss)
    Tx1_buffer                               0x20000ae0   Data         128  usart.o(.bss)
    .bss                                     0x20000c60   Section       12  timer.o(.bss)
    .bss                                     0x20000c6c   Section      128  debug.o(.bss)
    .bss                                     0x20000cec   Section      188  ahrs.o(.bss)
    .bss                                     0x20000da8   Section      116  motor_control.o(.bss)
    .bss                                     0x20000e1c   Section      280  can.o(.bss)
    CANRx_Buffer                             0x20000e1c   Data          12  can.o(.bss)
    CAN_Rx_buffer                            0x20000e28   Data         128  can.o(.bss)
    .bss                                     0x20000f34   Section     2365  superx_ii_api.o(.bss)
    Recv_Buffer                              0x20000f34   Data         558  superx_ii_api.o(.bss)
    module_list                              0x20001162   Data         663  superx_ii_api.o(.bss)
    SendBuffer                               0x200013f9   Data         547  superx_ii_api.o(.bss)
    cloud_log_msg                            0x2000161c   Data          36  superx_ii_api.o(.bss)
    UniverLogMsg                             0x20001640   Data         561  superx_ii_api.o(.bss)
    .bss                                     0x20001874   Section      684  eskf.o(.bss)
    .bss                                     0x20001b20   Section       56  foc.o(.bss)
    STACK                                    0x20001b58   Section     1024  startup_stm32f30x.o(STACK)

    Global Symbols

    Symbol Name                              Value     Ov Type        Size  Object(Section)

    BuildAttributes$$THM_ISAv4$E$P$D$K$B$S$7EM$VFPi3$EXTD16$VFPS$VFMA$PE$A:L22UL41UL21$X:L11$S22US41US21$IEEE1$IW$USESV6$~STKCKD$USESV7$~SHL$OTIME$ROPI$IEEEX$EBA8$MICROLIB$REQ8$PRES8$EABIv2 0x00000000   Number         0  anon$$obj.o ABSOLUTE
    __ARM_use_no_argv                        0x00000000   Number         0  main.o ABSOLUTE
    __cpp_initialize__aeabi_                  - Undefined Weak Reference
    __cxa_finalize                            - Undefined Weak Reference
    _clock_init                               - Undefined Weak Reference
    _microlib_exit                            - Undefined Weak Reference
    __Vectors_Size                           0x00000188   Number         0  startup_stm32f30x.o ABSOLUTE
    __Vectors                                0x08000000   Data           4  startup_stm32f30x.o(RESET)
    __Vectors_End                            0x08000188   Data           0  startup_stm32f30x.o(RESET)
    __main                                   0x08000189   Thumb Code     0  entry.o(.ARM.Collect$$$$00000000)
    _main_stk                                0x08000189   Thumb Code     0  entry2.o(.ARM.Collect$$$$00000001)
    _main_scatterload                        0x0800018d   Thumb Code     0  entry5.o(.ARM.Collect$$$$00000004)
    __main_after_scatterload                 0x08000191   Thumb Code     0  entry5.o(.ARM.Collect$$$$00000004)
    _main_clock                              0x08000191   Thumb Code     0  entry7b.o(.ARM.Collect$$$$00000008)
    _main_cpp_init                           0x08000191   Thumb Code     0  entry8b.o(.ARM.Collect$$$$0000000A)
    _main_init                               0x08000191   Thumb Code     0  entry9a.o(.ARM.Collect$$$$0000000B)
    __rt_final_cpp                           0x08000199   Thumb Code     0  entry10a.o(.ARM.Collect$$$$0000000D)
    __rt_final_exit                          0x08000199   Thumb Code     0  entry11a.o(.ARM.Collect$$$$0000000F)
    Reset_Handler                            0x0800019d   Thumb Code     8  startup_stm32f30x.o(.text)
    ADC1_2_IRQHandler                        0x080001b7   Thumb Code     0  startup_stm32f30x.o(.text)
    ADC3_IRQHandler                          0x080001b7   Thumb Code     0  startup_stm32f30x.o(.text)
    ADC4_IRQHandler                          0x080001b7   Thumb Code     0  startup_stm32f30x.o(.text)
    CAN1_RX1_IRQHandler                      0x080001b7   Thumb Code     0  startup_stm32f30x.o(.text)
    CAN1_SCE_IRQHandler                      0x080001b7   Thumb Code     0  startup_stm32f30x.o(.text)
    COMP1_2_3_IRQHandler                     0x080001b7   Thumb Code     0  startup_stm32f30x.o(.text)
    COMP4_5_6_IRQHandler                     0x080001b7   Thumb Code     0  startup_stm32f30x.o(.text)
    COMP7_IRQHandler                         0x080001b7   Thumb Code     0  startup_stm32f30x.o(.text)
    DMA1_Channel1_IRQHandler                 0x080001b7   Thumb Code     0  startup_stm32f30x.o(.text)
    DMA1_Channel2_IRQHandler                 0x080001b7   Thumb Code     0  startup_stm32f30x.o(.text)
    DMA1_Channel3_IRQHandler                 0x080001b7   Thumb Code     0  startup_stm32f30x.o(.text)
    DMA1_Channel4_IRQHandler                 0x080001b7   Thumb Code     0  startup_stm32f30x.o(.text)
    DMA1_Channel5_IRQHandler                 0x080001b7   Thumb Code     0  startup_stm32f30x.o(.text)
    DMA1_Channel6_IRQHandler                 0x080001b7   Thumb Code     0  startup_stm32f30x.o(.text)
    DMA1_Channel7_IRQHandler                 0x080001b7   Thumb Code     0  startup_stm32f30x.o(.text)
    DMA2_Channel1_IRQHandler                 0x080001b7   Thumb Code     0  startup_stm32f30x.o(.text)
    DMA2_Channel2_IRQHandler                 0x080001b7   Thumb Code     0  startup_stm32f30x.o(.text)
    DMA2_Channel3_IRQHandler                 0x080001b7   Thumb Code     0  startup_stm32f30x.o(.text)
    DMA2_Channel4_IRQHandler                 0x080001b7   Thumb Code     0  startup_stm32f30x.o(.text)
    DMA2_Channel5_IRQHandler                 0x080001b7   Thumb Code     0  startup_stm32f30x.o(.text)
    EXTI15_10_IRQHandler                     0x080001b7   Thumb Code     0  startup_stm32f30x.o(.text)
    EXTI1_IRQHandler                         0x080001b7   Thumb Code     0  startup_stm32f30x.o(.text)
    EXTI2_TS_IRQHandler                      0x080001b7   Thumb Code     0  startup_stm32f30x.o(.text)
    EXTI3_IRQHandler                         0x080001b7   Thumb Code     0  startup_stm32f30x.o(.text)
    EXTI4_IRQHandler                         0x080001b7   Thumb Code     0  startup_stm32f30x.o(.text)
    EXTI9_5_IRQHandler                       0x080001b7   Thumb Code     0  startup_stm32f30x.o(.text)
    FLASH_IRQHandler                         0x080001b7   Thumb Code     0  startup_stm32f30x.o(.text)
    FPU_IRQHandler                           0x080001b7   Thumb Code     0  startup_stm32f30x.o(.text)
    I2C1_ER_IRQHandler                       0x080001b7   Thumb Code     0  startup_stm32f30x.o(.text)
    I2C1_EV_IRQHandler                       0x080001b7   Thumb Code     0  startup_stm32f30x.o(.text)
    I2C2_ER_IRQHandler                       0x080001b7   Thumb Code     0  startup_stm32f30x.o(.text)
    I2C2_EV_IRQHandler                       0x080001b7   Thumb Code     0  startup_stm32f30x.o(.text)
    PVD_IRQHandler                           0x080001b7   Thumb Code     0  startup_stm32f30x.o(.text)
    RCC_IRQHandler                           0x080001b7   Thumb Code     0  startup_stm32f30x.o(.text)
    RTC_Alarm_IRQHandler                     0x080001b7   Thumb Code     0  startup_stm32f30x.o(.text)
    RTC_WKUP_IRQHandler                      0x080001b7   Thumb Code     0  startup_stm32f30x.o(.text)
    SPI1_IRQHandler                          0x080001b7   Thumb Code     0  startup_stm32f30x.o(.text)
    SPI2_IRQHandler                          0x080001b7   Thumb Code     0  startup_stm32f30x.o(.text)
    SPI3_IRQHandler                          0x080001b7   Thumb Code     0  startup_stm32f30x.o(.text)
    TAMPER_STAMP_IRQHandler                  0x080001b7   Thumb Code     0  startup_stm32f30x.o(.text)
    TIM1_CC_IRQHandler                       0x080001b7   Thumb Code     0  startup_stm32f30x.o(.text)
    TIM1_TRG_COM_TIM17_IRQHandler            0x080001b7   Thumb Code     0  startup_stm32f30x.o(.text)
    TIM3_IRQHandler                          0x080001b7   Thumb Code     0  startup_stm32f30x.o(.text)
    TIM6_DAC_IRQHandler                      0x080001b7   Thumb Code     0  startup_stm32f30x.o(.text)
    TIM7_IRQHandler                          0x080001b7   Thumb Code     0  startup_stm32f30x.o(.text)
    TIM8_BRK_IRQHandler                      0x080001b7   Thumb Code     0  startup_stm32f30x.o(.text)
    TIM8_CC_IRQHandler                       0x080001b7   Thumb Code     0  startup_stm32f30x.o(.text)
    TIM8_TRG_COM_IRQHandler                  0x080001b7   Thumb Code     0  startup_stm32f30x.o(.text)
    UART4_IRQHandler                         0x080001b7   Thumb Code     0  startup_stm32f30x.o(.text)
    UART5_IRQHandler                         0x080001b7   Thumb Code     0  startup_stm32f30x.o(.text)
    USART1_IRQHandler                        0x080001b7   Thumb Code     0  startup_stm32f30x.o(.text)
    USBWakeUp_IRQHandler                     0x080001b7   Thumb Code     0  startup_stm32f30x.o(.text)
    USBWakeUp_RMP_IRQHandler                 0x080001b7   Thumb Code     0  startup_stm32f30x.o(.text)
    USB_HP_CAN1_TX_IRQHandler                0x080001b7   Thumb Code     0  startup_stm32f30x.o(.text)
    USB_HP_IRQHandler                        0x080001b7   Thumb Code     0  startup_stm32f30x.o(.text)
    USB_LP_IRQHandler                        0x080001b7   Thumb Code     0  startup_stm32f30x.o(.text)
    WWDG_IRQHandler                          0x080001b7   Thumb Code     0  startup_stm32f30x.o(.text)
    __aeabi_memcpy                           0x080001c1   Thumb Code    36  memcpya.o(.text)
    __aeabi_memcpy4                          0x080001c1   Thumb Code     0  memcpya.o(.text)
    __aeabi_memcpy8                          0x080001c1   Thumb Code     0  memcpya.o(.text)
    __aeabi_memset                           0x080001e5   Thumb Code    14  memseta.o(.text)
    __aeabi_memset4                          0x080001e5   Thumb Code     0  memseta.o(.text)
    __aeabi_memset8                          0x080001e5   Thumb Code     0  memseta.o(.text)
    __aeabi_memclr                           0x080001f3   Thumb Code     4  memseta.o(.text)
    __aeabi_memclr4                          0x080001f3   Thumb Code     0  memseta.o(.text)
    __aeabi_memclr8                          0x080001f3   Thumb Code     0  memseta.o(.text)
    _memset$wrapper                          0x080001f7   Thumb Code    18  memseta.o(.text)
    __aeabi_f2d                              0x08000209   Thumb Code    38  f2d.o(.text)
    __aeabi_cdcmpeq                          0x08000231   Thumb Code     0  cdcmple.o(.text)
    __aeabi_cdcmple                          0x08000231   Thumb Code    48  cdcmple.o(.text)
    __aeabi_d2f                              0x08000261   Thumb Code    56  d2f.o(.text)
    __I$use$fp                               0x08000299   Thumb Code     0  iusefp.o(.text)
    _float_round                             0x08000299   Thumb Code    18  fepilogue.o(.text)
    _float_epilogue                          0x080002ab   Thumb Code    92  fepilogue.o(.text)
    __fp_status                              0x08000307   Thumb Code     4  fpstat.o(.text)
    __ieee_status                            0x08000307   Thumb Code     0  fpstat.o(.text)
    __scatterload                            0x0800030d   Thumb Code    28  init.o(.text)
    __scatterload_rt2                        0x0800030d   Thumb Code     0  init.o(.text)
    __decompress                             0x08000331   Thumb Code     0  __dczerorl2.o(.text)
    __decompress1                            0x08000331   Thumb Code    86  __dczerorl2.o(.text)
    Long Thumb to Thumb Veneer to MotorOut_PR 0x08000387   Thumb Code    10  anon$$obj.o(Veneer$$Code)
    Long Thumb to Thumb Veneer to MotorOut_Y 0x08000391   Thumb Code    10  anon$$obj.o(Veneer$$Code)
    Long Thumb to Thumb Veneer to PID_run    0x0800039b   Thumb Code    10  anon$$obj.o(Veneer$$Code)
    Long Thumb to Thumb Veneer to Angle_Process 0x080003a5   Thumb Code    10  anon$$obj.o(Veneer$$Code)
    Long Thumb to Thumb Veneer to PID_Parameter_Adjustment1 0x080003af   Thumb Code    10  anon$$obj.o(Veneer$$Code)
    Axis2Quat                                0x080003b9   Thumb Code   180  math_common.o(i.Axis2Quat)
    BSP_CAN1_FilterConfig                    0x0800046d   Thumb Code    72  can.o(i.BSP_CAN1_FilterConfig)
    Body2Motor                               0x080004b5   Thumb Code   228  app.o(i.Body2Motor)
    BusFault_Handler                         0x0800059d   Thumb Code     4  stm32f30x_it.o(i.BusFault_Handler)
    CAN_DeInit                               0x080005a1   Thumb Code    24  stm32f30x_can.o(i.CAN_DeInit)
    CAN_FilterInit                           0x080005b9   Thumb Code   258  stm32f30x_can.o(i.CAN_FilterInit)
    CAN_ITConfig                             0x080006c1   Thumb Code    18  stm32f30x_can.o(i.CAN_ITConfig)
    CAN_Init                                 0x080006d3   Thumb Code   292  stm32f30x_can.o(i.CAN_Init)
    CAN_Para_Init                            0x080007f9   Thumb Code    34  can.o(i.CAN_Para_Init)
    CAN_Receive                              0x0800082d   Thumb Code   240  stm32f30x_can.o(i.CAN_Receive)
    CAN_StructInit                           0x0800091d   Thumb Code    32  stm32f30x_can.o(i.CAN_StructInit)
    CAN_Transmit                             0x0800093d   Thumb Code   294  stm32f30x_can.o(i.CAN_Transmit)
    CanHardwareInit                          0x08000a65   Thumb Code   162  can.o(i.CanHardwareInit)
    CanSend                                  0x08000b11   Thumb Code   120  can.o(i.CanSend)
    CanSetBaudrate                           0x08000b8d   Thumb Code   114  can.o(i.CanSetBaudrate)
    ComProtocol                              0x08000c05   Thumb Code    58  app.o(i.ComProtocol)
    DMA_Cmd                                  0x08000c49   Thumb Code    24  stm32f30x_dma.o(i.DMA_Cmd)
    DMA_DeInit                               0x08000c61   Thumb Code   324  stm32f30x_dma.o(i.DMA_DeInit)
    DMA_Init                                 0x08000dad   Thumb Code    60  stm32f30x_dma.o(i.DMA_Init)
    DMA_SetCurrDataCounter                   0x08000de9   Thumb Code     4  stm32f30x_dma.o(i.DMA_SetCurrDataCounter)
    DebugMon_Handler                         0x08000ded   Thumb Code     2  stm32f30x_it.o(i.DebugMon_Handler)
    Dma_rx3                                  0x08000df1   Thumb Code    96  usart.o(i.Dma_rx3)
    Dma_tx1                                  0x08000e5d   Thumb Code    74  usart.o(i.Dma_tx1)
    Dma_tx3                                  0x08000eb5   Thumb Code    74  usart.o(i.Dma_tx3)
    EXTI0_IRQHandler                         0x08000f0d   Thumb Code    24  gpio_config.o(i.EXTI0_IRQHandler)
    EXTI_ClearITPendingBit                   0x08000f29   Thumb Code    22  stm32f30x_exti.o(i.EXTI_ClearITPendingBit)
    EXTI_GetITStatus                         0x08000f45   Thumb Code    66  stm32f30x_exti.o(i.EXTI_GetITStatus)
    EXTI_Init                                0x08000f8d   Thumb Code   354  stm32f30x_exti.o(i.EXTI_Init)
    Euler2Quat                               0x080010f9   Thumb Code   232  math_common.o(i.Euler2Quat)
    Euler2Quat_G                             0x080011e1   Thumb Code   232  math_common.o(i.Euler2Quat_G)
    Filter_LP_IIR_1                          0x080012c9   Thumb Code    96  ahrs.o(i.Filter_LP_IIR_1)
    GPIO_Init                                0x0800132d   Thumb Code   144  stm32f30x_gpio.o(i.GPIO_Init)
    GPIO_PinAFConfig                         0x080013bd   Thumb Code    70  stm32f30x_gpio.o(i.GPIO_PinAFConfig)
    GPIO_ReadInputDataBit                    0x08001403   Thumb Code    18  stm32f30x_gpio.o(i.GPIO_ReadInputDataBit)
    GPIO_ResetBits                           0x08001415   Thumb Code     4  stm32f30x_gpio.o(i.GPIO_ResetBits)
    GPIO_SetBits                             0x08001419   Thumb Code     4  stm32f30x_gpio.o(i.GPIO_SetBits)
    GPIO_StructInit                          0x0800141d   Thumb Code    22  stm32f30x_gpio.o(i.GPIO_StructInit)
    G_LED_Status                             0x08001435   Thumb Code   426  led.o(i.G_LED_Status)
    Get_Encoder_Quat                         0x080015e9   Thumb Code   232  ahrs.o(i.Get_Encoder_Quat)
    Get_Vehicle_Attitude                     0x080016d1   Thumb Code   106  ahrs.o(i.Get_Vehicle_Attitude)
    Gimbal_Control                           0x08001745   Thumb Code  1624  motor_control.o(i.Gimbal_Control)
    Gimbal_Init                              0x08001dcd   Thumb Code   128  app.o(i.Gimbal_Init)
    Gpio_Exti                                0x08001e59   Thumb Code   112  gpio_config.o(i.Gpio_Exti)
    Gpio_config                              0x08001ec9   Thumb Code   228  gpio_config.o(i.Gpio_config)
    HardFault_Handler                        0x08001fb5   Thumb Code     4  stm32f30x_it.o(i.HardFault_Handler)
    Heating_Drive                            0x08001fb9   Thumb Code   158  timer.o(i.Heating_Drive)
    IMU_Update                               0x0800205d   Thumb Code   384  ahrs.o(i.IMU_Update)
    KF_FeedBack                              0x08002215   Thumb Code   458  eskf.o(i.KF_FeedBack)
    KF_Set_F                                 0x080023f1   Thumb Code   288  eskf.o(i.KF_Set_F)
    LED_Init                                 0x08002519   Thumb Code    70  led.o(i.LED_Init)
    MPU6500_Init                             0x08002565   Thumb Code   194  mpu6500.o(i.MPU6500_Init)
    MPU6500_Read_Reg                         0x0800262d   Thumb Code    48  mpu6500.o(i.MPU6500_Read_Reg)
    MPU6500_Write_Reg                        0x0800265d   Thumb Code    48  mpu6500.o(i.MPU6500_Write_Reg)
    MS_Attitude_Acconly                      0x0800268d   Thumb Code   146  ahrs.o(i.MS_Attitude_Acconly)
    MS_Attitude_ESKF_Bias_FC                 0x08002721   Thumb Code  1640  eskf.o(i.MS_Attitude_ESKF_Bias_FC)
    MS_Attitude_GyroIntegral                 0x08002da9   Thumb Code   106  ahrs.o(i.MS_Attitude_GyroIntegral)
    Mat66mul                                 0x08002e15   Thumb Code   114  math_common.o(i.Mat66mul)
    Mat_T66                                  0x08002e8d   Thumb Code    64  math_common.o(i.Mat_T66)
    MemManage_Handler                        0x08002ecd   Thumb Code     4  stm32f30x_it.o(i.MemManage_Handler)
    NMI_Handler                              0x08002ed1   Thumb Code     2  stm32f30x_it.o(i.NMI_Handler)
    NVIC_Init                                0x08002ed5   Thumb Code   100  stm32f30x_misc.o(i.NVIC_Init)
    Oscilloscope                             0x08002f45   Thumb Code   362  debug.o(i.Oscilloscope)
    PID_Para_Init                            0x080030dd   Thumb Code   658  app.o(i.PID_Para_Init)
    PWR_BackupAccessCmd                      0x080033b5   Thumb Code     6  stm32f30x_pwr.o(i.PWR_BackupAccessCmd)
    Para_Init                                0x080033c1   Thumb Code    48  app.o(i.Para_Init)
    PendSV_Handler                           0x080033fd   Thumb Code     2  stm32f30x_it.o(i.PendSV_Handler)
    Quat2Axis                                0x08003401   Thumb Code   162  math_common.o(i.Quat2Axis)
    Quat2Euler_G                             0x080034b1   Thumb Code   216  math_common.o(i.Quat2Euler_G)
    Quat2Mat                                 0x08003589   Thumb Code   298  math_common.o(i.Quat2Mat)
    Quat_Prod                                0x080036b3   Thumb Code   226  math_common.o(i.Quat_Prod)
    RCC_AHBPeriphClockCmd                    0x08003795   Thumb Code    26  stm32f30x_rcc.o(i.RCC_AHBPeriphClockCmd)
    RCC_APB1PeriphClockCmd                   0x080037b5   Thumb Code    26  stm32f30x_rcc.o(i.RCC_APB1PeriphClockCmd)
    RCC_APB1PeriphResetCmd                   0x080037d5   Thumb Code    26  stm32f30x_rcc.o(i.RCC_APB1PeriphResetCmd)
    RCC_APB2PeriphClockCmd                   0x080037f5   Thumb Code    26  stm32f30x_rcc.o(i.RCC_APB2PeriphClockCmd)
    RCC_APB2PeriphResetCmd                   0x08003815   Thumb Code    26  stm32f30x_rcc.o(i.RCC_APB2PeriphResetCmd)
    RCC_GetClocksFreq                        0x08003835   Thumb Code  1076  stm32f30x_rcc.o(i.RCC_GetClocksFreq)
    RCC_RTCCLKCmd                            0x08003c7d   Thumb Code     6  stm32f30x_rcc.o(i.RCC_RTCCLKCmd)
    RTC_WriteBackupRegister                  0x08003c89   Thumb Code    24  stm32f30x_rtc.o(i.RTC_WriteBackupRegister)
    R_LED_Status                             0x08003ca5   Thumb Code   278  led.o(i.R_LED_Status)
    Read_MPU6500                             0x08003dc5   Thumb Code    56  mpu6500.o(i.Read_MPU6500)
    SPI3_Init                                0x08003dfd   Thumb Code   270  mpu6500.o(i.SPI3_Init)
    SPI_Cmd                                  0x08003f65   Thumb Code    24  stm32f30x_spi.o(i.SPI_Cmd)
    SPI_I2S_DeInit                           0x08003f7d   Thumb Code    76  stm32f30x_spi.o(i.SPI_I2S_DeInit)
    SPI_I2S_GetFlagStatus                    0x08003fd5   Thumb Code    18  stm32f30x_spi.o(i.SPI_I2S_GetFlagStatus)
    SPI_Init                                 0x08003fe7   Thumb Code   130  stm32f30x_spi.o(i.SPI_Init)
    SPI_NSSInternalSoftwareConfig            0x08004069   Thumb Code    30  stm32f30x_spi.o(i.SPI_NSSInternalSoftwareConfig)
    SPI_ReceiveData8                         0x08004087   Thumb Code    12  stm32f30x_spi.o(i.SPI_ReceiveData8)
    SPI_RxFIFOThresholdConfig                0x08004093   Thumb Code    18  stm32f30x_spi.o(i.SPI_RxFIFOThresholdConfig)
    SPI_SendData8                            0x080040a5   Thumb Code    10  stm32f30x_spi.o(i.SPI_SendData8)
    SVC_Handler                              0x080040af   Thumb Code     2  stm32f30x_it.o(i.SVC_Handler)
    SVPWM1_Init                              0x080040b1   Thumb Code   316  motor_tim.o(i.SVPWM1_Init)
    SVPWM8_Init                              0x080041f1   Thumb Code   310  motor_tim.o(i.SVPWM8_Init)
    SYSCFG_EXTILineConfig                    0x08004331   Thumb Code    60  stm32f30x_syscfg.o(i.SYSCFG_EXTILineConfig)
    SendMotor                                0x08004371   Thumb Code    88  motor_control.o(i.SendMotor)
    StdCanSetID                              0x0800449d   Thumb Code    96  can.o(i.StdCanSetID)
    SysTick_CLKSourceConfig                  0x080044fd   Thumb Code    40  stm32f30x_misc.o(i.SysTick_CLKSourceConfig)
    SysTick_Handler                          0x08004525   Thumb Code     2  stm32f30x_it.o(i.SysTick_Handler)
    SystemInit                               0x08004529   Thumb Code   112  system_stm32f30x.o(i.SystemInit)
    TIM15_PWM_Init                           0x080046c1   Thumb Code   216  timer.o(i.TIM15_PWM_Init)
    TIM1_BRK_TIM15_IRQHandler                0x0800479d   Thumb Code   138  timer.o(i.TIM1_BRK_TIM15_IRQHandler)
    TIM2_IRQHandler                          0x08004845   Thumb Code   202  timer.o(i.TIM2_IRQHandler)
    TIM2_PWM_Init                            0x0800492d   Thumb Code   228  timer.o(i.TIM2_PWM_Init)
    TIM4_IRQHandler                          0x08004a11   Thumb Code    18  timer.o(i.TIM4_IRQHandler)
    TIM4_Int_Init                            0x08004a2d   Thumb Code   100  timer.o(i.TIM4_Int_Init)
    TIM_ARRPreloadConfig                     0x08004a95   Thumb Code    24  stm32f30x_tim.o(i.TIM_ARRPreloadConfig)
    TIM_ClearFlag                            0x08004aad   Thumb Code     8  stm32f30x_tim.o(i.TIM_ClearFlag)
    TIM_ClearITPendingBit                    0x08004ab5   Thumb Code     8  stm32f30x_tim.o(i.TIM_ClearITPendingBit)
    TIM_Cmd                                  0x08004abd   Thumb Code    24  stm32f30x_tim.o(i.TIM_Cmd)
    TIM_CtrlPWMOutputs                       0x08004ad5   Thumb Code    22  stm32f30x_tim.o(i.TIM_CtrlPWMOutputs)
    TIM_DeInit                               0x08004aed   Thumb Code   250  stm32f30x_tim.o(i.TIM_DeInit)
    TIM_GetCapture1                          0x08004c0d   Thumb Code     6  stm32f30x_tim.o(i.TIM_GetCapture1)
    TIM_GetCapture2                          0x08004c13   Thumb Code     6  stm32f30x_tim.o(i.TIM_GetCapture2)
    TIM_GetITStatus                          0x08004c19   Thumb Code    34  stm32f30x_tim.o(i.TIM_GetITStatus)
    TIM_ICInit                               0x08004c3b   Thumb Code   110  stm32f30x_tim.o(i.TIM_ICInit)
    TIM_ITConfig                             0x08004ca9   Thumb Code    24  stm32f30x_tim.o(i.TIM_ITConfig)
    TIM_OC1Init                              0x08004cc1   Thumb Code   120  stm32f30x_tim.o(i.TIM_OC1Init)
    TIM_OC1PreloadConfig                     0x08004d51   Thumb Code    16  stm32f30x_tim.o(i.TIM_OC1PreloadConfig)
    TIM_OC2Init                              0x08004d61   Thumb Code   116  stm32f30x_tim.o(i.TIM_OC2Init)
    TIM_OC2PreloadConfig                     0x08004de1   Thumb Code    18  stm32f30x_tim.o(i.TIM_OC2PreloadConfig)
    TIM_OC3Init                              0x08004df5   Thumb Code   114  stm32f30x_tim.o(i.TIM_OC3Init)
    TIM_OC3PreloadConfig                     0x08004e71   Thumb Code    16  stm32f30x_tim.o(i.TIM_OC3PreloadConfig)
    TIM_OCStructInit                         0x08004e81   Thumb Code    20  stm32f30x_tim.o(i.TIM_OCStructInit)
    TIM_PWMIConfig                           0x08004e95   Thumb Code   124  stm32f30x_tim.o(i.TIM_PWMIConfig)
    TIM_SelectInputTrigger                   0x08004f11   Thumb Code    20  stm32f30x_tim.o(i.TIM_SelectInputTrigger)
    TIM_SelectMasterSlaveMode                0x08004f25   Thumb Code    18  stm32f30x_tim.o(i.TIM_SelectMasterSlaveMode)
    TIM_SelectSlaveMode                      0x08004f39   Thumb Code    16  stm32f30x_tim.o(i.TIM_SelectSlaveMode)
    TIM_SetCompare1                          0x08004f4d   Thumb Code     4  stm32f30x_tim.o(i.TIM_SetCompare1)
    TIM_SetIC1Prescaler                      0x08004f51   Thumb Code    16  stm32f30x_tim.o(i.TIM_SetIC1Prescaler)
    TIM_SetIC2Prescaler                      0x08004f61   Thumb Code    18  stm32f30x_tim.o(i.TIM_SetIC2Prescaler)
    TIM_SetIC3Prescaler                      0x08004f73   Thumb Code    18  stm32f30x_tim.o(i.TIM_SetIC3Prescaler)
    TIM_SetIC4Prescaler                      0x08004f85   Thumb Code    26  stm32f30x_tim.o(i.TIM_SetIC4Prescaler)
    TIM_TimeBaseInit                         0x08004fa1   Thumb Code   116  stm32f30x_tim.o(i.TIM_TimeBaseInit)
    TIM_TimeBaseStructInit                   0x08005039   Thumb Code    18  stm32f30x_tim.o(i.TIM_TimeBaseStructInit)
    Task10ms                                 0x0800504d   Thumb Code    50  motor_control.o(i.Task10ms)
    UART1_SendDataDMA                        0x0800508d   Thumb Code    54  usart.o(i.UART1_SendDataDMA)
    UART3_SendDataDMA                        0x080050d1   Thumb Code    54  usart.o(i.UART3_SendDataDMA)
    USART1_init                              0x08005115   Thumb Code   108  usart.o(i.USART1_init)
    USART2_IRQHandler                        0x08005189   Thumb Code    36  usart.o(i.USART2_IRQHandler)
    USART3_IRQHandler                        0x080051b9   Thumb Code    76  usart.o(i.USART3_IRQHandler)
    USART3_init                              0x0800521d   Thumb Code   210  usart.o(i.USART3_init)
    USART_ClearFlag                          0x080052fd   Thumb Code     4  stm32f30x_usart.o(i.USART_ClearFlag)
    USART_Cmd                                0x08005301   Thumb Code    22  stm32f30x_usart.o(i.USART_Cmd)
    USART_DMACmd                             0x08005317   Thumb Code    18  stm32f30x_usart.o(i.USART_DMACmd)
    USART_GetITStatus                        0x08005329   Thumb Code    74  stm32f30x_usart.o(i.USART_GetITStatus)
    USART_ITConfig                           0x08005373   Thumb Code    58  stm32f30x_usart.o(i.USART_ITConfig)
    USART_Init                               0x080053ad   Thumb Code   220  stm32f30x_usart.o(i.USART_Init)
    USB_LP_CAN1_RX0_IRQHandler               0x08005499   Thumb Code   106  can.o(i.USB_LP_CAN1_RX0_IRQHandler)
    UsageFault_Handler                       0x08005515   Thumb Code     4  stm32f30x_it.o(i.UsageFault_Handler)
    __ARM_fpclassifyf                        0x08005533   Thumb Code    38  fpclassifyf.o(i.__ARM_fpclassifyf)
    __hardfp_acosf                           0x08005559   Thumb Code   234  acosf.o(i.__hardfp_acosf)
    __hardfp_asinf                           0x08005671   Thumb Code   258  asinf.o(i.__hardfp_asinf)
    __hardfp_atan2f                          0x0800579d   Thumb Code   502  atan2f.o(i.__hardfp_atan2f)
    __hardfp_cosf                            0x080059ed   Thumb Code   280  cosf.o(i.__hardfp_cosf)
    __hardfp_fabs                            0x08005b3d   Thumb Code    20  fabs.o(i.__hardfp_fabs)
    __hardfp_powf                            0x08005b51   Thumb Code  1606  powf.o(i.__hardfp_powf)
    __mathlib_powf                           0x08005b51   Thumb Code     0  powf.o(i.__hardfp_powf)
    __hardfp_sinf                            0x080061b5   Thumb Code   344  sinf.o(i.__hardfp_sinf)
    __hardfp_sqrtf                           0x08006345   Thumb Code    58  sqrtf.o(i.__hardfp_sqrtf)
    __mathlib_flt_divzero                    0x08006381   Thumb Code    14  funder.o(i.__mathlib_flt_divzero)
    __mathlib_flt_infnan                     0x08006395   Thumb Code     6  funder.o(i.__mathlib_flt_infnan)
    __mathlib_flt_infnan2                    0x0800639b   Thumb Code     6  funder.o(i.__mathlib_flt_infnan2)
    __mathlib_flt_invalid                    0x080063a1   Thumb Code    10  funder.o(i.__mathlib_flt_invalid)
    __mathlib_flt_overflow                   0x080063b1   Thumb Code    10  funder.o(i.__mathlib_flt_overflow)
    __mathlib_flt_underflow                  0x080063c1   Thumb Code    10  funder.o(i.__mathlib_flt_underflow)
    __mathlib_rredf2                         0x080063d1   Thumb Code   316  rredf.o(i.__mathlib_rredf2)
    __scatterload_copy                       0x08006525   Thumb Code    14  handlers.o(i.__scatterload_copy)
    __scatterload_null                       0x08006533   Thumb Code     2  handlers.o(i.__scatterload_null)
    __scatterload_zeroinit                   0x08006535   Thumb Code    14  handlers.o(i.__scatterload_zeroinit)
    __set_errno                              0x08006545   Thumb Code     6  errno.o(i.__set_errno)
    api_auto_load_data                       0x08006551   Thumb Code   130  superx_ii_api.o(i.api_auto_load_data)
    api_init                                 0x080065e5   Thumb Code    28  superx_ii_api.o(i.api_init)
    api_loop                                 0x08006605   Thumb Code   168  superx_ii_api.o(i.api_loop)
    api_on_data_returned                     0x080066c1   Thumb Code    26  motor_control.o(i.api_on_data_returned)
    api_on_data_set                          0x080066e5   Thumb Code     2  superx_ii_api.o(i.api_on_data_set)
    api_on_message_received                  0x080066e7   Thumb Code     2  superx_ii_api.o(i.api_on_message_received)
    api_on_modulelist_received               0x080066e9   Thumb Code     2  superx_ii_api.o(i.api_on_modulelist_received)
    api_on_upgrade                           0x080066ed   Thumb Code    86  can.o(i.api_on_upgrade)
    api_on_upgrade_finsh                     0x0800674d   Thumb Code     2  superx_ii_api.o(i.api_on_upgrade_finsh)
    api_on_upgrade_pack                      0x0800674f   Thumb Code     2  superx_ii_api.o(i.api_on_upgrade_pack)
    api_on_upgrade_requst                    0x08006751   Thumb Code     2  superx_ii_api.o(i.api_on_upgrade_requst)
    api_on_upgrade_status_returned           0x08006753   Thumb Code     2  superx_ii_api.o(i.api_on_upgrade_status_returned)
    api_port_received                        0x08006755   Thumb Code    26  superx_ii_api.o(i.api_port_received)
    api_port_send                            0x0800676f   Thumb Code    16  motor_control.o(i.api_port_send)
    cal_encoder_angle                        0x08006841   Thumb Code   326  motor_control.o(i.cal_encoder_angle)
    can_receive                              0x080069c1   Thumb Code    42  motor_control.o(i.can_receive)
    can_serial_available                     0x080069ed   Thumb Code    32  can.o(i.can_serial_available)
    can_serial_read_char                     0x08006a11   Thumb Code    36  can.o(i.can_serial_read_char)
    can_serial_write                         0x08006a39   Thumb Code    22  can.o(i.can_serial_write)
    can_transmit                             0x08006a55   Thumb Code   266  can.o(i.can_transmit)
    can_tx_available                         0x08006b71   Thumb Code    44  can.o(i.can_tx_available)
    can_tx_buf                               0x08006b9d   Thumb Code    44  can.o(i.can_tx_buf)
    conjugate                                0x08006bc9   Thumb Code    38  math_common.o(i.conjugate)
    crc16                                    0x08006bf1   Thumb Code    30  superx_ii_api.o(i.crc16)
    crc_ccitt                                0x08006c15   Thumb Code    48  superx_ii_api.o(i.crc_ccitt)
    ctrl_Attitude_Q                          0x08006c49   Thumb Code   222  app.o(i.ctrl_Attitude_Q)
    ctrl_angular_velocity                    0x08006d39   Thumb Code   148  app.o(i.ctrl_angular_velocity)
    delay_init                               0x08006ddd   Thumb Code    52  delay.o(i.delay_init)
    delay_ms                                 0x08006e19   Thumb Code    56  delay.o(i.delay_ms)
    delay_us                                 0x08006e55   Thumb Code    56  delay.o(i.delay_us)
    init_MS_Attitude                         0x08006e91   Thumb Code    98  ahrs.o(i.init_MS_Attitude)
    integral                                 0x08006f05   Thumb Code   222  math_common.o(i.integral)
    main                                     0x08006fe5   Thumb Code    94  main.o(i.main)
    mcu_get_uid                              0x08007051   Thumb Code    16  cpu.o(i.mcu_get_uid)
    module_heartbeat                         0x08007071   Thumb Code    56  superx_ii_api.o(i.module_heartbeat)
    normalize                                0x080079b5   Thumb Code   130  math_common.o(i.normalize)
    set_target_attitude                      0x08007a39   Thumb Code   380  ahrs.o(i.set_target_attitude)
    sqrtf                                    0x08007bd5   Thumb Code    62  sqrtf.o(i.sqrtf)
    dt                                       0x08007c14   Data           4  eskf.o(.constdata)
    Region$$Table$$Base                      0x08007d78   Number         0  anon$$obj.o(Region$$Table)
    Region$$Table$$Limit                     0x08007da8   Number         0  anon$$obj.o(Region$$Table)
    Long Thumb to Thumb Veneer to __aeabi_f2d 0x10000001   Thumb Code    10  anon$$obj.o(Veneer$$Code)
    Long Thumb to Thumb Veneer to __hardfp_fabs 0x1000000b   Thumb Code    10  anon$$obj.o(Veneer$$Code)
    Long Thumb to Thumb Veneer to __aeabi_d2f 0x10000015   Thumb Code    10  anon$$obj.o(Veneer$$Code)
    Long Thumb to Thumb Veneer to TIM_GetITStatus 0x1000001f   Thumb Code    10  anon$$obj.o(Veneer$$Code)
    Long Thumb to Thumb Veneer to TIM_ClearITPendingBit 0x10000029   Thumb Code    10  anon$$obj.o(Veneer$$Code)
    Long Thumb to Thumb Veneer to __hardfp_cosf 0x10000033   Thumb Code    10  anon$$obj.o(Veneer$$Code)
    Long Thumb to Thumb Veneer to __hardfp_sinf 0x1000003d   Thumb Code    10  anon$$obj.o(Veneer$$Code)
    Long Thumb to Thumb Veneer to __aeabi_cdcmple 0x10000047   Thumb Code    10  anon$$obj.o(Veneer$$Code)
    PID_Parameter_Adjustment1                0x10000051   Thumb Code   126  app.o(ramfunc)
    PID_run_FloatspdVolt                     0x100000cf   Thumb Code   216  app.o(ramfunc)
    PID_run                                  0x100001a7   Thumb Code   204  app.o(ramfunc)
    Angle_Process                            0x10000281   Thumb Code    56  ahrs.o(ramfunc)
    TIM1_UP_TIM16_IRQHandler                 0x100002c5   Thumb Code    22  motor_tim.o(ramfunc)
    TIM8_UP_IRQHandler                       0x100002db   Thumb Code    22  motor_tim.o(ramfunc)
    SinCosF                                  0x100002f9   Thumb Code    44  foc.o(ramfunc)
    Rev_Park                                 0x10000325   Thumb Code    42  foc.o(ramfunc)
    FOC_SVPWM1                               0x1000034f   Thumb Code   486  foc.o(ramfunc)
    FOC_SVPWM8                               0x10000535   Thumb Code   486  foc.o(ramfunc)
    MotorOut_PR                              0x1000071b   Thumb Code   212  foc.o(ramfunc)
    MotorOut_Y                               0x100007ef   Thumb Code   174  foc.o(ramfunc)
    rdatay                                   0x20000000   Data           4  main.o(.data)
    etet1                                    0x20000004   Data           4  main.o(.data)
    etet2                                    0x20000008   Data           4  main.o(.data)
    test_len1                                0x2000000c   Data           1  main.o(.data)
    test_len2                                0x2000000d   Data           1  main.o(.data)
    limit_up                                 0x20000010   Data           4  app.o(.data)
    limit_down                               0x20000014   Data           4  app.o(.data)
    Adj_k2                                   0x20000018   Data           4  app.o(.data)
    Adj_kk                                   0x2000001c   Data           4  app.o(.data)
    target_Roll                              0x20000020   Data           4  app.o(.data)
    target_Pitch                             0x20000024   Data           4  app.o(.data)
    target_Yaw                               0x20000028   Data           4  app.o(.data)
    Ps                                       0x2000002c   Data           4  app.o(.data)
    Yaw_Control_Enabled                      0x20000030   Data           1  app.o(.data)
    U2_IDLE_Flag                             0x20000060   Data           1  usart.o(.data)
    U3_IDLE_Flag                             0x20000061   Data           1  usart.o(.data)
    RLedCount                                0x20000062   Data           2  led.o(.data)
    GLedCount                                0x20000064   Data           2  led.o(.data)
    WHO_AM_I                                 0x20000066   Data           1  mpu6500.o(.data)
    duty                                     0x20000068   Data           2  timer.o(.data)
    period                                   0x2000006a   Data           2  timer.o(.data)
    duty_data                                0x2000006c   Data           2  timer.o(.data)
    duty_data_Y                              0x2000006e   Data           2  timer.o(.data)
    ThetaOffset                              0x20000070   Data           6  timer.o(.data)
    tim4_count                               0x20000076   Data           1  timer.o(.data)
    TIM4_Flag                                0x20000077   Data           1  timer.o(.data)
    Selection_axis                           0x20000078   Data           1  gpio_config.o(.data)
    MPU_Flag                                 0x20000079   Data           1  gpio_config.o(.data)
    get_decode_data                          0x2000007a   Data          66  debug.o(.data)
    Oldman_i                                 0x200000bc   Data           1  debug.o(.data)
    AHRS_OK                                  0x200000c0   Data           1  ahrs.o(.data)
    roll_acc_filted                          0x200000c4   Data           4  ahrs.o(.data)
    pitch_acc_filted                         0x200000c8   Data           4  ahrs.o(.data)
    yaw_acc_filted                           0x200000cc   Data           4  ahrs.o(.data)
    qEstC                                    0x200000d0   Data          16  ahrs.o(.data)
    qEstC_fc                                 0x200000e0   Data          16  ahrs.o(.data)
    qEst                                     0x200000f0   Data          16  ahrs.o(.data)
    Acc_x                                    0x20000100   Data           2  ahrs.o(.data)
    Acc_y                                    0x20000102   Data           2  ahrs.o(.data)
    Acc_z                                    0x20000104   Data           2  ahrs.o(.data)
    acc_filtered_x                           0x20000106   Data           2  ahrs.o(.data)
    acc_filtered_y                           0x20000108   Data           2  ahrs.o(.data)
    acc_filtered_z                           0x2000010a   Data           2  ahrs.o(.data)
    Gyro_x                                   0x2000010c   Data           2  ahrs.o(.data)
    Gyro_y                                   0x2000010e   Data           2  ahrs.o(.data)
    Gyro_z                                   0x20000110   Data           2  ahrs.o(.data)
    GimbalGyro_x                             0x20000114   Data           4  ahrs.o(.data)
    GimbalGyro_y                             0x20000118   Data           4  ahrs.o(.data)
    GimbalGyro_z                             0x2000011c   Data           4  ahrs.o(.data)
    GimbalAcc_x_filted                       0x20000120   Data           4  ahrs.o(.data)
    GimbalAcc_y_filted                       0x20000124   Data           4  ahrs.o(.data)
    GimbalAcc_z_filted                       0x20000128   Data           4  ahrs.o(.data)
    rollEstC                                 0x2000012c   Data           4  ahrs.o(.data)
    pitchEstC                                0x20000130   Data           4  ahrs.o(.data)
    yawEstC                                  0x20000134   Data           4  ahrs.o(.data)
    rollEstC_fc                              0x20000138   Data           4  ahrs.o(.data)
    pitchEstC_fc                             0x2000013c   Data           4  ahrs.o(.data)
    yawEstC_fc                               0x20000140   Data           4  ahrs.o(.data)
    rollEst                                  0x20000144   Data           4  ahrs.o(.data)
    pitchEst                                 0x20000148   Data           4  ahrs.o(.data)
    yawEst                                   0x2000014c   Data           4  ahrs.o(.data)
    pitch_acc                                0x20000150   Data           4  ahrs.o(.data)
    roll_acc                                 0x20000154   Data           4  ahrs.o(.data)
    yaw_acc                                  0x20000158   Data           4  ahrs.o(.data)
    q                                        0x2000015c   Data          16  ahrs.o(.data)
    MPU6500_raw                              0x2000016c   Data           2  ahrs.o(.data)
    MPU6500_Temp                             0x20000170   Data           4  ahrs.o(.data)
    Gyro_Temp                                0x20000174   Data           1  ahrs.o(.data)
    k_lp                                     0x20000178   Data           4  ahrs.o(.data)
    calib_n                                  0x2000017c   Data           1  ahrs.o(.data)
    sample_time_gyro                         0x20000180   Data           4  ahrs.o(.data)
    Kp                                       0x20000184   Data           4  ahrs.o(.data)
    Kp_acc                                   0x20000188   Data           4  ahrs.o(.data)
    Kp_yaw                                   0x2000018c   Data           4  ahrs.o(.data)
    Ki_acc                                   0x20000190   Data           4  ahrs.o(.data)
    bias_max                                 0x20000194   Data           4  ahrs.o(.data)
    use_yaw_encoder                          0x20000198   Data           1  ahrs.o(.data)
    Kp_fc                                    0x2000019c   Data           4  ahrs.o(.data)
    Ki_fc                                    0x200001a0   Data           4  ahrs.o(.data)
    roll_min                                 0x200001a4   Data           4  ahrs.o(.data)
    roll_max                                 0x200001a8   Data           4  ahrs.o(.data)
    pitch_min                                0x200001ac   Data           4  ahrs.o(.data)
    pitch_max                                0x200001b0   Data           4  ahrs.o(.data)
    yaw_min                                  0x200001b4   Data           4  ahrs.o(.data)
    yaw_max                                  0x200001b8   Data           4  ahrs.o(.data)
    Point_count                              0x200001bc   Data           1  ahrs.o(.data)
    Angle_Vehicle_yaw_smooth                 0x200001c0   Data           4  ahrs.o(.data)
    Fd_InsData_State                         0x200001c4   Data           1  motor_control.o(.data)
    Tick10ms                                 0x200001c5   Data           1  motor_control.o(.data)
    ahrs_count                               0x200001c6   Data           1  motor_control.o(.data)
    kalman_step                              0x200001c7   Data           1  motor_control.o(.data)
    system_time                              0x200001c8   Data           4  motor_control.o(.data)
    time_bit                                 0x200001cc   Data           1  motor_control.o(.data)
    debug_count                              0x200001d0   Data           4  motor_control.o(.data)
    TimeOut_Count                            0x200001d4   Data           2  motor_control.o(.data)
    roll_encoder_offset                      0x200001d8   Data           4  motor_control.o(.data)
    pitch_encoder_offset                     0x200001dc   Data           4  motor_control.o(.data)
    yaw_encoder_offset                       0x200001e0   Data           4  motor_control.o(.data)
    roll_dir                                 0x200001e4   Data           4  motor_control.o(.data)
    pitch_dir                                0x200001e8   Data           4  motor_control.o(.data)
    yaw_dir                                  0x200001ec   Data           4  motor_control.o(.data)
    pitch_encoder                            0x200001f0   Data           4  motor_control.o(.data)
    roll_encoder                             0x200001f4   Data           4  motor_control.o(.data)
    yaw_encoder                              0x200001f8   Data           4  motor_control.o(.data)
    pitch_by_encoder                         0x200001fc   Data           4  motor_control.o(.data)
    roll_by_encoder                          0x20000200   Data           4  motor_control.o(.data)
    yaw_by_encoder                           0x20000204   Data           4  motor_control.o(.data)
    cmd_value                                0x20000208   Data           1  motor_control.o(.data)
    control_mode                             0x20000209   Data           1  motor_control.o(.data)
    calib_gyroscope                          0x2000020a   Data           1  motor_control.o(.data)
    TxMessage                                0x2000020c   Data           8  can.o(.data)
    CanIDNum                                 0x20000214   Data           1  can.o(.data)
    CANIDTOFC                                0x20000218   Data           4  can.o(.data)
    tx_len1                                  0x2000021c   Data           2  can.o(.data)
    KF_F                                     0x20000458   Data         144  eskf.o(.data)
    KF_Pk                                    0x200004e8   Data         144  eskf.o(.data)
    KF_Q                                     0x20000578   Data         144  eskf.o(.data)
    KF_R                                     0x20000608   Data          36  eskf.o(.data)
    TEST                                     0x20000630   Data          11  main.o(.bss)
    TEST2                                    0x2000063b   Data          11  main.o(.bss)
    test_buff                                0x20000646   Data          11  main.o(.bss)
    Pitch_Angel_PID                          0x20000654   Data          56  app.o(.bss)
    Pitch_Speed_PID                          0x2000068c   Data          56  app.o(.bss)
    Pitch_Encoder_PID                        0x200006c4   Data          56  app.o(.bss)
    Roll_Angel_PID                           0x200006fc   Data          56  app.o(.bss)
    Roll_Speed_PID                           0x20000734   Data          56  app.o(.bss)
    Roll_Encoder_PID                         0x2000076c   Data          56  app.o(.bss)
    Yaw_Angel_PID                            0x200007a4   Data          56  app.o(.bss)
    Yaw_Angel_e_PID                          0x200007dc   Data          56  app.o(.bss)
    Yaw_Speed_PID                            0x20000814   Data          56  app.o(.bss)
    Yaw_Encoder_PID                          0x2000084c   Data          56  app.o(.bss)
    TempSpeed_PID                            0x20000884   Data          56  app.o(.bss)
    TempHeating_PID                          0x200008bc   Data          56  app.o(.bss)
    Gimbal_Config                            0x200008f4   Data          48  app.o(.bss)
    motor_speed                              0x20000924   Data          12  app.o(.bss)
    encoder                                  0x20000930   Data          12  app.o(.bss)
    target_angular_rate                      0x2000093c   Data          12  app.o(.bss)
    target_angular_rate_body                 0x20000948   Data          12  app.o(.bss)
    Rx_Buffer                                0x20000954   Data          12  usart.o(.bss)
    tx_buffer                                0x20000960   Data         128  usart.o(.bss)
    rx_buffer                                0x200009e0   Data         128  usart.o(.bss)
    Cam_buffer                               0x20000a60   Data         128  usart.o(.bss)
    Tx3_buffer                               0x20000b60   Data         128  usart.o(.bss)
    Rx3_buffer                               0x20000be0   Data         128  usart.o(.bss)
    Get_Encoder                              0x20000c60   Data          12  timer.o(.bss)
    Debug_Data                               0x20000c6c   Data          64  debug.o(.bss)
    debug_buf                                0x20000cac   Data          64  debug.o(.bss)
    gyro                                     0x20000cec   Data          12  ahrs.o(.bss)
    acc                                      0x20000cf8   Data          12  ahrs.o(.bss)
    Encoder                                  0x20000d04   Data          12  ahrs.o(.bss)
    Angle_Vehicle                            0x20000d10   Data          12  ahrs.o(.bss)
    acc_filted                               0x20000d1c   Data          12  ahrs.o(.bss)
    euler_Est                                0x20000d28   Data          12  ahrs.o(.bss)
    biasC                                    0x20000d34   Data          12  ahrs.o(.bss)
    biasC_fc                                 0x20000d40   Data          12  ahrs.o(.bss)
    bias                                     0x20000d4c   Data          12  ahrs.o(.bss)
    ReadMPU6500                              0x20000d58   Data          14  ahrs.o(.bss)
    sum_gyro                                 0x20000d68   Data          12  ahrs.o(.bss)
    GyroOffset                               0x20000d74   Data          12  ahrs.o(.bss)
    Attitude_quat                            0x20000d80   Data          16  ahrs.o(.bss)
    correction_filted                        0x20000d90   Data          12  ahrs.o(.bss)
    gyro_bias                                0x20000d9c   Data          12  ahrs.o(.bss)
    Get_USART3_Buff                          0x20000da8   Data          32  motor_control.o(.bss)
    Send_Motor                               0x20000dc8   Data          16  motor_control.o(.bss)
    Get_Motor                                0x20000dd8   Data          16  motor_control.o(.bss)
    Fd_InsData                               0x20000de8   Data          24  motor_control.o(.bss)
    current_angular_rate                     0x20000e00   Data          12  motor_control.o(.bss)
    target_quat                              0x20000e0c   Data          16  motor_control.o(.bss)
    CANTx_Buffer                             0x20000ea8   Data          12  can.o(.bss)
    CAN_Tx_buffer                            0x20000eb4   Data         128  can.o(.bss)
    KF_X_pri                                 0x20001874   Data          24  eskf.o(.bss)
    KF_Xk                                    0x2000188c   Data          24  eskf.o(.bss)
    KF_P_1                                   0x200018a4   Data         144  eskf.o(.bss)
    F_T                                      0x20001934   Data         144  eskf.o(.bss)
    KF_P_pri                                 0x200019c4   Data         144  eskf.o(.bss)
    KF_P_xr                                  0x20001a54   Data          36  eskf.o(.bss)
    KF_P_xr_inc                              0x20001a78   Data          36  eskf.o(.bss)
    KF_K                                     0x20001a9c   Data          72  eskf.o(.bss)
    KF_Zk                                    0x20001ae4   Data          12  eskf.o(.bss)
    KF_dZk                                   0x20001af0   Data          12  eskf.o(.bss)
    KF_dXk                                   0x20001afc   Data          24  eskf.o(.bss)
    KF_w                                     0x20001b14   Data          12  eskf.o(.bss)
    MotorCtrlPR                              0x20001b20   Data          28  foc.o(.bss)
    MotorCtrlY                               0x20001b3c   Data          28  foc.o(.bss)
    __initial_sp                             0x20001f58   Data           0  startup_stm32f30x.o(STACK)



==============================================================================

Memory Map of the image

  Image Entry point : 0x08000189

  Load Region LR_IROM1 (Base: 0x08000000, Size: 0x00008c7c, Max: 0x00020000, ABSOLUTE, COMPRESSED[0x00008914])

    Execution Region ER_IROM1 (Exec base: 0x08000000, Load base: 0x08000000, Size: 0x00007da8, Max: 0x00020000, ABSOLUTE)

    Exec Addr    Load Addr    Size         Type   Attr      Idx    E Section Name        Object

    0x08000000   0x08000000   0x00000188   Data   RO          388    RESET               startup_stm32f30x.o
    0x08000188   0x08000188   0x00000000   Code   RO         4293  * .ARM.Collect$$$$00000000  mc_w.l(entry.o)
    0x08000188   0x08000188   0x00000004   Code   RO         4327    .ARM.Collect$$$$00000001  mc_w.l(entry2.o)
    0x0800018c   0x0800018c   0x00000004   Code   RO         4330    .ARM.Collect$$$$00000004  mc_w.l(entry5.o)
    0x08000190   0x08000190   0x00000000   Code   RO         4332    .ARM.Collect$$$$00000008  mc_w.l(entry7b.o)
    0x08000190   0x08000190   0x00000000   Code   RO         4334    .ARM.Collect$$$$0000000A  mc_w.l(entry8b.o)
    0x08000190   0x08000190   0x00000008   Code   RO         4335    .ARM.Collect$$$$0000000B  mc_w.l(entry9a.o)
    0x08000198   0x08000198   0x00000000   Code   RO         4337    .ARM.Collect$$$$0000000D  mc_w.l(entry10a.o)
    0x08000198   0x08000198   0x00000000   Code   RO         4339    .ARM.Collect$$$$0000000F  mc_w.l(entry11a.o)
    0x08000198   0x08000198   0x00000004   Code   RO         4328    .ARM.Collect$$$$00002712  mc_w.l(entry2.o)
    0x0800019c   0x0800019c   0x00000024   Code   RO          389    .text               startup_stm32f30x.o
    0x080001c0   0x080001c0   0x00000024   Code   RO         4296    .text               mc_w.l(memcpya.o)
    0x080001e4   0x080001e4   0x00000024   Code   RO         4298    .text               mc_w.l(memseta.o)
    0x08000208   0x08000208   0x00000026   Code   RO         4302    .text               mf_w.l(f2d.o)
    0x0800022e   0x0800022e   0x00000002   PAD
    0x08000230   0x08000230   0x00000030   Code   RO         4304    .text               mf_w.l(cdcmple.o)
    0x08000260   0x08000260   0x00000038   Code   RO         4306    .text               mf_w.l(d2f.o)
    0x08000298   0x08000298   0x00000000   Code   RO         4348    .text               mc_w.l(iusefp.o)
    0x08000298   0x08000298   0x0000006e   Code   RO         4349    .text               mf_w.l(fepilogue.o)
    0x08000306   0x08000306   0x00000004   Code   RO         4351    .text               mf_w.l(fpstat.o)
    0x0800030a   0x0800030a   0x00000002   PAD
    0x0800030c   0x0800030c   0x00000024   Code   RO         4353    .text               mc_w.l(init.o)
    0x08000330   0x08000330   0x00000056   Code   RO         4363    .text               mc_w.l(__dczerorl2.o)
    0x08000386   0x08000386   0x0000000a   Ven    RO         4365    Veneer$$Code        anon$$obj.o
    0x08000390   0x08000390   0x0000000a   Ven    RO         4366    Veneer$$Code        anon$$obj.o
    0x0800039a   0x0800039a   0x0000000a   Ven    RO         4367    Veneer$$Code        anon$$obj.o
    0x080003a4   0x080003a4   0x0000000a   Ven    RO         4368    Veneer$$Code        anon$$obj.o
    0x080003ae   0x080003ae   0x0000000a   Ven    RO         4369    Veneer$$Code        anon$$obj.o
    0x080003b8   0x080003b8   0x000000b4   Code   RO         4004    i.Axis2Quat         math_common.o
    0x0800046c   0x0800046c   0x00000048   Code   RO         3640    i.BSP_CAN1_FilterConfig  can.o
    0x080004b4   0x080004b4   0x000000e8   Code   RO          296    i.Body2Motor        app.o
    0x0800059c   0x0800059c   0x00000004   Code   RO          184    i.BusFault_Handler  stm32f30x_it.o
    0x080005a0   0x080005a0   0x00000018   Code   RO         2421    i.CAN_DeInit        stm32f30x_can.o
    0x080005b8   0x080005b8   0x00000108   Code   RO         2423    i.CAN_FilterInit    stm32f30x_can.o
    0x080006c0   0x080006c0   0x00000012   Code   RO         2429    i.CAN_ITConfig      stm32f30x_can.o
    0x080006d2   0x080006d2   0x00000124   Code   RO         2430    i.CAN_Init          stm32f30x_can.o
    0x080007f6   0x080007f6   0x00000002   PAD
    0x080007f8   0x080007f8   0x00000034   Code   RO         3641    i.CAN_Para_Init     can.o
    0x0800082c   0x0800082c   0x000000f0   Code   RO         2433    i.CAN_Receive       stm32f30x_can.o
    0x0800091c   0x0800091c   0x00000020   Code   RO         2436    i.CAN_StructInit    stm32f30x_can.o
    0x0800093c   0x0800093c   0x00000126   Code   RO         2438    i.CAN_Transmit      stm32f30x_can.o
    0x08000a62   0x08000a62   0x00000002   PAD
    0x08000a64   0x08000a64   0x000000ac   Code   RO         3642    i.CanHardwareInit   can.o
    0x08000b10   0x08000b10   0x0000007c   Code   RO         3643    i.CanSend           can.o
    0x08000b8c   0x08000b8c   0x00000078   Code   RO         3644    i.CanSetBaudrate    can.o
    0x08000c04   0x08000c04   0x00000044   Code   RO          297    i.ComProtocol       app.o
    0x08000c48   0x08000c48   0x00000018   Code   RO         2339    i.DMA_Cmd           stm32f30x_dma.o
    0x08000c60   0x08000c60   0x0000014c   Code   RO         2340    i.DMA_DeInit        stm32f30x_dma.o
    0x08000dac   0x08000dac   0x0000003c   Code   RO         2345    i.DMA_Init          stm32f30x_dma.o
    0x08000de8   0x08000de8   0x00000004   Code   RO         2346    i.DMA_SetCurrDataCounter  stm32f30x_dma.o
    0x08000dec   0x08000dec   0x00000002   Code   RO          185    i.DebugMon_Handler  stm32f30x_it.o
    0x08000dee   0x08000dee   0x00000002   PAD
    0x08000df0   0x08000df0   0x0000006c   Code   RO         3019    i.Dma_rx3           usart.o
    0x08000e5c   0x08000e5c   0x00000058   Code   RO         3020    i.Dma_tx1           usart.o
    0x08000eb4   0x08000eb4   0x00000058   Code   RO         3022    i.Dma_tx3           usart.o
    0x08000f0c   0x08000f0c   0x0000001c   Code   RO         3291    i.EXTI0_IRQHandler  gpio_config.o
    0x08000f28   0x08000f28   0x0000001c   Code   RO         1086    i.EXTI_ClearITPendingBit  stm32f30x_exti.o
    0x08000f44   0x08000f44   0x00000048   Code   RO         1090    i.EXTI_GetITStatus  stm32f30x_exti.o
    0x08000f8c   0x08000f8c   0x0000016c   Code   RO         1091    i.EXTI_Init         stm32f30x_exti.o
    0x080010f8   0x080010f8   0x000000e8   Code   RO         4005    i.Euler2Quat        math_common.o
    0x080011e0   0x080011e0   0x000000e8   Code   RO         4006    i.Euler2Quat_G      math_common.o
    0x080012c8   0x080012c8   0x00000064   Code   RO         3361    i.Filter_LP_IIR_1   ahrs.o
    0x0800132c   0x0800132c   0x00000090   Code   RO          396    i.GPIO_Init         stm32f30x_gpio.o
    0x080013bc   0x080013bc   0x00000046   Code   RO          397    i.GPIO_PinAFConfig  stm32f30x_gpio.o
    0x08001402   0x08001402   0x00000012   Code   RO          400    i.GPIO_ReadInputDataBit  stm32f30x_gpio.o
    0x08001414   0x08001414   0x00000004   Code   RO          403    i.GPIO_ResetBits    stm32f30x_gpio.o
    0x08001418   0x08001418   0x00000004   Code   RO          404    i.GPIO_SetBits      stm32f30x_gpio.o
    0x0800141c   0x0800141c   0x00000016   Code   RO          405    i.GPIO_StructInit   stm32f30x_gpio.o
    0x08001432   0x08001432   0x00000002   PAD
    0x08001434   0x08001434   0x000001b4   Code   RO         3141    i.G_LED_Status      led.o
    0x080015e8   0x080015e8   0x000000e8   Code   RO         3362    i.Get_Encoder_Quat  ahrs.o
    0x080016d0   0x080016d0   0x00000074   Code   RO         3363    i.Get_Vehicle_Attitude  ahrs.o
    0x08001744   0x08001744   0x00000688   Code   RO         3569    i.Gimbal_Control    motor_control.o
    0x08001dcc   0x08001dcc   0x0000008c   Code   RO          298    i.Gimbal_Init       app.o
    0x08001e58   0x08001e58   0x00000070   Code   RO         3292    i.Gpio_Exti         gpio_config.o
    0x08001ec8   0x08001ec8   0x000000ec   Code   RO         3293    i.Gpio_config       gpio_config.o
    0x08001fb4   0x08001fb4   0x00000004   Code   RO          186    i.HardFault_Handler  stm32f30x_it.o
    0x08001fb8   0x08001fb8   0x000000a4   Code   RO         3228    i.Heating_Drive     timer.o
    0x0800205c   0x0800205c   0x000001b8   Code   RO         3364    i.IMU_Update        ahrs.o
    0x08002214   0x08002214   0x000001dc   Code   RO         4102    i.KF_FeedBack       eskf.o
    0x080023f0   0x080023f0   0x00000128   Code   RO         4103    i.KF_Set_F          eskf.o
    0x08002518   0x08002518   0x0000004c   Code   RO         3142    i.LED_Init          led.o
    0x08002564   0x08002564   0x000000c8   Code   RO         3176    i.MPU6500_Init      mpu6500.o
    0x0800262c   0x0800262c   0x00000030   Code   RO         3177    i.MPU6500_Read_Reg  mpu6500.o
    0x0800265c   0x0800265c   0x00000030   Code   RO         3178    i.MPU6500_Write_Reg  mpu6500.o
    0x0800268c   0x0800268c   0x00000092   Code   RO         3365    i.MS_Attitude_Acconly  ahrs.o
    0x0800271e   0x0800271e   0x00000002   PAD
    0x08002720   0x08002720   0x00000688   Code   RO         4104    i.MS_Attitude_ESKF_Bias_FC  eskf.o
    0x08002da8   0x08002da8   0x0000006a   Code   RO         3368    i.MS_Attitude_GyroIntegral  ahrs.o
    0x08002e12   0x08002e12   0x00000002   PAD
    0x08002e14   0x08002e14   0x00000078   Code   RO         4007    i.Mat66mul          math_common.o
    0x08002e8c   0x08002e8c   0x00000040   Code   RO         4008    i.Mat_T66           math_common.o
    0x08002ecc   0x08002ecc   0x00000004   Code   RO          187    i.MemManage_Handler  stm32f30x_it.o
    0x08002ed0   0x08002ed0   0x00000002   Code   RO          188    i.NMI_Handler       stm32f30x_it.o
    0x08002ed2   0x08002ed2   0x00000002   PAD
    0x08002ed4   0x08002ed4   0x00000070   Code   RO          835    i.NVIC_Init         stm32f30x_misc.o
    0x08002f44   0x08002f44   0x00000198   Code   RO         3329    i.Oscilloscope      debug.o
    0x080030dc   0x080030dc   0x000002d8   Code   RO          299    i.PID_Para_Init     app.o
    0x080033b4   0x080033b4   0x0000000c   Code   RO         2580    i.PWR_BackupAccessCmd  stm32f30x_pwr.o
    0x080033c0   0x080033c0   0x0000003c   Code   RO          300    i.Para_Init         app.o
    0x080033fc   0x080033fc   0x00000002   Code   RO          189    i.PendSV_Handler    stm32f30x_it.o
    0x080033fe   0x080033fe   0x00000002   PAD
    0x08003400   0x08003400   0x000000b0   Code   RO         4009    i.Quat2Axis         math_common.o
    0x080034b0   0x080034b0   0x000000d8   Code   RO         4011    i.Quat2Euler_G      math_common.o
    0x08003588   0x08003588   0x0000012a   Code   RO         4012    i.Quat2Mat          math_common.o
    0x080036b2   0x080036b2   0x000000e2   Code   RO         4013    i.Quat_Prod         math_common.o
    0x08003794   0x08003794   0x00000020   Code   RO          488    i.RCC_AHBPeriphClockCmd  stm32f30x_rcc.o
    0x080037b4   0x080037b4   0x00000020   Code   RO          490    i.RCC_APB1PeriphClockCmd  stm32f30x_rcc.o
    0x080037d4   0x080037d4   0x00000020   Code   RO          491    i.RCC_APB1PeriphResetCmd  stm32f30x_rcc.o
    0x080037f4   0x080037f4   0x00000020   Code   RO          492    i.RCC_APB2PeriphClockCmd  stm32f30x_rcc.o
    0x08003814   0x08003814   0x00000020   Code   RO          493    i.RCC_APB2PeriphResetCmd  stm32f30x_rcc.o
    0x08003834   0x08003834   0x00000448   Code   RO          500    i.RCC_GetClocksFreq  stm32f30x_rcc.o
    0x08003c7c   0x08003c7c   0x0000000c   Code   RO          519    i.RCC_RTCCLKCmd     stm32f30x_rcc.o
    0x08003c88   0x08003c88   0x0000001c   Code   RO         2705    i.RTC_WriteBackupRegister  stm32f30x_rtc.o
    0x08003ca4   0x08003ca4   0x00000120   Code   RO         3143    i.R_LED_Status      led.o
    0x08003dc4   0x08003dc4   0x00000038   Code   RO         3179    i.Read_MPU6500      mpu6500.o
    0x08003dfc   0x08003dfc   0x00000118   Code   RO         3180    i.SPI3_Init         mpu6500.o
    0x08003f14   0x08003f14   0x00000050   Code   RO         3181    i.SPI3_ReadWriteByte  mpu6500.o
    0x08003f64   0x08003f64   0x00000018   Code   RO          886    i.SPI_Cmd           stm32f30x_spi.o
    0x08003f7c   0x08003f7c   0x00000058   Code   RO          894    i.SPI_I2S_DeInit    stm32f30x_spi.o
    0x08003fd4   0x08003fd4   0x00000012   Code   RO          895    i.SPI_I2S_GetFlagStatus  stm32f30x_spi.o
    0x08003fe6   0x08003fe6   0x00000082   Code   RO          900    i.SPI_Init          stm32f30x_spi.o
    0x08004068   0x08004068   0x0000001e   Code   RO          902    i.SPI_NSSInternalSoftwareConfig  stm32f30x_spi.o
    0x08004086   0x08004086   0x0000000c   Code   RO          904    i.SPI_ReceiveData8  stm32f30x_spi.o
    0x08004092   0x08004092   0x00000012   Code   RO          905    i.SPI_RxFIFOThresholdConfig  stm32f30x_spi.o
    0x080040a4   0x080040a4   0x0000000a   Code   RO          907    i.SPI_SendData8     stm32f30x_spi.o
    0x080040ae   0x080040ae   0x00000002   Code   RO          190    i.SVC_Handler       stm32f30x_it.o
    0x080040b0   0x080040b0   0x00000140   Code   RO         3537    i.SVPWM1_Init       motor_tim.o
    0x080041f0   0x080041f0   0x00000140   Code   RO         3538    i.SVPWM8_Init       motor_tim.o
    0x08004330   0x08004330   0x00000040   Code   RO          742    i.SYSCFG_EXTILineConfig  stm32f30x_syscfg.o
    0x08004370   0x08004370   0x00000068   Code   RO         3570    i.SendMotor         motor_control.o
    0x080043d8   0x080043d8   0x000000c4   Code   RO          259    i.SetSysClock       system_stm32f30x.o
    0x0800449c   0x0800449c   0x00000060   Code   RO         3645    i.StdCanSetID       can.o
    0x080044fc   0x080044fc   0x00000028   Code   RO          839    i.SysTick_CLKSourceConfig  stm32f30x_misc.o
    0x08004524   0x08004524   0x00000002   Code   RO          191    i.SysTick_Handler   stm32f30x_it.o
    0x08004526   0x08004526   0x00000002   PAD
    0x08004528   0x08004528   0x00000084   Code   RO          261    i.SystemInit        system_stm32f30x.o
    0x080045ac   0x080045ac   0x00000030   Code   RO         1147    i.TI1_Config        stm32f30x_tim.o
    0x080045dc   0x080045dc   0x00000042   Code   RO         1148    i.TI2_Config        stm32f30x_tim.o
    0x0800461e   0x0800461e   0x0000004c   Code   RO         1149    i.TI3_Config        stm32f30x_tim.o
    0x0800466a   0x0800466a   0x00000054   Code   RO         1150    i.TI4_Config        stm32f30x_tim.o
    0x080046be   0x080046be   0x00000002   PAD
    0x080046c0   0x080046c0   0x000000dc   Code   RO         3229    i.TIM15_PWM_Init    timer.o
    0x0800479c   0x0800479c   0x000000a8   Code   RO         3230    i.TIM1_BRK_TIM15_IRQHandler  timer.o
    0x08004844   0x08004844   0x000000e8   Code   RO         3231    i.TIM2_IRQHandler   timer.o
    0x0800492c   0x0800492c   0x000000e4   Code   RO         3232    i.TIM2_PWM_Init     timer.o
    0x08004a10   0x08004a10   0x0000001c   Code   RO         3233    i.TIM4_IRQHandler   timer.o
    0x08004a2c   0x08004a2c   0x00000068   Code   RO         3234    i.TIM4_Int_Init     timer.o
    0x08004a94   0x08004a94   0x00000018   Code   RO         1151    i.TIM_ARRPreloadConfig  stm32f30x_tim.o
    0x08004aac   0x08004aac   0x00000008   Code   RO         1161    i.TIM_ClearFlag     stm32f30x_tim.o
    0x08004ab4   0x08004ab4   0x00000008   Code   RO         1162    i.TIM_ClearITPendingBit  stm32f30x_tim.o
    0x08004abc   0x08004abc   0x00000018   Code   RO         1169    i.TIM_Cmd           stm32f30x_tim.o
    0x08004ad4   0x08004ad4   0x00000016   Code   RO         1171    i.TIM_CtrlPWMOutputs  stm32f30x_tim.o
    0x08004aea   0x08004aea   0x00000002   PAD
    0x08004aec   0x08004aec   0x00000120   Code   RO         1174    i.TIM_DeInit        stm32f30x_tim.o
    0x08004c0c   0x08004c0c   0x00000006   Code   RO         1186    i.TIM_GetCapture1   stm32f30x_tim.o
    0x08004c12   0x08004c12   0x00000006   Code   RO         1187    i.TIM_GetCapture2   stm32f30x_tim.o
    0x08004c18   0x08004c18   0x00000022   Code   RO         1192    i.TIM_GetITStatus   stm32f30x_tim.o
    0x08004c3a   0x08004c3a   0x0000006e   Code   RO         1194    i.TIM_ICInit        stm32f30x_tim.o
    0x08004ca8   0x08004ca8   0x00000018   Code   RO         1196    i.TIM_ITConfig      stm32f30x_tim.o
    0x08004cc0   0x08004cc0   0x00000090   Code   RO         1200    i.TIM_OC1Init       stm32f30x_tim.o
    0x08004d50   0x08004d50   0x00000010   Code   RO         1203    i.TIM_OC1PreloadConfig  stm32f30x_tim.o
    0x08004d60   0x08004d60   0x00000080   Code   RO         1205    i.TIM_OC2Init       stm32f30x_tim.o
    0x08004de0   0x08004de0   0x00000012   Code   RO         1208    i.TIM_OC2PreloadConfig  stm32f30x_tim.o
    0x08004df2   0x08004df2   0x00000002   PAD
    0x08004df4   0x08004df4   0x0000007c   Code   RO         1210    i.TIM_OC3Init       stm32f30x_tim.o
    0x08004e70   0x08004e70   0x00000010   Code   RO         1213    i.TIM_OC3PreloadConfig  stm32f30x_tim.o
    0x08004e80   0x08004e80   0x00000014   Code   RO         1224    i.TIM_OCStructInit  stm32f30x_tim.o
    0x08004e94   0x08004e94   0x0000007c   Code   RO         1225    i.TIM_PWMIConfig    stm32f30x_tim.o
    0x08004f10   0x08004f10   0x00000014   Code   RO         1234    i.TIM_SelectInputTrigger  stm32f30x_tim.o
    0x08004f24   0x08004f24   0x00000012   Code   RO         1235    i.TIM_SelectMasterSlaveMode  stm32f30x_tim.o
    0x08004f36   0x08004f36   0x00000002   PAD
    0x08004f38   0x08004f38   0x00000014   Code   RO         1241    i.TIM_SelectSlaveMode  stm32f30x_tim.o
    0x08004f4c   0x08004f4c   0x00000004   Code   RO         1244    i.TIM_SetCompare1   stm32f30x_tim.o
    0x08004f50   0x08004f50   0x00000010   Code   RO         1251    i.TIM_SetIC1Prescaler  stm32f30x_tim.o
    0x08004f60   0x08004f60   0x00000012   Code   RO         1252    i.TIM_SetIC2Prescaler  stm32f30x_tim.o
    0x08004f72   0x08004f72   0x00000012   Code   RO         1253    i.TIM_SetIC3Prescaler  stm32f30x_tim.o
    0x08004f84   0x08004f84   0x0000001a   Code   RO         1254    i.TIM_SetIC4Prescaler  stm32f30x_tim.o
    0x08004f9e   0x08004f9e   0x00000002   PAD
    0x08004fa0   0x08004fa0   0x00000098   Code   RO         1256    i.TIM_TimeBaseInit  stm32f30x_tim.o
    0x08005038   0x08005038   0x00000012   Code   RO         1257    i.TIM_TimeBaseStructInit  stm32f30x_tim.o
    0x0800504a   0x0800504a   0x00000002   PAD
    0x0800504c   0x0800504c   0x00000040   Code   RO         3571    i.Task10ms          motor_control.o
    0x0800508c   0x0800508c   0x00000044   Code   RO         3027    i.UART1_SendDataDMA  usart.o
    0x080050d0   0x080050d0   0x00000044   Code   RO         3029    i.UART3_SendDataDMA  usart.o
    0x08005114   0x08005114   0x00000074   Code   RO         3030    i.USART1_init       usart.o
    0x08005188   0x08005188   0x00000030   Code   RO         3031    i.USART2_IRQHandler  usart.o
    0x080051b8   0x080051b8   0x00000064   Code   RO         3033    i.USART3_IRQHandler  usart.o
    0x0800521c   0x0800521c   0x000000e0   Code   RO         3034    i.USART3_init       usart.o
    0x080052fc   0x080052fc   0x00000004   Code   RO         1844    i.USART_ClearFlag   stm32f30x_usart.o
    0x08005300   0x08005300   0x00000016   Code   RO         1848    i.USART_Cmd         stm32f30x_usart.o
    0x08005316   0x08005316   0x00000012   Code   RO         1851    i.USART_DMACmd      stm32f30x_usart.o
    0x08005328   0x08005328   0x0000004a   Code   RO         1857    i.USART_GetITStatus  stm32f30x_usart.o
    0x08005372   0x08005372   0x0000003a   Code   RO         1859    i.USART_ITConfig    stm32f30x_usart.o
    0x080053ac   0x080053ac   0x000000ec   Code   RO         1860    i.USART_Init        stm32f30x_usart.o
    0x08005498   0x08005498   0x0000007c   Code   RO         3646    i.USB_LP_CAN1_RX0_IRQHandler  can.o
    0x08005514   0x08005514   0x00000004   Code   RO          192    i.UsageFault_Handler  stm32f30x_it.o
    0x08005518   0x08005518   0x0000001a   Code   RO         3750    i.XorData           superx_ii_api.o
    0x08005532   0x08005532   0x00000026   Code   RO         4308    i.__ARM_fpclassifyf  m_wm.l(fpclassifyf.o)
    0x08005558   0x08005558   0x00000118   Code   RO         4201    i.__hardfp_acosf    m_wm.l(acosf.o)
    0x08005670   0x08005670   0x0000012c   Code   RO         4213    i.__hardfp_asinf    m_wm.l(asinf.o)
    0x0800579c   0x0800579c   0x00000250   Code   RO         4225    i.__hardfp_atan2f   m_wm.l(atan2f.o)
    0x080059ec   0x080059ec   0x00000150   Code   RO         4237    i.__hardfp_cosf     m_wm.l(cosf.o)
    0x08005b3c   0x08005b3c   0x00000014   Code   RO         4249    i.__hardfp_fabs     m_wm.l(fabs.o)
    0x08005b50   0x08005b50   0x00000664   Code   RO         4255    i.__hardfp_powf     m_wm.l(powf.o)
    0x080061b4   0x080061b4   0x00000190   Code   RO         4269    i.__hardfp_sinf     m_wm.l(sinf.o)
    0x08006344   0x08006344   0x0000003a   Code   RO         4281    i.__hardfp_sqrtf    m_wm.l(sqrtf.o)
    0x0800637e   0x0800637e   0x00000002   PAD
    0x08006380   0x08006380   0x00000014   Code   RO         4310    i.__mathlib_flt_divzero  m_wm.l(funder.o)
    0x08006394   0x08006394   0x00000006   Code   RO         4311    i.__mathlib_flt_infnan  m_wm.l(funder.o)
    0x0800639a   0x0800639a   0x00000006   Code   RO         4312    i.__mathlib_flt_infnan2  m_wm.l(funder.o)
    0x080063a0   0x080063a0   0x00000010   Code   RO         4313    i.__mathlib_flt_invalid  m_wm.l(funder.o)
    0x080063b0   0x080063b0   0x00000010   Code   RO         4314    i.__mathlib_flt_overflow  m_wm.l(funder.o)
    0x080063c0   0x080063c0   0x00000010   Code   RO         4316    i.__mathlib_flt_underflow  m_wm.l(funder.o)
    0x080063d0   0x080063d0   0x00000154   Code   RO         4324    i.__mathlib_rredf2  m_wm.l(rredf.o)
    0x08006524   0x08006524   0x0000000e   Code   RO         4357    i.__scatterload_copy  mc_w.l(handlers.o)
    0x08006532   0x08006532   0x00000002   Code   RO         4358    i.__scatterload_null  mc_w.l(handlers.o)
    0x08006534   0x08006534   0x0000000e   Code   RO         4359    i.__scatterload_zeroinit  mc_w.l(handlers.o)
    0x08006542   0x08006542   0x00000002   PAD
    0x08006544   0x08006544   0x0000000c   Code   RO         4343    i.__set_errno       mc_w.l(errno.o)
    0x08006550   0x08006550   0x00000094   Code   RO         3751    i.api_auto_load_data  superx_ii_api.o
    0x080065e4   0x080065e4   0x00000020   Code   RO         3756    i.api_init          superx_ii_api.o
    0x08006604   0x08006604   0x000000bc   Code   RO         3758    i.api_loop          superx_ii_api.o
    0x080066c0   0x080066c0   0x00000024   Code   RO         3572    i.api_on_data_returned  motor_control.o
    0x080066e4   0x080066e4   0x00000002   Code   RO         3762    i.api_on_data_set   superx_ii_api.o
    0x080066e6   0x080066e6   0x00000002   Code   RO         3763    i.api_on_message_received  superx_ii_api.o
    0x080066e8   0x080066e8   0x00000002   Code   RO         3764    i.api_on_modulelist_received  superx_ii_api.o
    0x080066ea   0x080066ea   0x00000002   PAD
    0x080066ec   0x080066ec   0x00000060   Code   RO         3647    i.api_on_upgrade    can.o
    0x0800674c   0x0800674c   0x00000002   Code   RO         3766    i.api_on_upgrade_finsh  superx_ii_api.o
    0x0800674e   0x0800674e   0x00000002   Code   RO         3767    i.api_on_upgrade_pack  superx_ii_api.o
    0x08006750   0x08006750   0x00000002   Code   RO         3768    i.api_on_upgrade_requst  superx_ii_api.o
    0x08006752   0x08006752   0x00000002   Code   RO         3769    i.api_on_upgrade_status_returned  superx_ii_api.o
    0x08006754   0x08006754   0x0000001a   Code   RO         3770    i.api_port_received  superx_ii_api.o
    0x0800676e   0x0800676e   0x00000010   Code   RO         3573    i.api_port_send     motor_control.o
    0x0800677e   0x0800677e   0x00000002   PAD
    0x08006780   0x08006780   0x0000003c   Code   RO         3777    i.api_tx_checksum   superx_ii_api.o
    0x080067bc   0x080067bc   0x00000084   Code   RO         3778    i.api_tx_init       superx_ii_api.o
    0x08006840   0x08006840   0x00000180   Code   RO         3574    i.cal_encoder_angle  motor_control.o
    0x080069c0   0x080069c0   0x0000002a   Code   RO         3575    i.can_receive       motor_control.o
    0x080069ea   0x080069ea   0x00000002   PAD
    0x080069ec   0x080069ec   0x00000024   Code   RO         3648    i.can_serial_available  can.o
    0x08006a10   0x08006a10   0x00000028   Code   RO         3650    i.can_serial_read_char  can.o
    0x08006a38   0x08006a38   0x0000001c   Code   RO         3651    i.can_serial_write  can.o
    0x08006a54   0x08006a54   0x0000011c   Code   RO         3652    i.can_transmit      can.o
    0x08006b70   0x08006b70   0x0000002c   Code   RO         3653    i.can_tx_available  can.o
    0x08006b9c   0x08006b9c   0x0000002c   Code   RO         3654    i.can_tx_buf        can.o
    0x08006bc8   0x08006bc8   0x00000026   Code   RO         4014    i.conjugate         math_common.o
    0x08006bee   0x08006bee   0x00000002   PAD
    0x08006bf0   0x08006bf0   0x00000024   Code   RO         3781    i.crc16             superx_ii_api.o
    0x08006c14   0x08006c14   0x00000034   Code   RO         3782    i.crc_ccitt         superx_ii_api.o
    0x08006c48   0x08006c48   0x000000f0   Code   RO          302    i.ctrl_Attitude_Q   app.o
    0x08006d38   0x08006d38   0x000000a4   Code   RO          304    i.ctrl_angular_velocity  app.o
    0x08006ddc   0x08006ddc   0x0000003c   Code   RO         2984    i.delay_init        delay.o
    0x08006e18   0x08006e18   0x0000003c   Code   RO         2985    i.delay_ms          delay.o
    0x08006e54   0x08006e54   0x0000003c   Code   RO         2986    i.delay_us          delay.o
    0x08006e90   0x08006e90   0x00000074   Code   RO         3370    i.init_MS_Attitude  ahrs.o
    0x08006f04   0x08006f04   0x000000de   Code   RO         4015    i.integral          math_common.o
    0x08006fe2   0x08006fe2   0x00000002   PAD
    0x08006fe4   0x08006fe4   0x0000006c   Code   RO            3    i.main              main.o
    0x08007050   0x08007050   0x00000020   Code   RO         3979    i.mcu_get_uid       cpu.o
    0x08007070   0x08007070   0x00000048   Code   RO         3783    i.module_heartbeat  superx_ii_api.o
    0x080070b8   0x080070b8   0x000001fc   Code   RO         3784    i.module_parse_frame  superx_ii_api.o
    0x080072b4   0x080072b4   0x0000012c   Code   RO         3785    i.module_register   superx_ii_api.o
    0x080073e0   0x080073e0   0x000005d4   Code   RO         3786    i.module_response   superx_ii_api.o
    0x080079b4   0x080079b4   0x00000082   Code   RO         4016    i.normalize         math_common.o
    0x08007a36   0x08007a36   0x00000002   PAD
    0x08007a38   0x08007a38   0x0000019c   Code   RO         3371    i.set_target_attitude  ahrs.o
    0x08007bd4   0x08007bd4   0x0000003e   Code   RO         4283    i.sqrtf             m_wm.l(sqrtf.o)
    0x08007c12   0x08007c12   0x00000002   PAD
    0x08007c14   0x08007c14   0x00000004   Data   RO         4106    .constdata          eskf.o
    0x08007c18   0x08007c18   0x00000140   Data   RO         4258    .constdata          m_wm.l(powf.o)
    0x08007d58   0x08007d58   0x00000020   Data   RO         4325    .constdata          m_wm.l(rredf.o)
    0x08007d78   0x08007d78   0x00000030   Data   RO         4355    Region$$Table       anon$$obj.o


    Execution Region RW_IRAM2 (Exec base: 0x10000000, Load base: 0x08008070, Size: 0x000008a4, Max: 0x00002000, ABSOLUTE)

    Exec Addr    Load Addr    Size         Type   Attr      Idx    E Section Name        Object

    0x10000000   0x08008070   0x0000000a   Ven    RO         4370    Veneer$$Code        anon$$obj.o
    0x1000000a   0x0800807a   0x0000000a   Ven    RO         4371    Veneer$$Code        anon$$obj.o
    0x10000014   0x08008084   0x0000000a   Ven    RO         4372    Veneer$$Code        anon$$obj.o
    0x1000001e   0x0800808e   0x0000000a   Ven    RO         4373    Veneer$$Code        anon$$obj.o
    0x10000028   0x08008098   0x0000000a   Ven    RO         4374    Veneer$$Code        anon$$obj.o
    0x10000032   0x080080a2   0x0000000a   Ven    RO         4375    Veneer$$Code        anon$$obj.o
    0x1000003c   0x080080ac   0x0000000a   Ven    RO         4376    Veneer$$Code        anon$$obj.o
    0x10000046   0x080080b6   0x0000000a   Ven    RO         4377    Veneer$$Code        anon$$obj.o
    0x10000050   0x080080c0   0x00000230   Code   RO          305    ramfunc             app.o
    0x10000280   0x080082f0   0x00000044   Code   RO         3379    ramfunc             ahrs.o
    0x100002c4   0x08008334   0x00000034   Code   RO         3539    ramfunc             motor_tim.o
    0x100002f8   0x08008368   0x000005ac   Code   RO         4150    ramfunc             FOC_LIB.lib(foc.o)


    Execution Region RW_IRAM1 (Exec base: 0x20000000, Load base: 0x08007da8, Size: 0x00001f58, Max: 0x0000a000, ABSOLUTE, COMPRESSED[0x000002c8])

    Exec Addr    Load Addr    Size         Type   Attr      Idx    E Section Name        Object

    0x20000000   COMPRESSED   0x0000000e   Data   RW            5    .data               main.o
    0x2000000e   COMPRESSED   0x00000002   PAD
    0x20000010   COMPRESSED   0x00000021   Data   RW          307    .data               app.o
    0x20000031   COMPRESSED   0x00000001   PAD
    0x20000032   COMPRESSED   0x0000002a   Data   RW          526    .data               stm32f30x_rcc.o
    0x2000005c   COMPRESSED   0x00000004   Data   RW         2987    .data               delay.o
    0x20000060   COMPRESSED   0x00000002   Data   RW         3036    .data               usart.o
    0x20000062   COMPRESSED   0x00000004   Data   RW         3144    .data               led.o
    0x20000066   COMPRESSED   0x00000001   Data   RW         3182    .data               mpu6500.o
    0x20000067   COMPRESSED   0x00000001   PAD
    0x20000068   COMPRESSED   0x00000010   Data   RW         3236    .data               timer.o
    0x20000078   COMPRESSED   0x00000002   Data   RW         3294    .data               gpio_config.o
    0x2000007a   COMPRESSED   0x00000043   Data   RW         3331    .data               debug.o
    0x200000bd   COMPRESSED   0x00000003   PAD
    0x200000c0   COMPRESSED   0x00000104   Data   RW         3382    .data               ahrs.o
    0x200001c4   COMPRESSED   0x00000047   Data   RW         3577    .data               motor_control.o
    0x2000020b   COMPRESSED   0x00000001   PAD
    0x2000020c   COMPRESSED   0x00000012   Data   RW         3656    .data               can.o
    0x2000021e   COMPRESSED   0x00000002   PAD
    0x20000220   COMPRESSED   0x00000238   Data   RW         3788    .data               superx_ii_api.o
    0x20000458   COMPRESSED   0x000001d4   Data   RW         4107    .data               eskf.o
    0x2000062c   COMPRESSED   0x00000004   Data   RW         4344    .data               mc_w.l(errno.o)
    0x20000630        -       0x00000021   Zero   RW            4    .bss                main.o
    0x20000651   COMPRESSED   0x00000003   PAD
    0x20000654        -       0x00000300   Zero   RW          306    .bss                app.o
    0x20000954        -       0x0000030c   Zero   RW         3035    .bss                usart.o
    0x20000c60        -       0x0000000c   Zero   RW         3235    .bss                timer.o
    0x20000c6c        -       0x00000080   Zero   RW         3330    .bss                debug.o
    0x20000cec        -       0x000000bc   Zero   RW         3380    .bss                ahrs.o
    0x20000da8        -       0x00000074   Zero   RW         3576    .bss                motor_control.o
    0x20000e1c        -       0x00000118   Zero   RW         3655    .bss                can.o
    0x20000f34        -       0x0000093d   Zero   RW         3787    .bss                superx_ii_api.o
    0x20001871   COMPRESSED   0x00000003   PAD
    0x20001874        -       0x000002ac   Zero   RW         4105    .bss                eskf.o
    0x20001b20        -       0x00000038   Zero   RW         4151    .bss                FOC_LIB.lib(foc.o)
    0x20001b58        -       0x00000400   Zero   RW          386    STACK               startup_stm32f30x.o


==============================================================================

Image component sizes


      Code (inc. data)   RO Data    RW Data    ZI Data      Debug   Object Name

      1736        132          0        260        188       9727   ahrs.o
      2192        156          0         33        768       9796   app.o
      1332         98          0         18        280      34506   can.o
        32         16          0          0          0        474   cpu.o
       408         46          0         67        128       1812   debug.o
       180         16          0          4          0       1783   delay.o
      2444        122          4        468        684       4647   eskf.o
       376         12          0          2          0       2047   gpio_config.o
       800         26          0          4          0       2211   led.o
       108         14          0         14         33     302716   main.o
      2134         20          0          0          0       8862   math_common.o
      2318        304          0         71        116       7836   motor_control.o
       692         22          0          0          0       2254   motor_tim.o
       712         20          0          1          0       4252   mpu6500.o
        36          8        392          0       1024        824   startup_stm32f30x.o
      1164          6          0          0          0       5738   stm32f30x_can.o
       420          8          0          0          0       4127   stm32f30x_dma.o
       464         22          0          0          0       2288   stm32f30x_exti.o
       262          0          0          0          0       4233   stm32f30x_gpio.o
        26          0          0          0          0       3882   stm32f30x_it.o
       152         12          0          0          0       1694   stm32f30x_misc.o
        12          6          0          0          0        550   stm32f30x_pwr.o
      1268         56          0         42          0       6768   stm32f30x_rcc.o
        28          4          0          0          0       1682   stm32f30x_rtc.o
       330         12          0          0          0       5465   stm32f30x_spi.o
        64          4          0          0          0        676   stm32f30x_syscfg.o
      1728        124          0          0          0      22201   stm32f30x_tim.o
       412         16          0          0          0       5051   stm32f30x_usart.o
      3086        180          0        568       2365      16300   superx_ii_api.o
       328         28          0          0          0       1361   system_stm32f30x.o
      1144         84          0         16         12       5454   timer.o
       908        126          0          2        780       6681   usart.o

    ----------------------------------------------------------------------
     27468       1700        444       1580       6384     487898   Object Totals
       130          0         48          0          0          0   (incl. Generated)
        42          0          0         10          6          0   (incl. Padding)

    ----------------------------------------------------------------------

      Code (inc. data)   RO Data    RW Data    ZI Data      Debug   Library Member Name

      1452         46          0          0         56       3837   foc.o
       280         46          0          0          0        176   acosf.o
       300         42          0          0          0        176   asinf.o
       592         90          0          0          0        184   atan2f.o
       336         56          0          0          0        136   cosf.o
        20          0          0          0          0        124   fabs.o
        38          0          0          0          0        116   fpclassifyf.o
        80         24          0          0          0        696   funder.o
      1636        110        320          0          0        372   powf.o
       340         24         32          0          0        160   rredf.o
       400         56          0          0          0        212   sinf.o
       120          0          0          0          0        272   sqrtf.o
        86          0          0          0          0          0   __dczerorl2.o
         0          0          0          0          0          0   entry.o
         0          0          0          0          0          0   entry10a.o
         0          0          0          0          0          0   entry11a.o
         8          4          0          0          0          0   entry2.o
         4          0          0          0          0          0   entry5.o
         0          0          0          0          0          0   entry7b.o
         0          0          0          0          0          0   entry8b.o
         8          4          0          0          0          0   entry9a.o
        12          6          0          4          0         68   errno.o
        30          0          0          0          0          0   handlers.o
        36          8          0          0          0         68   init.o
         0          0          0          0          0          0   iusefp.o
        36          0          0          0          0         68   memcpya.o
        36          0          0          0          0        108   memseta.o
        48          0          0          0          0         68   cdcmple.o
        56          0          0          0          0         88   d2f.o
        38          0          0          0          0         68   f2d.o
       110          0          0          0          0        168   fepilogue.o
         4          0          0          0          0         68   fpstat.o

    ----------------------------------------------------------------------
      6116        516        352          4         56       7233   Library Totals
        10          0          0          0          0          0   (incl. Padding)

    ----------------------------------------------------------------------

      Code (inc. data)   RO Data    RW Data    ZI Data      Debug   Library Name

      1452         46          0          0         56       3837   FOC_LIB.lib
      4142        448        352          0          0       2624   m_wm.l
       256         22          0          4          0        312   mc_w.l
       256          0          0          0          0        460   mf_w.l

    ----------------------------------------------------------------------
      6116        516        352          4         56       7233   Library Totals

    ----------------------------------------------------------------------

==============================================================================


      Code (inc. data)   RO Data    RW Data    ZI Data      Debug   

     33584       2216        796       1584       6440     474455   Grand Totals
     33584       2216        796        712       6440     474455   ELF Image Totals (compressed)
     33584       2216        796        712          0          0   ROM Totals

==============================================================================

    Total RO  Size (Code + RO Data)                34380 (  33.57kB)
    Total RW  Size (RW Data + ZI Data)              8024 (   7.84kB)
    Total ROM Size (Code + RO Data + RW Data)      35092 (  34.27kB)

==============================================================================

