Component: ARM Compiler 5.06 update 6 (build 750) Tool: armlink [4d35ed]

==============================================================================

Section Cross References

    main.o(i.main) refers to delay.o(i.delay_init) for delay_init
    main.o(i.main) refers to app.o(i.Gimbal_Init) for Gimbal_Init
    main.o(i.main) refers to delay.o(i.delay_ms) for delay_ms
    main.o(i.main) refers to ahrs.o(i.init_MS_Attitude) for init_MS_Attitude
    main.o(i.main) refers to motor_control.o(i.Gimbal_Control) for Gimbal_Control
    main.o(i.main) refers to main.o(.bss) for test_buff
    main.o(i.main) refers to main.o(.data) for test_len2
    system_stm32f30x.o(i.SystemCoreClockUpdate) refers to system_stm32f30x.o(.data) for SystemCoreClock
    system_stm32f30x.o(i.SystemInit) refers to system_stm32f30x.o(i.SetSysClock) for SetSysClock
    app.o(i.ComProtocol) refers to cpu.o(i.mcu_get_uid) for mcu_get_uid
    app.o(i.ComProtocol) refers to memseta.o(.text) for __aeabi_memclr4
    app.o(i.ComProtocol) refers to superx_ii_api.o(i.api_init) for api_init
    app.o(i.ComProtocol) refers to app.o(.bss) for Gimbal_Config
    app.o(i.Gimbal_Init) refers to app.o(i.Para_Init) for Para_Init
    app.o(i.Gimbal_Init) refers to gpio_config.o(i.Gpio_config) for Gpio_config
    app.o(i.Gimbal_Init) refers to led.o(i.LED_Init) for LED_Init
    app.o(i.Gimbal_Init) refers to usart.o(i.USART3_init) for USART3_init
    app.o(i.Gimbal_Init) refers to can.o(i.CanHardwareInit) for CanHardwareInit
    app.o(i.Gimbal_Init) refers to delay.o(i.delay_ms) for delay_ms
    app.o(i.Gimbal_Init) refers to app.o(i.ComProtocol) for ComProtocol
    app.o(i.Gimbal_Init) refers to mpu6500.o(i.SPI3_Init) for SPI3_Init
    app.o(i.Gimbal_Init) refers to timer.o(i.Heating_Drive) for Heating_Drive
    app.o(i.Gimbal_Init) refers to timer.o(i.TIM4_Int_Init) for TIM4_Int_Init
    app.o(i.Gimbal_Init) refers to usart.o(i.USART1_init) for USART1_init
    app.o(i.Gimbal_Init) refers to stm32f30x_gpio.o(i.GPIO_SetBits) for GPIO_SetBits
    app.o(i.Gimbal_Init) refers to timer.o(i.TIM15_PWM_Init) for TIM15_PWM_Init
    app.o(i.Gimbal_Init) refers to motor_tim.o(i.SVPWM8_Init) for SVPWM8_Init
    app.o(i.Gimbal_Init) refers to motor_tim.o(i.SVPWM1_Init) for SVPWM1_Init
    app.o(i.Gimbal_Init) refers to timer.o(i.TIM2_PWM_Init) for TIM2_PWM_Init
    app.o(i.Gimbal_Init) refers to gpio_config.o(.data) for Selection_axis
    app.o(i.Gyro_decoupl) refers to arm_sin_f32.o(.text) for arm_sin_f32
    app.o(i.Gyro_decoupl) refers to arm_cos_f32.o(.text) for arm_cos_f32
    app.o(i.Gyro_decoupl) refers to tanf.o(i.__hardfp_tanf) for __hardfp_tanf
    app.o(i.PID_Para_Init) refers to app.o(.bss) for Pitch_Angel_PID
    app.o(i.Para_Init) refers to app.o(i.PID_Para_Init) for PID_Para_Init
    app.o(i.Para_Init) refers to timer.o(.bss) for Get_Encoder
    app.o(i.Para_Init) refers to timer.o(.data) for ThetaOffset
    app.o(i.ctrl_Attitude) refers to sqrtf_full.o(i.__hardfp_sqrtf) for __hardfp_sqrtf
    app.o(i.ctrl_Attitude) refers to sinf.o(i.__hardfp_sinf) for __hardfp_sinf
    app.o(i.ctrl_Attitude) refers to cosf.o(i.__hardfp_cosf) for __hardfp_cosf
    app.o(i.ctrl_Attitude) refers to ahrs.o(.data) for q
    app.o(i.ctrl_Attitude) refers to debug.o(.bss) for debug_buf
    app.o(i.ctrl_Attitude) refers to app.o(.data) for target_Roll
    app.o(i.ctrl_Attitude) refers to acosf.o(i.__hardfp_acosf) for __hardfp_acosf
    app.o(i.ctrl_Attitude) refers to app.o(ramfunc) for PID_run
    app.o(i.ctrl_Attitude) refers to app.o(.bss) for Roll_Angel_PID
    app.o(i.ctrl_Attitude) refers to motor_control.o(.data) for yaw_by_encoder
    app.o(i.ctrl_Attitude_Q) refers to sinf.o(i.__hardfp_sinf) for __hardfp_sinf
    app.o(i.ctrl_Attitude_Q) refers to cosf.o(i.__hardfp_cosf) for __hardfp_cosf
    app.o(i.ctrl_Attitude_Q) refers to sqrtf_full.o(i.__hardfp_sqrtf) for __hardfp_sqrtf
    app.o(i.ctrl_Attitude_Q) refers to acosf.o(i.__hardfp_acosf) for __hardfp_acosf
    app.o(i.ctrl_Attitude_Q) refers to ahrs.o(.data) for q
    app.o(i.ctrl_Attitude_Q) refers to app.o(.data) for target_Roll
    app.o(i.ctrl_Attitude_Q) refers to app.o(ramfunc) for PID_run
    app.o(i.ctrl_Attitude_Q) refers to app.o(.bss) for Roll_Angel_PID
    app.o(i.ctrl_Attitude_Q) refers to motor_control.o(.data) for yaw_by_encoder
    app.o(i.ctrl_angular_velocity) refers to sinf.o(i.__hardfp_sinf) for __hardfp_sinf
    app.o(i.ctrl_angular_velocity) refers to cosf.o(i.__hardfp_cosf) for __hardfp_cosf
    app.o(i.ctrl_angular_velocity) refers to app.o(ramfunc) for PID_run
    app.o(i.ctrl_angular_velocity) refers to motor_control.o(.data) for roll_encoder
    app.o(i.ctrl_angular_velocity) refers to app.o(.bss) for Roll_Speed_PID
    app.o(i.ctrl_encoder) refers to app.o(ramfunc) for PID_run_FloatspdVolt
    app.o(i.ctrl_encoder) refers to motor_control.o(.data) for roll_encoder
    app.o(i.ctrl_encoder) refers to app.o(.data) for target_Roll
[...]
    i.TIM_SetIC2Prescaler                    0x08004588   Section        0  stm32f30x_tim.o(i.TIM_SetIC2Prescaler)
    i.TIM_SetIC3Prescaler                    0x0800459a   Section        0  stm32f30x_tim.o(i.TIM_SetIC3Prescaler)
    i.TIM_SetIC4Prescaler                    0x080045ac   Section        0  stm32f30x_tim.o(i.TIM_SetIC4Prescaler)
    i.TIM_TimeBaseInit                       0x080045c8   Section        0  stm32f30x_tim.o(i.TIM_TimeBaseInit)
    i.TIM_TimeBaseStructInit                 0x08004660   Section        0  stm32f30x_tim.o(i.TIM_TimeBaseStructInit)
    i.UART1_SendDataDMA                      0x08004674   Section        0  usart.o(i.UART1_SendDataDMA)
    i.UART3_SendDataDMA                      0x080046b8   Section        0  usart.o(i.UART3_SendDataDMA)
    i.USART1_init                            0x080046fc   Section        0  usart.o(i.USART1_init)
    i.USART2_IRQHandler                      0x08004770   Section        0  usart.o(i.USART2_IRQHandler)
    i.USART3_IRQHandler                      0x080047a0   Section        0  usart.o(i.USART3_IRQHandler)
    i.USART3_init                            0x08004804   Section        0  usart.o(i.USART3_init)
    i.USART_ClearFlag                        0x080048e4   Section        0  stm32f30x_usart.o(i.USART_ClearFlag)
    i.USART_Cmd                              0x080048e8   Section        0  stm32f30x_usart.o(i.USART_Cmd)
    i.USART_DMACmd                           0x080048fe   Section        0  stm32f30x_usart.o(i.USART_DMACmd)
    i.USART_GetITStatus                      0x08004910   Section        0  stm32f30x_usart.o(i.USART_GetITStatus)
    i.USART_ITConfig                         0x0800495a   Section        0  stm32f30x_usart.o(i.USART_ITConfig)
    i.USART_Init                             0x08004994   Section        0  stm32f30x_usart.o(i.USART_Init)
    i.USB_LP_CAN1_RX0_IRQHandler             0x08004a80   Section        0  can.o(i.USB_LP_CAN1_RX0_IRQHandler)
    i.UsageFault_Handler                     0x08004afc   Section        0  stm32f30x_it.o(i.UsageFault_Handler)
    i.__ARM_fpclassify                       0x08004b00   Section        0  fpclassify.o(i.__ARM_fpclassify)
    i.__ARM_fpclassifyf                      0x08004b30   Section        0  fpclassifyf.o(i.__ARM_fpclassifyf)
    i.__hardfp_acosf                         0x08004b58   Section        0  acosf.o(i.__hardfp_acosf)
    i.__hardfp_asin                          0x08004c70   Section        0  asin.o(i.__hardfp_asin)
    i.__hardfp_asinf                         0x08004fd0   Section        0  asinf.o(i.__hardfp_asinf)
    i.__hardfp_atan                          0x08005100   Section        0  atan.o(i.__hardfp_atan)
    i.__hardfp_atan2                         0x080053d8   Section        0  atan2.o(i.__hardfp_atan2)
    i.__hardfp_atan2f                        0x080055c8   Section        0  atan2f.o(i.__hardfp_atan2f)
    i.__hardfp_cos                           0x08005818   Section        0  cos.o(i.__hardfp_cos)
    i.__hardfp_cosf                          0x080058e0   Section        0  cosf.o(i.__hardfp_cosf)
    i.__hardfp_sin                           0x08005a30   Section        0  sin.o(i.__hardfp_sin)
    i.__hardfp_sinf                          0x08005af8   Section        0  sinf.o(i.__hardfp_sinf)
    i.__hardfp_sqrt                          0x08005c88   Section        0  sqrt_full.o(i.__hardfp_sqrt)
    i.__hardfp_sqrtf                         0x08005d02   Section        0  sqrtf_full.o(i.__hardfp_sqrtf)
    i.__ieee754_rem_pio2                     0x08005d40   Section        0  rred.o(i.__ieee754_rem_pio2)
    i.__kernel_cos                           0x08006178   Section        0  cos_i.o(i.__kernel_cos)
    i.__kernel_poly                          0x080062e8   Section        0  poly.o(i.__kernel_poly)
    i.__kernel_sin                           0x080063e0   Section        0  sin_i.o(i.__kernel_sin)
    i.__mathlib_dbl_infnan                   0x08006510   Section        0  dunder.o(i.__mathlib_dbl_infnan)
    i.__mathlib_dbl_infnan2                  0x08006524   Section        0  dunder.o(i.__mathlib_dbl_infnan2)
    i.__mathlib_dbl_invalid                  0x08006538   Section        0  dunder.o(i.__mathlib_dbl_invalid)
    i.__mathlib_dbl_underflow                0x08006558   Section        0  dunder.o(i.__mathlib_dbl_underflow)
    i.__mathlib_flt_infnan                   0x08006578   Section        0  funder.o(i.__mathlib_flt_infnan)
    i.__mathlib_flt_infnan2                  0x0800657e   Section        0  funder.o(i.__mathlib_flt_infnan2)
    i.__mathlib_flt_invalid                  0x08006584   Section        0  funder.o(i.__mathlib_flt_invalid)
    i.__mathlib_flt_underflow                0x08006594   Section        0  funder.o(i.__mathlib_flt_underflow)
    i.__mathlib_rredf2                       0x080065a4   Section        0  rredf.o(i.__mathlib_rredf2)
    i.__scatterload_copy                     0x080066f8   Section       14  handlers.o(i.__scatterload_copy)
    i.__scatterload_null                     0x08006706   Section        2  handlers.o(i.__scatterload_null)
    i.__scatterload_zeroinit                 0x08006708   Section       14  handlers.o(i.__scatterload_zeroinit)
    i.__set_errno                            0x08006718   Section        0  errno.o(i.__set_errno)
    i.api_init                               0x08006724   Section        0  superx_ii_api.o(i.api_init)
    i.atan                                   0x08006744   Section        0  atan.o(i.atan)
    i.cal_encoder_angle                      0x08006754   Section        0  motor_control.o(i.cal_encoder_angle)
    i.cal_gyro_bias                          0x080068ac   Section        0  ahrs.o(i.cal_gyro_bias)
    i.ctrl_Attitude_Q                        0x08006984   Section        0  app.o(i.ctrl_Attitude_Q)
    i.ctrl_angular_velocity                  0x08006f40   Section        0  app.o(i.ctrl_angular_velocity)
    i.delay_init                             0x08007034   Section        0  delay.o(i.delay_init)
    i.delay_ms                               0x08007070   Section        0  delay.o(i.delay_ms)
    i.delay_us                               0x080070ac   Section        0  delay.o(i.delay_us)
    i.fabs                                   0x080070e8   Section        0  fabs.o(i.fabs)
    i.init_MS_Attitude                       0x08007100   Section        0  ahrs.o(i.init_MS_Attitude)
    i.main                                   0x08007648   Section        0  main.o(i.main)
    i.mcu_get_uid                            0x080076b8   Section        0  cpu.o(i.mcu_get_uid)
    i.sqrt                                   0x080076d8   Section        0  sqrt_full.o(i.sqrt)
    i.sqrtf                                  0x08007746   Section        0  sqrtf_full.o(i.sqrtf)
    .constdata                               0x08007788   Section       80  asin.o(.constdata)
    pS                                       0x08007788   Data          48  asin.o(.constdata)
    qS                                       0x080077b8   Data          32  asin.o(.constdata)
    .constdata                               0x080077d8   Section      152  atan.o(.constdata)
    atanhi                                   0x080077d8   Data          32  atan.o(.constdata)
    atanlo                                   0x080077f8   Data          32  atan.o(.constdata)
    aTodd                                    0x08007818   Data          40  atan.o(.constdata)
    aTeven                                   0x08007840   Data          48  atan.o(.constdata)
    .constdata                               0x08007870   Section       48  cos_i.o(.constdata)
    C                                        0x08007870   Data          48  cos_i.o(.constdata)
    .constdata                               0x080078a0   Section        8  qnan.o(.constdata)
    .constdata                               0x080078a8   Section      200  rred.o(.constdata)
    pio2s                                    0x080078a8   Data          48  rred.o(.constdata)
    twooverpi                                0x080078d8   Data         152  rred.o(.constdata)
    .constdata                               0x08007970   Section       32  rredf.o(.constdata)
    twooverpi                                0x08007970   Data          32  rredf.o(.constdata)
    .constdata                               0x08007990   Section       40  sin_i.o(.constdata)
    S                                        0x08007990   Data          40  sin_i.o(.constdata)
    ramfunc                                  0x1000003c   Section        0  app.o(ramfunc)
    ramfunc                                  0x100001e0   Section        0  motor_tim.o(ramfunc)
    ramfunc                                  0x10000214   Section        0  foc.o(ramfunc)
    .data                                    0x20000000   Section       14  main.o(.data)
    .data                                    0x20000010   Section       17  app.o(.data)
    .data                                    0x20000022   Section       42  stm32f30x_rcc.o(.data)
    APBAHBPrescTable                         0x20000022   Data          16  stm32f30x_rcc.o(.data)
    ADCPrescTable                            0x20000032   Data          26  stm32f30x_rcc.o(.data)
    .data                                    0x2000004c   Section        4  delay.o(.data)
    fac_us                                   0x2000004c   Data           1  delay.o(.data)
    fac_ms                                   0x2000004e   Data           2  delay.o(.data)
    .data                                    0x20000050   Section        2  usart.o(.data)
    .data                                    0x20000052   Section        4  led.o(.data)
    .data                                    0x20000056   Section        1  mpu6500.o(.data)
    .data                                    0x20000058   Section       15  timer.o(.data)
    .data                                    0x20000067   Section        2  gpio_config.o(.data)
    .data                                    0x20000069   Section       67  debug.o(.data)
    .data                                    0x200000ac   Section      136  ahrs.o(.data)
    .data                                    0x20000134   Section       63  motor_control.o(.data)
    .data                                    0x20000174   Section       18  can.o(.data)
    .data                                    0x20000188   Section      568  superx_ii_api.o(.data)
    api_config                               0x20000188   Data           4  superx_ii_api.o(.data)
    api_sub_config                           0x2000018c   Data           4  superx_ii_api.o(.data)
    module_key                               0x20000190   Data           1  superx_ii_api.o(.data)
    heartbeat                                0x20000194   Data           4  superx_ii_api.o(.data)
    api_time                                 0x20000198   Data           4  superx_ii_api.o(.data)
    to                                       0x2000019c   Data           4  superx_ii_api.o(.data)
    fc_version                               0x200001a0   Data           1  superx_ii_api.o(.data)
    api_version                              0x200001a1   Data           1  superx_ii_api.o(.data)
    ccitt_table                              0x200001a2   Data         512  superx_ii_api.o(.data)
    msg_count                                0x200003a4   Data           4  superx_ii_api.o(.data)
    UniverLog_subject                        0x200003a8   Data          10  superx_ii_api.o(.data)
    fy_time                                  0x200003b4   Data           4  superx_ii_api.o(.data)
    last_tick                                0x200003b8   Data           4  superx_ii_api.o(.data)
    heartbeat_interval                       0x200003bc   Data           2  superx_ii_api.o(.data)
    v2Counter                                0x200003be   Data           1  superx_ii_api.o(.data)
    v3Counter                                0x200003bf   Data           1  superx_ii_api.o(.data)
    .data                                    0x200003c0   Section        4  errno.o(.data)
    _errno                                   0x200003c0   Data           4  errno.o(.data)
    .bss                                     0x200003c4   Section       33  main.o(.bss)
    .bss                                     0x200003e8   Section      756  app.o(.bss)
    .bss                                     0x200006dc   Section      780  usart.o(.bss)
    Tx1_buffer                               0x20000868   Data         128  usart.o(.bss)
    .bss                                     0x200009e8   Section       12  timer.o(.bss)
    .bss                                     0x200009f4   Section      128  debug.o(.bss)
    .bss                                     0x20000a74   Section       88  ahrs.o(.bss)
    .bss                                     0x20000acc   Section       88  motor_control.o(.bss)
    .bss                                     0x20000b24   Section      280  can.o(.bss)
    CANRx_Buffer                             0x20000b24   Data          12  can.o(.bss)
    CAN_Rx_buffer                            0x20000b30   Data         128  can.o(.bss)
    .bss                                     0x20000c3c   Section       56  foc.o(.bss)
    STACK                                    0x20000c78   Section     1024  startup_stm32f30x.o(STACK)

    Global Symbols

    Symbol Name                              Value     Ov Type        Size  Object(Section)

    BuildAttributes$$THM_ISAv4$E$P$D$K$B$S$7EM$VFPi3$EXTD16$VFPS$VFMA$PE$A:L22UL41UL21$X:L11$S22US41US21$IEEE1$IW$USESV6$~STKCKD$USESV7$~SHL$OTIME$ROPI$IEEEX$EBA8$MICROLIB$REQ8$PRES8$EABIv2 0x00000000   Number         0  anon$$obj.o ABSOLUTE
    __ARM_use_no_argv                        0x00000000   Number         0  main.o ABSOLUTE
    __cpp_initialize__aeabi_                  - Undefined Weak Reference
    __cxa_finalize                            - Undefined Weak Reference
    _clock_init                               - Undefined Weak Reference
    _microlib_exit                            - Undefined Weak Reference
    __Vectors_Size                           0x00000188   Number         0  startup_stm32f30x.o ABSOLUTE
    __Vectors                                0x08000000   Data           4  startup_stm32f30x.o(RESET)
    __Vectors_End                            0x08000188   Data           0  startup_stm32f30x.o(RESET)
    __main                                   0x08000189   Thumb Code     0  entry.o(.ARM.Collect$$$$00000000)
    _main_stk                                0x08000189   Thumb Code     0  entry2.o(.ARM.Collect$$$$00000001)
    _main_scatterload                        0x0800018d   Thumb Code     0  entry5.o(.ARM.Collect$$$$00000004)
    __main_after_scatterload                 0x08000191   Thumb Code     0  entry5.o(.ARM.Collect$$$$00000004)
    _main_clock                              0x08000191   Thumb Code     0  entry7b.o(.ARM.Collect$$$$00000008)
    _main_cpp_init                           0x08000191   Thumb Code     0  entry8b.o(.ARM.Collect$$$$0000000A)
    _main_init                               0x08000191   Thumb Code     0  entry9a.o(.ARM.Collect$$$$0000000B)
    __rt_final_cpp                           0x08000199   Thumb Code     0  entry10a.o(.ARM.Collect$$$$0000000D)
    __rt_final_exit                          0x08000199   Thumb Code     0  entry11a.o(.ARM.Collect$$$$0000000F)
    Reset_Handler                            0x0800019d   Thumb Code     8  startup_stm32f30x.o(.text)
    ADC1_2_IRQHandler                        0x080001b7   Thumb Code     0  startup_stm32f30x.o(.text)
    ADC3_IRQHandler                          0x080001b7   Thumb Code     0  startup_stm32f30x.o(.text)
    ADC4_IRQHandler                          0x080001b7   Thumb Code     0  startup_stm32f30x.o(.text)
    CAN1_RX1_IRQHandler                      0x080001b7   Thumb Code     0  startup_stm32f30x.o(.text)
    CAN1_SCE_IRQHandler                      0x080001b7   Thumb Code     0  startup_stm32f30x.o(.text)
    COMP1_2_3_IRQHandler                     0x080001b7   Thumb Code     0  startup_stm32f30x.o(.text)
    COMP4_5_6_IRQHandler                     0x080001b7   Thumb Code     0  startup_stm32f30x.o(.text)
    COMP7_IRQHandler                         0x080001b7   Thumb Code     0  startup_stm32f30x.o(.text)
    DMA1_Channel1_IRQHandler                 0x080001b7   Thumb Code     0  startup_stm32f30x.o(.text)
    DMA1_Channel2_IRQHandler                 0x080001b7   Thumb Code     0  startup_stm32f30x.o(.text)
    DMA1_Channel3_IRQHandler                 0x080001b7   Thumb Code     0  startup_stm32f30x.o(.text)
    DMA1_Channel4_IRQHandler                 0x080001b7   Thumb Code     0  startup_stm32f30x.o(.text)
    DMA1_Channel5_IRQHandler                 0x080001b7   Thumb Code     0  startup_stm32f30x.o(.text)
    DMA1_Channel6_IRQHandler                 0x080001b7   Thumb Code     0  startup_stm32f30x.o(.text)
    DMA1_Channel7_IRQHandler                 0x080001b7   Thumb Code     0  startup_stm32f30x.o(.text)
    DMA2_Channel1_IRQHandler                 0x080001b7   Thumb Code     0  startup_stm32f30x.o(.text)
    DMA2_Channel2_IRQHandler                 0x080001b7   Thumb Code     0  startup_stm32f30x.o(.text)
    DMA2_Channel3_IRQHandler                 0x080001b7   Thumb Code     0  startup_stm32f30x.o(.text)
    DMA2_Channel4_IRQHandler                 0x080001b7   Thumb Code     0  startup_stm32f30x.o(.text)
    DMA2_Channel5_IRQHandler                 0x080001b7   Thumb Code     0  startup_stm32f30x.o(.text)
    EXTI15_10_IRQHandler                     0x080001b7   Thumb Code     0  startup_stm32f30x.o(.text)
    EXTI1_IRQHandler                         0x080001b7   Thumb Code     0  startup_stm32f30x.o(.text)
    EXTI2_TS_IRQHandler                      0x080001b7   Thumb Code     0  startup_stm32f30x.o(.text)
    EXTI3_IRQHandler                         0x080001b7   Thumb Code     0  startup_stm32f30x.o(.text)
    EXTI4_IRQHandler                         0x080001b7   Thumb Code     0  startup_stm32f30x.o(.text)
    EXTI9_5_IRQHandler                       0x080001b7   Thumb Code     0  startup_stm32f30x.o(.text)
    FLASH_IRQHandler                         0x080001b7   Thumb Code     0  startup_stm32f30x.o(.text)
    FPU_IRQHandler                           0x080001b7   Thumb Code     0  startup_stm32f30x.o(.text)
    I2C1_ER_IRQHandler                       0x080001b7   Thumb Code     0  startup_stm32f30x.o(.text)
    I2C1_EV_IRQHandler                       0x080001b7   Thumb Code     0  startup_stm32f30x.o(.text)
    I2C2_ER_IRQHandler                       0x080001b7   Thumb Code     0  startup_stm32f30x.o(.text)
    I2C2_EV_IRQHandler                       0x080001b7   Thumb Code     0  startup_stm32f30x.o(.text)
    PVD_IRQHandler                           0x080001b7   Thumb Code     0  startup_stm32f30x.o(.text)
    RCC_IRQHandler                           0x080001b7   Thumb Code     0  startup_stm32f30x.o(.text)
    RTC_Alarm_IRQHandler                     0x080001b7   Thumb Code     0  startup_stm32f30x.o(.text)
    RTC_WKUP_IRQHandler                      0x080001b7   Thumb Code     0  startup_stm32f30x.o(.text)
    SPI1_IRQHandler                          0x080001b7   Thumb Code     0  startup_stm32f30x.o(.text)
    SPI2_IRQHandler                          0x080001b7   Thumb Code     0  startup_stm32f30x.o(.text)
    SPI3_IRQHandler                          0x080001b7   Thumb Code     0  startup_stm32f30x.o(.text)
    TAMPER_STAMP_IRQHandler                  0x080001b7   Thumb Code     0  startup_stm32f30x.o(.text)
    TIM1_CC_IRQHandler                       0x080001b7   Thumb Code     0  startup_stm32f30x.o(.text)
    TIM1_TRG_COM_TIM17_IRQHandler            0x080001b7   Thumb Code     0  startup_stm32f30x.o(.text)
    TIM3_IRQHandler                          0x080001b7   Thumb Code     0  startup_stm32f30x.o(.text)
    TIM6_DAC_IRQHandler                      0x080001b7   Thumb Code     0  startup_stm32f30x.o(.text)
    TIM7_IRQHandler                          0x080001b7   Thumb Code     0  startup_stm32f30x.o(.text)
    TIM8_BRK_IRQHandler                      0x080001b7   Thumb Code     0  startup_stm32f30x.o(.text)
    TIM8_CC_IRQHandler                       0x080001b7   Thumb Code     0  startup_stm32f30x.o(.text)
    TIM8_TRG_COM_IRQHandler                  0x080001b7   Thumb Code     0  startup_stm32f30x.o(.text)
    UART4_IRQHandler                         0x080001b7   Thumb Code     0  startup_stm32f30x.o(.text)
    UART5_IRQHandler                         0x080001b7   Thumb Code     0  startup_stm32f30x.o(.text)
    USART1_IRQHandler                        0x080001b7   Thumb Code     0  startup_stm32f30x.o(.text)
    USBWakeUp_IRQHandler                     0x080001b7   Thumb Code     0  startup_stm32f30x.o(.text)
    USBWakeUp_RMP_IRQHandler                 0x080001b7   Thumb Code     0  startup_stm32f30x.o(.text)
    USB_HP_CAN1_TX_IRQHandler                0x080001b7   Thumb Code     0  startup_stm32f30x.o(.text)
    USB_HP_IRQHandler                        0x080001b7   Thumb Code     0  startup_stm32f30x.o(.text)
    USB_LP_IRQHandler                        0x080001b7   Thumb Code     0  startup_stm32f30x.o(.text)
    WWDG_IRQHandler                          0x080001b7   Thumb Code     0  startup_stm32f30x.o(.text)
    __aeabi_memcpy                           0x080001c1   Thumb Code    36  memcpya.o(.text)
    __aeabi_memcpy4                          0x080001c1   Thumb Code     0  memcpya.o(.text)
    __aeabi_memcpy8                          0x080001c1   Thumb Code     0  memcpya.o(.text)
    __aeabi_memset                           0x080001e5   Thumb Code    14  memseta.o(.text)
    __aeabi_memset4                          0x080001e5   Thumb Code     0  memseta.o(.text)
    __aeabi_memset8                          0x080001e5   Thumb Code     0  memseta.o(.text)
    __aeabi_memclr                           0x080001f3   Thumb Code     4  memseta.o(.text)
    __aeabi_memclr4                          0x080001f3   Thumb Code     0  memseta.o(.text)
    __aeabi_memclr8                          0x080001f3   Thumb Code     0  memseta.o(.text)
    _memset$wrapper                          0x080001f7   Thumb Code    18  memseta.o(.text)
    __aeabi_i2d                              0x08000209   Thumb Code    34  dflti.o(.text)
    __aeabi_f2d                              0x0800022b   Thumb Code    38  f2d.o(.text)
    __aeabi_cdcmpeq                          0x08000251   Thumb Code     0  cdcmple.o(.text)
    __aeabi_cdcmple                          0x08000251   Thumb Code    48  cdcmple.o(.text)
    __aeabi_d2f                              0x08000281   Thumb Code    56  d2f.o(.text)
    __I$use$fp                               0x080002b9   Thumb Code     0  iusefp.o(.text)
    _float_round                             0x080002b9   Thumb Code    18  fepilogue.o(.text)
    _float_epilogue                          0x080002cb   Thumb Code    92  fepilogue.o(.text)
    _double_round                            0x08000327   Thumb Code    30  depilogue.o(.text)
    _double_epilogue                         0x08000345   Thumb Code   156  depilogue.o(.text)
    __aeabi_dadd                             0x080003e1   Thumb Code   322  dadd.o(.text)
    __aeabi_dsub                             0x08000523   Thumb Code     6  dadd.o(.text)
    __aeabi_drsub                            0x08000529   Thumb Code     6  dadd.o(.text)
    __aeabi_dmul                             0x0800052f   Thumb Code   228  dmul.o(.text)
    __aeabi_ddiv                             0x08000613   Thumb Code   222  ddiv.o(.text)
    _dsqrt                                   0x080006f1   Thumb Code   162  dsqrt.o(.text)
    __scatterload                            0x08000795   Thumb Code    28  init.o(.text)
    __scatterload_rt2                        0x08000795   Thumb Code     0  init.o(.text)
    __aeabi_llsl                             0x080007b9   Thumb Code    30  llshl.o(.text)
    _ll_shift_l                              0x080007b9   Thumb Code     0  llshl.o(.text)
    __aeabi_llsr                             0x080007d7   Thumb Code    32  llushr.o(.text)
    _ll_ushift_r                             0x080007d7   Thumb Code     0  llushr.o(.text)
    __aeabi_lasr                             0x080007f7   Thumb Code    36  llsshr.o(.text)
    _ll_sshift_r                             0x080007f7   Thumb Code     0  llsshr.o(.text)
    __aeabi_ui2d                             0x0800081b   Thumb Code    26  dfltui.o(.text)
    __aeabi_d2iz                             0x08000835   Thumb Code    62  dfixi.o(.text)
    __decompress                             0x08000873   Thumb Code     0  __dczerorl2.o(.text)
    __decompress1                            0x08000873   Thumb Code    86  __dczerorl2.o(.text)
    Long Thumb to Thumb Veneer to MotorOut_PR 0x080008c9   Thumb Code    10  anon$$obj.o(Veneer$$Code)
    Long Thumb to Thumb Veneer to MotorOut_Y 0x080008d3   Thumb Code    10  anon$$obj.o(Veneer$$Code)
    Long Thumb to Thumb Veneer to PID_run    0x080008dd   Thumb Code    10  anon$$obj.o(Veneer$$Code)
    BSP_CAN1_FilterConfig                    0x080008e7   Thumb Code    72  can.o(i.BSP_CAN1_FilterConfig)
    BusFault_Handler                         0x0800092f   Thumb Code     4  stm32f30x_it.o(i.BusFault_Handler)
    CAN_DeInit                               0x08000933   Thumb Code    24  stm32f30x_can.o(i.CAN_DeInit)
    CAN_FilterInit                           0x0800094d   Thumb Code   258  stm32f30x_can.o(i.CAN_FilterInit)
    CAN_ITConfig                             0x08000a55   Thumb Code    18  stm32f30x_can.o(i.CAN_ITConfig)
    CAN_Init                                 0x08000a67   Thumb Code   292  stm32f30x_can.o(i.CAN_Init)
    CAN_Para_Init                            0x08000b8d   Thumb Code    34  can.o(i.CAN_Para_Init)
    CAN_Receive                              0x08000bc1   Thumb Code   240  stm32f30x_can.o(i.CAN_Receive)
    CAN_StructInit                           0x08000cb1   Thumb Code    32  stm32f30x_can.o(i.CAN_StructInit)
    CanHardwareInit                          0x08000cd1   Thumb Code   162  can.o(i.CanHardwareInit)
    CanSetBaudrate                           0x08000d7d   Thumb Code   114  can.o(i.CanSetBaudrate)
    ComProtocol                              0x08000df5   Thumb Code    58  app.o(i.ComProtocol)
    DMA_Cmd                                  0x08000e39   Thumb Code    24  stm32f30x_dma.o(i.DMA_Cmd)
    DMA_DeInit                               0x08000e51   Thumb Code   324  stm32f30x_dma.o(i.DMA_DeInit)
    DMA_Init                                 0x08000f9d   Thumb Code    60  stm32f30x_dma.o(i.DMA_Init)
    DMA_SetCurrDataCounter                   0x08000fd9   Thumb Code     4  stm32f30x_dma.o(i.DMA_SetCurrDataCounter)
    DebugMon_Handler                         0x08000fdd   Thumb Code     2  stm32f30x_it.o(i.DebugMon_Handler)
    Dma_rx3                                  0x08000fe1   Thumb Code    96  usart.o(i.Dma_rx3)
    Dma_tx1                                  0x0800104d   Thumb Code    74  usart.o(i.Dma_tx1)
    Dma_tx3                                  0x080010a5   Thumb Code    74  usart.o(i.Dma_tx3)
    EXTI0_IRQHandler                         0x080010fd   Thumb Code    24  gpio_config.o(i.EXTI0_IRQHandler)
    EXTI_ClearITPendingBit                   0x08001119   Thumb Code    22  stm32f30x_exti.o(i.EXTI_ClearITPendingBit)
    EXTI_GetITStatus                         0x08001135   Thumb Code    66  stm32f30x_exti.o(i.EXTI_GetITStatus)
    EXTI_Init                                0x0800117d   Thumb Code   354  stm32f30x_exti.o(i.EXTI_Init)
    Filter_LP_IIR_1                          0x080012e9   Thumb Code   182  ahrs.o(i.Filter_LP_IIR_1)
    GPIO_Init                                0x080013bd   Thumb Code   144  stm32f30x_gpio.o(i.GPIO_Init)
    GPIO_PinAFConfig                         0x0800144d   Thumb Code    70  stm32f30x_gpio.o(i.GPIO_PinAFConfig)
    GPIO_ReadInputDataBit                    0x08001493   Thumb Code    18  stm32f30x_gpio.o(i.GPIO_ReadInputDataBit)
    GPIO_ResetBits                           0x080014a5   Thumb Code     4  stm32f30x_gpio.o(i.GPIO_ResetBits)
    GPIO_SetBits                             0x080014a9   Thumb Code     4  stm32f30x_gpio.o(i.GPIO_SetBits)
    GPIO_StructInit                          0x080014ad   Thumb Code    22  stm32f30x_gpio.o(i.GPIO_StructInit)
    G_LED_Status                             0x080014c5   Thumb Code   426  led.o(i.G_LED_Status)
    Gimbal_Control                           0x08001679   Thumb Code  1158  motor_control.o(i.Gimbal_Control)
    Gimbal_Init                              0x08001b01   Thumb Code   128  app.o(i.Gimbal_Init)
    Gpio_Exti                                0x08001b8d   Thumb Code   112  gpio_config.o(i.Gpio_Exti)
    Gpio_config                              0x08001bfd   Thumb Code   228  gpio_config.o(i.Gpio_config)
    HardFault_Handler                        0x08001ce9   Thumb Code     4  stm32f30x_it.o(i.HardFault_Handler)
    Heating_Drive                            0x08001ced   Thumb Code   158  timer.o(i.Heating_Drive)
    IMU_Update                               0x08001d91   Thumb Code   372  ahrs.o(i.IMU_Update)
    LED_Init                                 0x08001f5d   Thumb Code    70  led.o(i.LED_Init)
    MPU6500_Init                             0x08001fa9   Thumb Code   194  mpu6500.o(i.MPU6500_Init)
    MPU6500_Read_Reg                         0x08002071   Thumb Code    48  mpu6500.o(i.MPU6500_Read_Reg)
    MPU6500_Write_Reg                        0x080020a1   Thumb Code    48  mpu6500.o(i.MPU6500_Write_Reg)
    MS_Attitude_Acconly                      0x080020d1   Thumb Code   320  ahrs.o(i.MS_Attitude_Acconly)
    MS_Attitude_Mahony_Bias                  0x08002239   Thumb Code  1370  ahrs.o(i.MS_Attitude_Mahony_Bias)
    MemManage_Handler                        0x080027a5   Thumb Code     4  stm32f30x_it.o(i.MemManage_Handler)
    NMI_Handler                              0x080027a9   Thumb Code     2  stm32f30x_it.o(i.NMI_Handler)
    NVIC_Init                                0x080027ad   Thumb Code   100  stm32f30x_misc.o(i.NVIC_Init)
    Oscilloscope                             0x0800281d   Thumb Code   304  debug.o(i.Oscilloscope)
    PID_Para_Init                            0x08002979   Thumb Code   986  app.o(i.PID_Para_Init)
    Para_Init                                0x08002dad   Thumb Code    48  app.o(i.Para_Init)
    PendSV_Handler                           0x08002de9   Thumb Code     2  stm32f30x_it.o(i.PendSV_Handler)
    RCC_AHBPeriphClockCmd                    0x08002ded   Thumb Code    26  stm32f30x_rcc.o(i.RCC_AHBPeriphClockCmd)
    RCC_APB1PeriphClockCmd                   0x08002e0d   Thumb Code    26  stm32f30x_rcc.o(i.RCC_APB1PeriphClockCmd)
    RCC_APB1PeriphResetCmd                   0x08002e2d   Thumb Code    26  stm32f30x_rcc.o(i.RCC_APB1PeriphResetCmd)
    RCC_APB2PeriphClockCmd                   0x08002e4d   Thumb Code    26  stm32f30x_rcc.o(i.RCC_APB2PeriphClockCmd)
    RCC_APB2PeriphResetCmd                   0x08002e6d   Thumb Code    26  stm32f30x_rcc.o(i.RCC_APB2PeriphResetCmd)
    RCC_GetClocksFreq                        0x08002e8d   Thumb Code  1076  stm32f30x_rcc.o(i.RCC_GetClocksFreq)
    R_LED_Status                             0x080032d5   Thumb Code   278  led.o(i.R_LED_Status)
    Read_MPU6500                             0x080033f5   Thumb Code    56  mpu6500.o(i.Read_MPU6500)
    SPI3_Init                                0x0800342d   Thumb Code   270  mpu6500.o(i.SPI3_Init)
    SPI_Cmd                                  0x08003595   Thumb Code    24  stm32f30x_spi.o(i.SPI_Cmd)
    SPI_I2S_DeInit                           0x080035ad   Thumb Code    76  stm32f30x_spi.o(i.SPI_I2S_DeInit)
    SPI_I2S_GetFlagStatus                    0x08003605   Thumb Code    18  stm32f30x_spi.o(i.SPI_I2S_GetFlagStatus)
    SPI_Init                                 0x08003617   Thumb Code   130  stm32f30x_spi.o(i.SPI_Init)
    SPI_NSSInternalSoftwareConfig            0x08003699   Thumb Code    30  stm32f30x_spi.o(i.SPI_NSSInternalSoftwareConfig)
    SPI_ReceiveData8                         0x080036b7   Thumb Code    12  stm32f30x_spi.o(i.SPI_ReceiveData8)
    SPI_RxFIFOThresholdConfig                0x080036c3   Thumb Code    18  stm32f30x_spi.o(i.SPI_RxFIFOThresholdConfig)
    SPI_SendData8                            0x080036d5   Thumb Code    10  stm32f30x_spi.o(i.SPI_SendData8)
    SVC_Handler                              0x080036df   Thumb Code     2  stm32f30x_it.o(i.SVC_Handler)
    SVPWM1_Init                              0x080036e1   Thumb Code   316  motor_tim.o(i.SVPWM1_Init)
    SVPWM8_Init                              0x08003821   Thumb Code   310  motor_tim.o(i.SVPWM8_Init)
    SYSCFG_EXTILineConfig                    0x08003961   Thumb Code    60  stm32f30x_syscfg.o(i.SYSCFG_EXTILineConfig)
    SendMotor                                0x080039a1   Thumb Code    82  motor_control.o(i.SendMotor)
    StdCanSetID                              0x08003ac5   Thumb Code    96  can.o(i.StdCanSetID)
    SysTick_CLKSourceConfig                  0x08003b25   Thumb Code    40  stm32f30x_misc.o(i.SysTick_CLKSourceConfig)
    SysTick_Handler                          0x08003b4d   Thumb Code     2  stm32f30x_it.o(i.SysTick_Handler)
    SystemInit                               0x08003b51   Thumb Code   112  system_stm32f30x.o(i.SystemInit)
    TIM15_PWM_Init                           0x08003ce9   Thumb Code   216  timer.o(i.TIM15_PWM_Init)
    TIM1_BRK_TIM15_IRQHandler                0x08003dc5   Thumb Code   138  timer.o(i.TIM1_BRK_TIM15_IRQHandler)
    TIM2_IRQHandler                          0x08003e6d   Thumb Code   202  timer.o(i.TIM2_IRQHandler)
    TIM2_PWM_Init                            0x08003f55   Thumb Code   228  timer.o(i.TIM2_PWM_Init)
    TIM4_IRQHandler                          0x08004039   Thumb Code    18  timer.o(i.TIM4_IRQHandler)
    TIM4_Int_Init                            0x08004055   Thumb Code   100  timer.o(i.TIM4_Int_Init)
    TIM_ARRPreloadConfig                     0x080040bd   Thumb Code    24  stm32f30x_tim.o(i.TIM_ARRPreloadConfig)
    TIM_ClearFlag                            0x080040d5   Thumb Code     8  stm32f30x_tim.o(i.TIM_ClearFlag)
    TIM_ClearITPendingBit                    0x080040dd   Thumb Code     8  stm32f30x_tim.o(i.TIM_ClearITPendingBit)
    TIM_Cmd                                  0x080040e5   Thumb Code    24  stm32f30x_tim.o(i.TIM_Cmd)
    TIM_CtrlPWMOutputs                       0x080040fd   Thumb Code    22  stm32f30x_tim.o(i.TIM_CtrlPWMOutputs)
    TIM_DeInit                               0x08004115   Thumb Code   250  stm32f30x_tim.o(i.TIM_DeInit)
    TIM_GetCapture1                          0x08004235   Thumb Code     6  stm32f30x_tim.o(i.TIM_GetCapture1)
    TIM_GetCapture2                          0x0800423b   Thumb Code     6  stm32f30x_tim.o(i.TIM_GetCapture2)
    TIM_GetITStatus                          0x08004241   Thumb Code    34  stm32f30x_tim.o(i.TIM_GetITStatus)
    TIM_ICInit                               0x08004263   Thumb Code   110  stm32f30x_tim.o(i.TIM_ICInit)
    TIM_ITConfig                             0x080042d1   Thumb Code    24  stm32f30x_tim.o(i.TIM_ITConfig)
    TIM_OC1Init                              0x080042e9   Thumb Code   120  stm32f30x_tim.o(i.TIM_OC1Init)
    TIM_OC1PreloadConfig                     0x08004379   Thumb Code    16  stm32f30x_tim.o(i.TIM_OC1PreloadConfig)
    TIM_OC2Init                              0x08004389   Thumb Code   116  stm32f30x_tim.o(i.TIM_OC2Init)
    TIM_OC2PreloadConfig                     0x08004409   Thumb Code    18  stm32f30x_tim.o(i.TIM_OC2PreloadConfig)
    TIM_OC3Init                              0x0800441d   Thumb Code   114  stm32f30x_tim.o(i.TIM_OC3Init)
    TIM_OC3PreloadConfig                     0x08004499   Thumb Code    16  stm32f30x_tim.o(i.TIM_OC3PreloadConfig)
    TIM_OCStructInit                         0x080044a9   Thumb Code    20  stm32f30x_tim.o(i.TIM_OCStructInit)
    TIM_PWMIConfig                           0x080044bd   Thumb Code   124  stm32f30x_tim.o(i.TIM_PWMIConfig)
    TIM_SelectInputTrigger                   0x08004539   Thumb Code    20  stm32f30x_tim.o(i.TIM_SelectInputTrigger)
    TIM_SelectMasterSlaveMode                0x0800454d   Thumb Code    18  stm32f30x_tim.o(i.TIM_SelectMasterSlaveMode)
    TIM_SelectSlaveMode                      0x08004561   Thumb Code    16  stm32f30x_tim.o(i.TIM_SelectSlaveMode)
    TIM_SetCompare1                          0x08004575   Thumb Code     4  stm32f30x_tim.o(i.TIM_SetCompare1)
    TIM_SetIC1Prescaler                      0x08004579   Thumb Code    16  stm32f30x_tim.o(i.TIM_SetIC1Prescaler)
    TIM_SetIC2Prescaler                      0x08004589   Thumb Code    18  stm32f30x_tim.o(i.TIM_SetIC2Prescaler)
    TIM_SetIC3Prescaler                      0x0800459b   Thumb Code    18  stm32f30x_tim.o(i.TIM_SetIC3Prescaler)
    TIM_SetIC4Prescaler                      0x080045ad   Thumb Code    26  stm32f30x_tim.o(i.TIM_SetIC4Prescaler)
    TIM_TimeBaseInit                         0x080045c9   Thumb Code   116  stm32f30x_tim.o(i.TIM_TimeBaseInit)
    TIM_TimeBaseStructInit                   0x08004661   Thumb Code    18  stm32f30x_tim.o(i.TIM_TimeBaseStructInit)
    UART1_SendDataDMA                        0x08004675   Thumb Code    54  usart.o(i.UART1_SendDataDMA)
    UART3_SendDataDMA                        0x080046b9   Thumb Code    54  usart.o(i.UART3_SendDataDMA)
    USART1_init                              0x080046fd   Thumb Code   108  usart.o(i.USART1_init)
    USART2_IRQHandler                        0x08004771   Thumb Code    36  usart.o(i.USART2_IRQHandler)
    USART3_IRQHandler                        0x080047a1   Thumb Code    76  usart.o(i.USART3_IRQHandler)
    USART3_init                              0x08004805   Thumb Code   210  usart.o(i.USART3_init)
    USART_ClearFlag                          0x080048e5   Thumb Code     4  stm32f30x_usart.o(i.USART_ClearFlag)
    USART_Cmd                                0x080048e9   Thumb Code    22  stm32f30x_usart.o(i.USART_Cmd)
    USART_DMACmd                             0x080048ff   Thumb Code    18  stm32f30x_usart.o(i.USART_DMACmd)
    USART_GetITStatus                        0x08004911   Thumb Code    74  stm32f30x_usart.o(i.USART_GetITStatus)
    USART_ITConfig                           0x0800495b   Thumb Code    58  stm32f30x_usart.o(i.USART_ITConfig)
    USART_Init                               0x08004995   Thumb Code   220  stm32f30x_usart.o(i.USART_Init)
    USB_LP_CAN1_RX0_IRQHandler               0x08004a81   Thumb Code   106  can.o(i.USB_LP_CAN1_RX0_IRQHandler)
    UsageFault_Handler                       0x08004afd   Thumb Code     4  stm32f30x_it.o(i.UsageFault_Handler)
    __ARM_fpclassify                         0x08004b01   Thumb Code    48  fpclassify.o(i.__ARM_fpclassify)
    __ARM_fpclassifyf                        0x08004b31   Thumb Code    38  fpclassifyf.o(i.__ARM_fpclassifyf)
    __hardfp_acosf                           0x08004b59   Thumb Code   234  acosf.o(i.__hardfp_acosf)
    __hardfp_asin                            0x08004c71   Thumb Code   770  asin.o(i.__hardfp_asin)
    __hardfp_asinf                           0x08004fd1   Thumb Code   258  asinf.o(i.__hardfp_asinf)
    __hardfp_atan                            0x08005101   Thumb Code   622  atan.o(i.__hardfp_atan)
    __hardfp_atan2                           0x080053d9   Thumb Code   432  atan2.o(i.__hardfp_atan2)
    __hardfp_atan2f                          0x080055c9   Thumb Code   502  atan2f.o(i.__hardfp_atan2f)
    __hardfp_cos                             0x08005819   Thumb Code   180  cos.o(i.__hardfp_cos)
    __hardfp_cosf                            0x080058e1   Thumb Code   280  cosf.o(i.__hardfp_cosf)
    __hardfp_sin                             0x08005a31   Thumb Code   180  sin.o(i.__hardfp_sin)
    __hardfp_sinf                            0x08005af9   Thumb Code   344  sinf.o(i.__hardfp_sinf)
    __hardfp_sqrt                            0x08005c89   Thumb Code   122  sqrt_full.o(i.__hardfp_sqrt)
    __hardfp_sqrtf                           0x08005d03   Thumb Code    58  sqrtf_full.o(i.__hardfp_sqrtf)
    __ieee754_rem_pio2                       0x08005d41   Thumb Code   938  rred.o(i.__ieee754_rem_pio2)
    __kernel_cos                             0x08006179   Thumb Code   322  cos_i.o(i.__kernel_cos)
    __kernel_poly                            0x080062e9   Thumb Code   248  poly.o(i.__kernel_poly)
    __kernel_sin                             0x080063e1   Thumb Code   280  sin_i.o(i.__kernel_sin)
    __mathlib_dbl_infnan                     0x08006511   Thumb Code    20  dunder.o(i.__mathlib_dbl_infnan)
    __mathlib_dbl_infnan2                    0x08006525   Thumb Code    20  dunder.o(i.__mathlib_dbl_infnan2)
    __mathlib_dbl_invalid                    0x08006539   Thumb Code    24  dunder.o(i.__mathlib_dbl_invalid)
    __mathlib_dbl_underflow                  0x08006559   Thumb Code    24  dunder.o(i.__mathlib_dbl_underflow)
    __mathlib_flt_infnan                     0x08006579   Thumb Code     6  funder.o(i.__mathlib_flt_infnan)
    __mathlib_flt_infnan2                    0x0800657f   Thumb Code     6  funder.o(i.__mathlib_flt_infnan2)
    __mathlib_flt_invalid                    0x08006585   Thumb Code    10  funder.o(i.__mathlib_flt_invalid)
    __mathlib_flt_underflow                  0x08006595   Thumb Code    10  funder.o(i.__mathlib_flt_underflow)
    __mathlib_rredf2                         0x080065a5   Thumb Code   316  rredf.o(i.__mathlib_rredf2)
    __scatterload_copy                       0x080066f9   Thumb Code    14  handlers.o(i.__scatterload_copy)
    __scatterload_null                       0x08006707   Thumb Code     2  handlers.o(i.__scatterload_null)
    __scatterload_zeroinit                   0x08006709   Thumb Code    14  handlers.o(i.__scatterload_zeroinit)
    __set_errno                              0x08006719   Thumb Code     6  errno.o(i.__set_errno)
    api_init                                 0x08006725   Thumb Code    28  superx_ii_api.o(i.api_init)
    atan                                     0x08006745   Thumb Code    16  atan.o(i.atan)
    cal_encoder_angle                        0x08006755   Thumb Code   286  motor_control.o(i.cal_encoder_angle)
    cal_gyro_bias                            0x080068ad   Thumb Code   186  ahrs.o(i.cal_gyro_bias)
    ctrl_Attitude_Q                          0x08006985   Thumb Code  1422  app.o(i.ctrl_Attitude_Q)
    ctrl_angular_velocity                    0x08006f41   Thumb Code   222  app.o(i.ctrl_angular_velocity)
    delay_init                               0x08007035   Thumb Code    52  delay.o(i.delay_init)
    delay_ms                                 0x08007071   Thumb Code    56  delay.o(i.delay_ms)
    delay_us                                 0x080070ad   Thumb Code    56  delay.o(i.delay_us)
    fabs                                     0x080070e9   Thumb Code    24  fabs.o(i.fabs)
    init_MS_Attitude                         0x08007101   Thumb Code  1334  ahrs.o(i.init_MS_Attitude)
    main                                     0x08007649   Thumb Code    98  main.o(i.main)
    mcu_get_uid                              0x080076b9   Thumb Code    16  cpu.o(i.mcu_get_uid)
    sqrt                                     0x080076d9   Thumb Code   110  sqrt_full.o(i.sqrt)
    sqrtf                                    0x08007747   Thumb Code    62  sqrtf_full.o(i.sqrtf)
    __mathlib_zero                           0x080078a0   Data           8  qnan.o(.constdata)
    Region$$Table$$Base                      0x080079b8   Number         0  anon$$obj.o(Region$$Table)
    Region$$Table$$Limit                     0x080079e8   Number         0  anon$$obj.o(Region$$Table)
    Long Thumb to Thumb Veneer to TIM_GetITStatus 0x10000001   Thumb Code    10  anon$$obj.o(Veneer$$Code)
    Long Thumb to Thumb Veneer to TIM_ClearITPendingBit 0x1000000b   Thumb Code    10  anon$$obj.o(Veneer$$Code)
    Long Thumb to Thumb Veneer to __hardfp_cosf 0x10000015   Thumb Code    10  anon$$obj.o(Veneer$$Code)
    Long Thumb to Thumb Veneer to __hardfp_sinf 0x1000001f   Thumb Code    10  anon$$obj.o(Veneer$$Code)
    Long Thumb to Thumb Veneer to __aeabi_f2d 0x10000029   Thumb Code    10  anon$$obj.o(Veneer$$Code)
    Long Thumb to Thumb Veneer to __aeabi_cdcmple 0x10000033   Thumb Code    10  anon$$obj.o(Veneer$$Code)
    PID_run_FloatspdVolt                     0x1000003d   Thumb Code   216  app.o(ramfunc)
    PID_run                                  0x10000115   Thumb Code   204  app.o(ramfunc)
    TIM1_UP_TIM16_IRQHandler                 0x100001e1   Thumb Code    22  motor_tim.o(ramfunc)
    TIM8_UP_IRQHandler                       0x100001f7   Thumb Code    22  motor_tim.o(ramfunc)
    SinCosF                                  0x10000215   Thumb Code    44  foc.o(ramfunc)
    Rev_Park                                 0x10000241   Thumb Code    42  foc.o(ramfunc)
    FOC_SVPWM1                               0x1000026b   Thumb Code   486  foc.o(ramfunc)
    FOC_SVPWM8                               0x10000451   Thumb Code   486  foc.o(ramfunc)
    MotorOut_PR                              0x10000637   Thumb Code   212  foc.o(ramfunc)
    MotorOut_Y                               0x1000070b   Thumb Code   174  foc.o(ramfunc)
    rdatay                                   0x20000000   Data           4  main.o(.data)
    etet1                                    0x20000004   Data           4  main.o(.data)
    etet2                                    0x20000008   Data           4  main.o(.data)
    test_len1                                0x2000000c   Data           1  main.o(.data)
    test_len2                                0x2000000d   Data           1  main.o(.data)
    target_Roll                              0x20000010   Data           4  app.o(.data)
    target_Pitch                             0x20000014   Data           4  app.o(.data)
    target_Yaw                               0x20000018   Data           4  app.o(.data)
    Ps                                       0x2000001c   Data           4  app.o(.data)
    Yaw_Control_Enabled                      0x20000020   Data           1  app.o(.data)
    U2_IDLE_Flag                             0x20000050   Data           1  usart.o(.data)
    U3_IDLE_Flag                             0x20000051   Data           1  usart.o(.data)
    RLedCount                                0x20000052   Data           2  led.o(.data)
    GLedCount                                0x20000054   Data           2  led.o(.data)
    WHO_AM_I                                 0x20000056   Data           1  mpu6500.o(.data)
    duty                                     0x20000058   Data           2  timer.o(.data)
    period                                   0x2000005a   Data           2  timer.o(.data)
    duty_data                                0x2000005c   Data           2  timer.o(.data)
    duty_data_Y                              0x2000005e   Data           2  timer.o(.data)
    ThetaOffset                              0x20000060   Data           6  timer.o(.data)
    TIM4_Flag                                0x20000066   Data           1  timer.o(.data)
    Selection_axis                           0x20000067   Data           1  gpio_config.o(.data)
    MPU_Flag                                 0x20000068   Data           1  gpio_config.o(.data)
    get_decode_data                          0x20000069   Data          66  debug.o(.data)
    Oldman_i                                 0x200000ab   Data           1  debug.o(.data)
    Acc_x                                    0x200000ac   Data           2  ahrs.o(.data)
    Acc_y                                    0x200000ae   Data           2  ahrs.o(.data)
    Acc_z                                    0x200000b0   Data           2  ahrs.o(.data)
    acc_filtered_x                           0x200000b2   Data           2  ahrs.o(.data)
    acc_filtered_y                           0x200000b4   Data           2  ahrs.o(.data)
    acc_filtered_z                           0x200000b6   Data           2  ahrs.o(.data)
    Gyro_x                                   0x200000b8   Data           2  ahrs.o(.data)
    Gyro_y                                   0x200000ba   Data           2  ahrs.o(.data)
    Gyro_z                                   0x200000bc   Data           2  ahrs.o(.data)
    GimbalGyro_x                             0x200000c0   Data           4  ahrs.o(.data)
    GimbalGyro_y                             0x200000c4   Data           4  ahrs.o(.data)
    GimbalGyro_z                             0x200000c8   Data           4  ahrs.o(.data)
    GimbalAcc_x_filted                       0x200000cc   Data           4  ahrs.o(.data)
    GimbalAcc_y_filted                       0x200000d0   Data           4  ahrs.o(.data)
    GimbalAcc_z_filted                       0x200000d4   Data           4  ahrs.o(.data)
    pitch                                    0x200000d8   Data           4  ahrs.o(.data)
    roll                                     0x200000dc   Data           4  ahrs.o(.data)
    yaw                                      0x200000e0   Data           4  ahrs.o(.data)
    pitch_acc                                0x200000e4   Data           4  ahrs.o(.data)
    roll_acc                                 0x200000e8   Data           4  ahrs.o(.data)
    yaw_acc                                  0x200000ec   Data           4  ahrs.o(.data)
    pitch_acc_filted                         0x200000f0   Data           4  ahrs.o(.data)
    roll_acc_filted                          0x200000f4   Data           4  ahrs.o(.data)
    yaw_acc_filted                           0x200000f8   Data           4  ahrs.o(.data)
    q                                        0x200000fc   Data          16  ahrs.o(.data)
    MPU6500_raw                              0x2000010c   Data           2  ahrs.o(.data)
    MPU6500_Temp                             0x20000110   Data           4  ahrs.o(.data)
    Gyro_Temp                                0x20000114   Data           1  ahrs.o(.data)
    k                                        0x20000118   Data           4  ahrs.o(.data)
    calib_n                                  0x2000011c   Data           1  ahrs.o(.data)
    sample_time_gyro                         0x20000120   Data           4  ahrs.o(.data)
    Kp                                       0x20000124   Data           4  ahrs.o(.data)
    Kp_acc                                   0x20000128   Data           4  ahrs.o(.data)
    Ki_acc                                   0x2000012c   Data           4  ahrs.o(.data)
    bias_max                                 0x20000130   Data           4  ahrs.o(.data)
    Fd_InsData_State                         0x20000134   Data           1  motor_control.o(.data)
    Tick10ms                                 0x20000135   Data           1  motor_control.o(.data)
    system_time                              0x20000138   Data           4  motor_control.o(.data)
    time_bit                                 0x2000013c   Data           1  motor_control.o(.data)
    TimeOut_Count                            0x2000013e   Data           2  motor_control.o(.data)
    roll_encoder_offset                      0x20000140   Data           4  motor_control.o(.data)
    pitch_encoder_offset                     0x20000144   Data           4  motor_control.o(.data)
    yaw_encoder_offset                       0x20000148   Data           4  motor_control.o(.data)
    roll_dir                                 0x2000014c   Data           4  motor_control.o(.data)
    pitch_dir                                0x20000150   Data           4  motor_control.o(.data)
    yaw_dir                                  0x20000154   Data           4  motor_control.o(.data)
    pitch_encoder                            0x20000158   Data           4  motor_control.o(.data)
    roll_encoder                             0x2000015c   Data           4  motor_control.o(.data)
    yaw_encoder                              0x20000160   Data           4  motor_control.o(.data)
    pitch_by_encoder                         0x20000164   Data           4  motor_control.o(.data)
    roll_by_encoder                          0x20000168   Data           4  motor_control.o(.data)
    yaw_by_encoder                           0x2000016c   Data           4  motor_control.o(.data)
    cmd_value                                0x20000170   Data           1  motor_control.o(.data)
    control_mode                             0x20000171   Data           1  motor_control.o(.data)
    calib_gyroscope                          0x20000172   Data           1  motor_control.o(.data)
    TxMessage                                0x20000174   Data           8  can.o(.data)
    CanIDNum                                 0x2000017c   Data           1  can.o(.data)
    CANIDTOFC                                0x20000180   Data           4  can.o(.data)
    tx_len1                                  0x20000184   Data           2  can.o(.data)
    TEST                                     0x200003c4   Data          11  main.o(.bss)
    TEST2                                    0x200003cf   Data          11  main.o(.bss)
    test_buff                                0x200003da   Data          11  main.o(.bss)
    Pitch_Angel_PID                          0x200003e8   Data          56  app.o(.bss)
    Pitch_Speed_PID                          0x20000420   Data          56  app.o(.bss)
    Pitch_Encoder_PID                        0x20000458   Data          56  app.o(.bss)
    Roll_Angel_PID                           0x20000490   Data          56  app.o(.bss)
    Roll_Speed_PID                           0x200004c8   Data          56  app.o(.bss)
    Roll_Encoder_PID                         0x20000500   Data          56  app.o(.bss)
    Yaw_Angel_PID                            0x20000538   Data          56  app.o(.bss)
    Yaw_Angel_e_PID                          0x20000570   Data          56  app.o(.bss)
    Yaw_Speed_PID                            0x200005a8   Data          56  app.o(.bss)
    Yaw_Encoder_PID                          0x200005e0   Data          56  app.o(.bss)
    TempSpeed_PID                            0x20000618   Data          56  app.o(.bss)
    TempHeating_PID                          0x20000650   Data          56  app.o(.bss)
    Gimbal_Config                            0x20000688   Data          48  app.o(.bss)
    motor_speed                              0x200006b8   Data          12  app.o(.bss)
    encoder                                  0x200006c4   Data          12  app.o(.bss)
    target_angular_rate_body                 0x200006d0   Data          12  app.o(.bss)
    Rx_Buffer                                0x200006dc   Data          12  usart.o(.bss)
    tx_buffer                                0x200006e8   Data         128  usart.o(.bss)
    rx_buffer                                0x20000768   Data         128  usart.o(.bss)
    Cam_buffer                               0x200007e8   Data         128  usart.o(.bss)
    Tx3_buffer                               0x200008e8   Data         128  usart.o(.bss)
    Rx3_buffer                               0x20000968   Data         128  usart.o(.bss)
    Get_Encoder                              0x200009e8   Data          12  timer.o(.bss)
    Debug_Data                               0x200009f4   Data          64  debug.o(.bss)
    debug_buf                                0x20000a34   Data          64  debug.o(.bss)
    gyro_s                                   0x20000a74   Data          12  ahrs.o(.bss)
    acc_s                                    0x20000a80   Data          12  ahrs.o(.bss)
    ReadMPU6500                              0x20000a8c   Data          14  ahrs.o(.bss)
    sum_gyro                                 0x20000a9c   Data          12  ahrs.o(.bss)
    GyroOffset                               0x20000aa8   Data          12  ahrs.o(.bss)
    gyro_bias                                0x20000ab4   Data          12  ahrs.o(.bss)
    gyro                                     0x20000ac0   Data          12  ahrs.o(.bss)
    Get_USART3_Buff                          0x20000acc   Data          32  motor_control.o(.bss)
    Send_Motor                               0x20000aec   Data          16  motor_control.o(.bss)
    Get_Motor                                0x20000afc   Data          16  motor_control.o(.bss)
    Fd_InsData                               0x20000b0c   Data          24  motor_control.o(.bss)
    CANTx_Buffer                             0x20000bb0   Data          12  can.o(.bss)
    CAN_Tx_buffer                            0x20000bbc   Data         128  can.o(.bss)
    MotorCtrlPR                              0x20000c3c   Data          28  foc.o(.bss)
    MotorCtrlY                               0x20000c58   Data          28  foc.o(.bss)
    __initial_sp                             0x20001078   Data           0  startup_stm32f30x.o(STACK)



==============================================================================

Memory Map of the image

  Image Entry point : 0x08000189

  Load Region LR_IROM1 (Base: 0x08000000, Size: 0x0000856c, Max: 0x00020000, ABSOLUTE, COMPRESSED[0x00008420])

    Execution Region ER_IROM1 (Exec base: 0x08000000, Load base: 0x08000000, Size: 0x000079e8, Max: 0x00020000, ABSOLUTE)

    Exec Addr    Load Addr    Size         Type   Attr      Idx    E Section Name        Object

    0x08000000   0x08000000   0x00000188   Data   RO          385    RESET               startup_stm32f30x.o
    0x08000188   0x08000188   0x00000000   Code   RO         4282  * .ARM.Collect$$$$00000000  mc_w.l(entry.o)
    0x08000188   0x08000188   0x00000004   Code   RO         4373    .ARM.Collect$$$$00000001  mc_w.l(entry2.o)
    0x0800018c   0x0800018c   0x00000004   Code   RO         4376    .ARM.Collect$$$$00000004  mc_w.l(entry5.o)
    0x08000190   0x08000190   0x00000000   Code   RO         4378    .ARM.Collect$$$$00000008  mc_w.l(entry7b.o)
    0x08000190   0x08000190   0x00000000   Code   RO         4380    .ARM.Collect$$$$0000000A  mc_w.l(entry8b.o)
    0x08000190   0x08000190   0x00000008   Code   RO         4381    .ARM.Collect$$$$0000000B  mc_w.l(entry9a.o)
    0x08000198   0x08000198   0x00000000   Code   RO         4383    .ARM.Collect$$$$0000000D  mc_w.l(entry10a.o)
    0x08000198   0x08000198   0x00000000   Code   RO         4385    .ARM.Collect$$$$0000000F  mc_w.l(entry11a.o)
    0x08000198   0x08000198   0x00000004   Code   RO         4374    .ARM.Collect$$$$00002712  mc_w.l(entry2.o)
    0x0800019c   0x0800019c   0x00000024   Code   RO          386    .text               startup_stm32f30x.o
    0x080001c0   0x080001c0   0x00000024   Code   RO         4285    .text               mc_w.l(memcpya.o)
    0x080001e4   0x080001e4   0x00000024   Code   RO         4287    .text               mc_w.l(memseta.o)
    0x08000208   0x08000208   0x00000022   Code   RO         4293    .text               mf_w.l(dflti.o)
    0x0800022a   0x0800022a   0x00000026   Code   RO         4295    .text               mf_w.l(f2d.o)
    0x08000250   0x08000250   0x00000030   Code   RO         4297    .text               mf_w.l(cdcmple.o)
    0x08000280   0x08000280   0x00000038   Code   RO         4299    .text               mf_w.l(d2f.o)
    0x080002b8   0x080002b8   0x00000000   Code   RO         4394    .text               mc_w.l(iusefp.o)
    0x080002b8   0x080002b8   0x0000006e   Code   RO         4395    .text               mf_w.l(fepilogue.o)
    0x08000326   0x08000326   0x000000ba   Code   RO         4397    .text               mf_w.l(depilogue.o)
    0x080003e0   0x080003e0   0x0000014e   Code   RO         4399    .text               mf_w.l(dadd.o)
    0x0800052e   0x0800052e   0x000000e4   Code   RO         4401    .text               mf_w.l(dmul.o)
    0x08000612   0x08000612   0x000000de   Code   RO         4403    .text               mf_w.l(ddiv.o)
    0x080006f0   0x080006f0   0x000000a2   Code   RO         4405    .text               mf_w.l(dsqrt.o)
    0x08000792   0x08000792   0x00000002   PAD
    0x08000794   0x08000794   0x00000024   Code   RO         4407    .text               mc_w.l(init.o)
    0x080007b8   0x080007b8   0x0000001e   Code   RO         4409    .text               mc_w.l(llshl.o)
    0x080007d6   0x080007d6   0x00000020   Code   RO         4411    .text               mc_w.l(llushr.o)
    0x080007f6   0x080007f6   0x00000024   Code   RO         4413    .text               mc_w.l(llsshr.o)
    0x0800081a   0x0800081a   0x0000001a   Code   RO         4415    .text               mf_w.l(dfltui.o)
    0x08000834   0x08000834   0x0000003e   Code   RO         4417    .text               mf_w.l(dfixi.o)
    0x08000872   0x08000872   0x00000056   Code   RO         4427    .text               mc_w.l(__dczerorl2.o)
    0x080008c8   0x080008c8   0x0000000a   Ven    RO         4429    Veneer$$Code        anon$$obj.o
    0x080008d2   0x080008d2   0x0000000a   Ven    RO         4430    Veneer$$Code        anon$$obj.o
    0x080008dc   0x080008dc   0x0000000a   Ven    RO         4431    Veneer$$Code        anon$$obj.o
    0x080008e6   0x080008e6   0x00000048   Code   RO         3559    i.BSP_CAN1_FilterConfig  can.o
    0x0800092e   0x0800092e   0x00000004   Code   RO          181    i.BusFault_Handler  stm32f30x_it.o
    0x08000932   0x08000932   0x00000018   Code   RO         2418    i.CAN_DeInit        stm32f30x_can.o
    0x0800094a   0x0800094a   0x00000002   PAD
    0x0800094c   0x0800094c   0x00000108   Code   RO         2420    i.CAN_FilterInit    stm32f30x_can.o
    0x08000a54   0x08000a54   0x00000012   Code   RO         2426    i.CAN_ITConfig      stm32f30x_can.o
    0x08000a66   0x08000a66   0x00000124   Code   RO         2427    i.CAN_Init          stm32f30x_can.o
    0x08000b8a   0x08000b8a   0x00000002   PAD
    0x08000b8c   0x08000b8c   0x00000034   Code   RO         3560    i.CAN_Para_Init     can.o
    0x08000bc0   0x08000bc0   0x000000f0   Code   RO         2430    i.CAN_Receive       stm32f30x_can.o
    0x08000cb0   0x08000cb0   0x00000020   Code   RO         2433    i.CAN_StructInit    stm32f30x_can.o
    0x08000cd0   0x08000cd0   0x000000ac   Code   RO         3561    i.CanHardwareInit   can.o
    0x08000d7c   0x08000d7c   0x00000078   Code   RO         3563    i.CanSetBaudrate    can.o
    0x08000df4   0x08000df4   0x00000044   Code   RO          293    i.ComProtocol       app.o
    0x08000e38   0x08000e38   0x00000018   Code   RO         2336    i.DMA_Cmd           stm32f30x_dma.o
    0x08000e50   0x08000e50   0x0000014c   Code   RO         2337    i.DMA_DeInit        stm32f30x_dma.o
    0x08000f9c   0x08000f9c   0x0000003c   Code   RO         2342    i.DMA_Init          stm32f30x_dma.o
    0x08000fd8   0x08000fd8   0x00000004   Code   RO         2343    i.DMA_SetCurrDataCounter  stm32f30x_dma.o
    0x08000fdc   0x08000fdc   0x00000002   Code   RO          182    i.DebugMon_Handler  stm32f30x_it.o
    0x08000fde   0x08000fde   0x00000002   PAD
    0x08000fe0   0x08000fe0   0x0000006c   Code   RO         3016    i.Dma_rx3           usart.o
    0x0800104c   0x0800104c   0x00000058   Code   RO         3017    i.Dma_tx1           usart.o
    0x080010a4   0x080010a4   0x00000058   Code   RO         3019    i.Dma_tx3           usart.o
    0x080010fc   0x080010fc   0x0000001c   Code   RO         3288    i.EXTI0_IRQHandler  gpio_config.o
    0x08001118   0x08001118   0x0000001c   Code   RO         1083    i.EXTI_ClearITPendingBit  stm32f30x_exti.o
    0x08001134   0x08001134   0x00000048   Code   RO         1087    i.EXTI_GetITStatus  stm32f30x_exti.o
    0x0800117c   0x0800117c   0x0000016c   Code   RO         1088    i.EXTI_Init         stm32f30x_exti.o
    0x080012e8   0x080012e8   0x000000d4   Code   RO         3357    i.Filter_LP_IIR_1   ahrs.o
    0x080013bc   0x080013bc   0x00000090   Code   RO          393    i.GPIO_Init         stm32f30x_gpio.o
    0x0800144c   0x0800144c   0x00000046   Code   RO          394    i.GPIO_PinAFConfig  stm32f30x_gpio.o
    0x08001492   0x08001492   0x00000012   Code   RO          397    i.GPIO_ReadInputDataBit  stm32f30x_gpio.o
    0x080014a4   0x080014a4   0x00000004   Code   RO          400    i.GPIO_ResetBits    stm32f30x_gpio.o
    0x080014a8   0x080014a8   0x00000004   Code   RO          401    i.GPIO_SetBits      stm32f30x_gpio.o
    0x080014ac   0x080014ac   0x00000016   Code   RO          402    i.GPIO_StructInit   stm32f30x_gpio.o
    0x080014c2   0x080014c2   0x00000002   PAD
    0x080014c4   0x080014c4   0x000001b4   Code   RO         3138    i.G_LED_Status      led.o
    0x08001678   0x08001678   0x00000486   Code   RO         3498    i.Gimbal_Control    motor_control.o
    0x08001afe   0x08001afe   0x00000002   PAD
    0x08001b00   0x08001b00   0x0000008c   Code   RO          294    i.Gimbal_Init       app.o
    0x08001b8c   0x08001b8c   0x00000070   Code   RO         3289    i.Gpio_Exti         gpio_config.o
    0x08001bfc   0x08001bfc   0x000000ec   Code   RO         3290    i.Gpio_config       gpio_config.o
    0x08001ce8   0x08001ce8   0x00000004   Code   RO          183    i.HardFault_Handler  stm32f30x_it.o
    0x08001cec   0x08001cec   0x000000a4   Code   RO         3225    i.Heating_Drive     timer.o
    0x08001d90   0x08001d90   0x000001cc   Code   RO         3358    i.IMU_Update        ahrs.o
    0x08001f5c   0x08001f5c   0x0000004c   Code   RO         3139    i.LED_Init          led.o
    0x08001fa8   0x08001fa8   0x000000c8   Code   RO         3173    i.MPU6500_Init      mpu6500.o
    0x08002070   0x08002070   0x00000030   Code   RO         3174    i.MPU6500_Read_Reg  mpu6500.o
    0x080020a0   0x080020a0   0x00000030   Code   RO         3175    i.MPU6500_Write_Reg  mpu6500.o
    0x080020d0   0x080020d0   0x00000168   Code   RO         3359    i.MS_Attitude_Acconly  ahrs.o
    0x08002238   0x08002238   0x0000056c   Code   RO         3362    i.MS_Attitude_Mahony_Bias  ahrs.o
    0x080027a4   0x080027a4   0x00000004   Code   RO          184    i.MemManage_Handler  stm32f30x_it.o
    0x080027a8   0x080027a8   0x00000002   Code   RO          185    i.NMI_Handler       stm32f30x_it.o
    0x080027aa   0x080027aa   0x00000002   PAD
    0x080027ac   0x080027ac   0x00000070   Code   RO          832    i.NVIC_Init         stm32f30x_misc.o
    0x0800281c   0x0800281c   0x0000015c   Code   RO         3326    i.Oscilloscope      debug.o
    0x08002978   0x08002978   0x00000434   Code   RO          296    i.PID_Para_Init     app.o
    0x08002dac   0x08002dac   0x0000003c   Code   RO          297    i.Para_Init         app.o
    0x08002de8   0x08002de8   0x00000002   Code   RO          186    i.PendSV_Handler    stm32f30x_it.o
    0x08002dea   0x08002dea   0x00000002   PAD
    0x08002dec   0x08002dec   0x00000020   Code   RO          485    i.RCC_AHBPeriphClockCmd  stm32f30x_rcc.o
    0x08002e0c   0x08002e0c   0x00000020   Code   RO          487    i.RCC_APB1PeriphClockCmd  stm32f30x_rcc.o
    0x08002e2c   0x08002e2c   0x00000020   Code   RO          488    i.RCC_APB1PeriphResetCmd  stm32f30x_rcc.o
    0x08002e4c   0x08002e4c   0x00000020   Code   RO          489    i.RCC_APB2PeriphClockCmd  stm32f30x_rcc.o
    0x08002e6c   0x08002e6c   0x00000020   Code   RO          490    i.RCC_APB2PeriphResetCmd  stm32f30x_rcc.o
    0x08002e8c   0x08002e8c   0x00000448   Code   RO          497    i.RCC_GetClocksFreq  stm32f30x_rcc.o
    0x080032d4   0x080032d4   0x00000120   Code   RO         3140    i.R_LED_Status      led.o
    0x080033f4   0x080033f4   0x00000038   Code   RO         3176    i.Read_MPU6500      mpu6500.o
    0x0800342c   0x0800342c   0x00000118   Code   RO         3177    i.SPI3_Init         mpu6500.o
    0x08003544   0x08003544   0x00000050   Code   RO         3178    i.SPI3_ReadWriteByte  mpu6500.o
    0x08003594   0x08003594   0x00000018   Code   RO          883    i.SPI_Cmd           stm32f30x_spi.o
    0x080035ac   0x080035ac   0x00000058   Code   RO          891    i.SPI_I2S_DeInit    stm32f30x_spi.o
    0x08003604   0x08003604   0x00000012   Code   RO          892    i.SPI_I2S_GetFlagStatus  stm32f30x_spi.o
    0x08003616   0x08003616   0x00000082   Code   RO          897    i.SPI_Init          stm32f30x_spi.o
    0x08003698   0x08003698   0x0000001e   Code   RO          899    i.SPI_NSSInternalSoftwareConfig  stm32f30x_spi.o
    0x080036b6   0x080036b6   0x0000000c   Code   RO          901    i.SPI_ReceiveData8  stm32f30x_spi.o
    0x080036c2   0x080036c2   0x00000012   Code   RO          902    i.SPI_RxFIFOThresholdConfig  stm32f30x_spi.o
    0x080036d4   0x080036d4   0x0000000a   Code   RO          904    i.SPI_SendData8     stm32f30x_spi.o
    0x080036de   0x080036de   0x00000002   Code   RO          187    i.SVC_Handler       stm32f30x_it.o
    0x080036e0   0x080036e0   0x00000140   Code   RO         3466    i.SVPWM1_Init       motor_tim.o
    0x08003820   0x08003820   0x00000140   Code   RO         3467    i.SVPWM8_Init       motor_tim.o
    0x08003960   0x08003960   0x00000040   Code   RO          739    i.SYSCFG_EXTILineConfig  stm32f30x_syscfg.o
    0x080039a0   0x080039a0   0x00000060   Code   RO         3499    i.SendMotor         motor_control.o
    0x08003a00   0x08003a00   0x000000c4   Code   RO          256    i.SetSysClock       system_stm32f30x.o
    0x08003ac4   0x08003ac4   0x00000060   Code   RO         3564    i.StdCanSetID       can.o
    0x08003b24   0x08003b24   0x00000028   Code   RO          836    i.SysTick_CLKSourceConfig  stm32f30x_misc.o
    0x08003b4c   0x08003b4c   0x00000002   Code   RO          188    i.SysTick_Handler   stm32f30x_it.o
    0x08003b4e   0x08003b4e   0x00000002   PAD
    0x08003b50   0x08003b50   0x00000084   Code   RO          258    i.SystemInit        system_stm32f30x.o
    0x08003bd4   0x08003bd4   0x00000030   Code   RO         1144    i.TI1_Config        stm32f30x_tim.o
    0x08003c04   0x08003c04   0x00000042   Code   RO         1145    i.TI2_Config        stm32f30x_tim.o
    0x08003c46   0x08003c46   0x0000004c   Code   RO         1146    i.TI3_Config        stm32f30x_tim.o
    0x08003c92   0x08003c92   0x00000054   Code   RO         1147    i.TI4_Config        stm32f30x_tim.o
    0x08003ce6   0x08003ce6   0x00000002   PAD
    0x08003ce8   0x08003ce8   0x000000dc   Code   RO         3226    i.TIM15_PWM_Init    timer.o
    0x08003dc4   0x08003dc4   0x000000a8   Code   RO         3227    i.TIM1_BRK_TIM15_IRQHandler  timer.o
    0x08003e6c   0x08003e6c   0x000000e8   Code   RO         3228    i.TIM2_IRQHandler   timer.o
    0x08003f54   0x08003f54   0x000000e4   Code   RO         3229    i.TIM2_PWM_Init     timer.o
    0x08004038   0x08004038   0x0000001c   Code   RO         3230    i.TIM4_IRQHandler   timer.o
    0x08004054   0x08004054   0x00000068   Code   RO         3231    i.TIM4_Int_Init     timer.o
    0x080040bc   0x080040bc   0x00000018   Code   RO         1148    i.TIM_ARRPreloadConfig  stm32f30x_tim.o
    0x080040d4   0x080040d4   0x00000008   Code   RO         1158    i.TIM_ClearFlag     stm32f30x_tim.o
    0x080040dc   0x080040dc   0x00000008   Code   RO         1159    i.TIM_ClearITPendingBit  stm32f30x_tim.o
    0x080040e4   0x080040e4   0x00000018   Code   RO         1166    i.TIM_Cmd           stm32f30x_tim.o
    0x080040fc   0x080040fc   0x00000016   Code   RO         1168    i.TIM_CtrlPWMOutputs  stm32f30x_tim.o
    0x08004112   0x08004112   0x00000002   PAD
    0x08004114   0x08004114   0x00000120   Code   RO         1171    i.TIM_DeInit        stm32f30x_tim.o
    0x08004234   0x08004234   0x00000006   Code   RO         1183    i.TIM_GetCapture1   stm32f30x_tim.o
    0x0800423a   0x0800423a   0x00000006   Code   RO         1184    i.TIM_GetCapture2   stm32f30x_tim.o
    0x08004240   0x08004240   0x00000022   Code   RO         1189    i.TIM_GetITStatus   stm32f30x_tim.o
    0x08004262   0x08004262   0x0000006e   Code   RO         1191    i.TIM_ICInit        stm32f30x_tim.o
    0x080042d0   0x080042d0   0x00000018   Code   RO         1193    i.TIM_ITConfig      stm32f30x_tim.o
    0x080042e8   0x080042e8   0x00000090   Code   RO         1197    i.TIM_OC1Init       stm32f30x_tim.o
    0x08004378   0x08004378   0x00000010   Code   RO         1200    i.TIM_OC1PreloadConfig  stm32f30x_tim.o
    0x08004388   0x08004388   0x00000080   Code   RO         1202    i.TIM_OC2Init       stm32f30x_tim.o
    0x08004408   0x08004408   0x00000012   Code   RO         1205    i.TIM_OC2PreloadConfig  stm32f30x_tim.o
    0x0800441a   0x0800441a   0x00000002   PAD
    0x0800441c   0x0800441c   0x0000007c   Code   RO         1207    i.TIM_OC3Init       stm32f30x_tim.o
    0x08004498   0x08004498   0x00000010   Code   RO         1210    i.TIM_OC3PreloadConfig  stm32f30x_tim.o
    0x080044a8   0x080044a8   0x00000014   Code   RO         1221    i.TIM_OCStructInit  stm32f30x_tim.o
    0x080044bc   0x080044bc   0x0000007c   Code   RO         1222    i.TIM_PWMIConfig    stm32f30x_tim.o
    0x08004538   0x08004538   0x00000014   Code   RO         1231    i.TIM_SelectInputTrigger  stm32f30x_tim.o
    0x0800454c   0x0800454c   0x00000012   Code   RO         1232    i.TIM_SelectMasterSlaveMode  stm32f30x_tim.o
    0x0800455e   0x0800455e   0x00000002   PAD
    0x08004560   0x08004560   0x00000014   Code   RO         1238    i.TIM_SelectSlaveMode  stm32f30x_tim.o
    0x08004574   0x08004574   0x00000004   Code   RO         1241    i.TIM_SetCompare1   stm32f30x_tim.o
    0x08004578   0x08004578   0x00000010   Code   RO         1248    i.TIM_SetIC1Prescaler  stm32f30x_tim.o
    0x08004588   0x08004588   0x00000012   Code   RO         1249    i.TIM_SetIC2Prescaler  stm32f30x_tim.o
    0x0800459a   0x0800459a   0x00000012   Code   RO         1250    i.TIM_SetIC3Prescaler  stm32f30x_tim.o
    0x080045ac   0x080045ac   0x0000001a   Code   RO         1251    i.TIM_SetIC4Prescaler  stm32f30x_tim.o
    0x080045c6   0x080045c6   0x00000002   PAD
    0x080045c8   0x080045c8   0x00000098   Code   RO         1253    i.TIM_TimeBaseInit  stm32f30x_tim.o
    0x08004660   0x08004660   0x00000012   Code   RO         1254    i.TIM_TimeBaseStructInit  stm32f30x_tim.o
    0x08004672   0x08004672   0x00000002   PAD
    0x08004674   0x08004674   0x00000044   Code   RO         3024    i.UART1_SendDataDMA  usart.o
    0x080046b8   0x080046b8   0x00000044   Code   RO         3026    i.UART3_SendDataDMA  usart.o
    0x080046fc   0x080046fc   0x00000074   Code   RO         3027    i.USART1_init       usart.o
    0x08004770   0x08004770   0x00000030   Code   RO         3028    i.USART2_IRQHandler  usart.o
    0x080047a0   0x080047a0   0x00000064   Code   RO         3030    i.USART3_IRQHandler  usart.o
    0x08004804   0x08004804   0x000000e0   Code   RO         3031    i.USART3_init       usart.o
    0x080048e4   0x080048e4   0x00000004   Code   RO         1841    i.USART_ClearFlag   stm32f30x_usart.o
    0x080048e8   0x080048e8   0x00000016   Code   RO         1845    i.USART_Cmd         stm32f30x_usart.o
    0x080048fe   0x080048fe   0x00000012   Code   RO         1848    i.USART_DMACmd      stm32f30x_usart.o
    0x08004910   0x08004910   0x0000004a   Code   RO         1854    i.USART_GetITStatus  stm32f30x_usart.o
    0x0800495a   0x0800495a   0x0000003a   Code   RO         1856    i.USART_ITConfig    stm32f30x_usart.o
    0x08004994   0x08004994   0x000000ec   Code   RO         1857    i.USART_Init        stm32f30x_usart.o
    0x08004a80   0x08004a80   0x0000007c   Code   RO         3565    i.USB_LP_CAN1_RX0_IRQHandler  can.o
    0x08004afc   0x08004afc   0x00000004   Code   RO          189    i.UsageFault_Handler  stm32f30x_it.o
    0x08004b00   0x08004b00   0x00000030   Code   RO         4338    i.__ARM_fpclassify  m_wm.l(fpclassify.o)
    0x08004b30   0x08004b30   0x00000026   Code   RO         4340    i.__ARM_fpclassifyf  m_wm.l(fpclassifyf.o)
    0x08004b56   0x08004b56   0x00000002   PAD
    0x08004b58   0x08004b58   0x00000118   Code   RO         4136    i.__hardfp_acosf    m_wm.l(acosf.o)
    0x08004c70   0x08004c70   0x00000360   Code   RO         4148    i.__hardfp_asin     m_wm.l(asin.o)
    0x08004fd0   0x08004fd0   0x0000012c   Code   RO         4162    i.__hardfp_asinf    m_wm.l(asinf.o)
    0x080050fc   0x080050fc   0x00000004   PAD
    0x08005100   0x08005100   0x000002d8   Code   RO         4301    i.__hardfp_atan     m_wm.l(atan.o)
    0x080053d8   0x080053d8   0x000001f0   Code   RO         4174    i.__hardfp_atan2    m_wm.l(atan2.o)
    0x080055c8   0x080055c8   0x00000250   Code   RO         4186    i.__hardfp_atan2f   m_wm.l(atan2f.o)
    0x08005818   0x08005818   0x000000c8   Code   RO         4198    i.__hardfp_cos      m_wm.l(cos.o)
    0x080058e0   0x080058e0   0x00000150   Code   RO         4210    i.__hardfp_cosf     m_wm.l(cosf.o)
    0x08005a30   0x08005a30   0x000000c8   Code   RO         4222    i.__hardfp_sin      m_wm.l(sin.o)
    0x08005af8   0x08005af8   0x00000190   Code   RO         4234    i.__hardfp_sinf     m_wm.l(sinf.o)
    0x08005c88   0x08005c88   0x0000007a   Code   RO         4258    i.__hardfp_sqrt     m_wm.l(sqrt_full.o)
    0x08005d02   0x08005d02   0x0000003a   Code   RO         4264    i.__hardfp_sqrtf    m_wm.l(sqrtf_full.o)
    0x08005d3c   0x08005d3c   0x00000004   PAD
    0x08005d40   0x08005d40   0x00000438   Code   RO         4359    i.__ieee754_rem_pio2  m_wm.l(rred.o)
    0x08006178   0x08006178   0x00000170   Code   RO         4315    i.__kernel_cos      m_wm.l(cos_i.o)
    0x080062e8   0x080062e8   0x000000f8   Code   RO         4356    i.__kernel_poly     m_wm.l(poly.o)
    0x080063e0   0x080063e0   0x00000130   Code   RO         4367    i.__kernel_sin      m_wm.l(sin_i.o)
    0x08006510   0x08006510   0x00000014   Code   RO         4319    i.__mathlib_dbl_infnan  m_wm.l(dunder.o)
    0x08006524   0x08006524   0x00000014   Code   RO         4320    i.__mathlib_dbl_infnan2  m_wm.l(dunder.o)
    0x08006538   0x08006538   0x00000020   Code   RO         4321    i.__mathlib_dbl_invalid  m_wm.l(dunder.o)
    0x08006558   0x08006558   0x00000020   Code   RO         4324    i.__mathlib_dbl_underflow  m_wm.l(dunder.o)
    0x08006578   0x08006578   0x00000006   Code   RO         4343    i.__mathlib_flt_infnan  m_wm.l(funder.o)
    0x0800657e   0x0800657e   0x00000006   Code   RO         4344    i.__mathlib_flt_infnan2  m_wm.l(funder.o)
    0x08006584   0x08006584   0x00000010   Code   RO         4345    i.__mathlib_flt_invalid  m_wm.l(funder.o)
    0x08006594   0x08006594   0x00000010   Code   RO         4348    i.__mathlib_flt_underflow  m_wm.l(funder.o)
    0x080065a4   0x080065a4   0x00000154   Code   RO         4364    i.__mathlib_rredf2  m_wm.l(rredf.o)
    0x080066f8   0x080066f8   0x0000000e   Code   RO         4421    i.__scatterload_copy  mc_w.l(handlers.o)
    0x08006706   0x08006706   0x00000002   Code   RO         4422    i.__scatterload_null  mc_w.l(handlers.o)
    0x08006708   0x08006708   0x0000000e   Code   RO         4423    i.__scatterload_zeroinit  mc_w.l(handlers.o)
    0x08006716   0x08006716   0x00000002   PAD
    0x08006718   0x08006718   0x0000000c   Code   RO         4389    i.__set_errno       mc_w.l(errno.o)
    0x08006724   0x08006724   0x00000020   Code   RO         3675    i.api_init          superx_ii_api.o
    0x08006744   0x08006744   0x00000010   Code   RO         4303    i.atan              m_wm.l(atan.o)
    0x08006754   0x08006754   0x00000158   Code   RO         3502    i.cal_encoder_angle  motor_control.o
    0x080068ac   0x080068ac   0x000000d8   Code   RO         3363    i.cal_gyro_bias     ahrs.o
    0x08006984   0x08006984   0x000005bc   Code   RO          299    i.ctrl_Attitude_Q   app.o
    0x08006f40   0x08006f40   0x000000f4   Code   RO          300    i.ctrl_angular_velocity  app.o
    0x08007034   0x08007034   0x0000003c   Code   RO         2981    i.delay_init        delay.o
    0x08007070   0x08007070   0x0000003c   Code   RO         2982    i.delay_ms          delay.o
    0x080070ac   0x080070ac   0x0000003c   Code   RO         2983    i.delay_us          delay.o
    0x080070e8   0x080070e8   0x00000018   Code   RO         4334    i.fabs              m_wm.l(fabs.o)
    0x08007100   0x08007100   0x00000548   Code   RO         3364    i.init_MS_Attitude  ahrs.o
    0x08007648   0x08007648   0x00000070   Code   RO            3    i.main              main.o
    0x080076b8   0x080076b8   0x00000020   Code   RO         3898    i.mcu_get_uid       cpu.o
    0x080076d8   0x080076d8   0x0000006e   Code   RO         4260    i.sqrt              m_wm.l(sqrt_full.o)
    0x08007746   0x08007746   0x0000003e   Code   RO         4266    i.sqrtf             m_wm.l(sqrtf_full.o)
    0x08007784   0x08007784   0x00000004   PAD
    0x08007788   0x08007788   0x00000050   Data   RO         4151    .constdata          m_wm.l(asin.o)
    0x080077d8   0x080077d8   0x00000098   Data   RO         4304    .constdata          m_wm.l(atan.o)
    0x08007870   0x08007870   0x00000030   Data   RO         4316    .constdata          m_wm.l(cos_i.o)
    0x080078a0   0x080078a0   0x00000008   Data   RO         4358    .constdata          m_wm.l(qnan.o)
    0x080078a8   0x080078a8   0x000000c8   Data   RO         4361    .constdata          m_wm.l(rred.o)
    0x08007970   0x08007970   0x00000020   Data   RO         4365    .constdata          m_wm.l(rredf.o)
    0x08007990   0x08007990   0x00000028   Data   RO         4368    .constdata          m_wm.l(sin_i.o)
    0x080079b8   0x080079b8   0x00000030   Data   RO         4419    Region$$Table       anon$$obj.o


    Execution Region RW_IRAM2 (Exec base: 0x10000000, Load base: 0x08007c60, Size: 0x000007c0, Max: 0x00002000, ABSOLUTE)

    Exec Addr    Load Addr    Size         Type   Attr      Idx    E Section Name        Object

    0x10000000   0x08007c60   0x0000000a   Ven    RO         4432    Veneer$$Code        anon$$obj.o
    0x1000000a   0x08007c6a   0x0000000a   Ven    RO         4433    Veneer$$Code        anon$$obj.o
    0x10000014   0x08007c74   0x0000000a   Ven    RO         4434    Veneer$$Code        anon$$obj.o
    0x1000001e   0x08007c7e   0x0000000a   Ven    RO         4435    Veneer$$Code        anon$$obj.o
    0x10000028   0x08007c88   0x0000000a   Ven    RO         4436    Veneer$$Code        anon$$obj.o
    0x10000032   0x08007c92   0x0000000a   Ven    RO         4437    Veneer$$Code        anon$$obj.o
    0x1000003c   0x08007c9c   0x000001a4   Code   RO          302    ramfunc             app.o
    0x100001e0   0x08007e40   0x00000034   Code   RO         3468    ramfunc             motor_tim.o
    0x10000214   0x08007e74   0x000005ac   Code   RO         3923    ramfunc             FOC_LIB.lib(foc.o)


    Execution Region RW_IRAM1 (Exec base: 0x20000000, Load base: 0x080079e8, Size: 0x00001078, Max: 0x0000a000, ABSOLUTE, COMPRESSED[0x00000278])

    Exec Addr    Load Addr    Size         Type   Attr      Idx    E Section Name        Object

    0x20000000   COMPRESSED   0x0000000e   Data   RW            5    .data               main.o
    0x2000000e   COMPRESSED   0x00000002   PAD
    0x20000010   COMPRESSED   0x00000011   Data   RW          304    .data               app.o
    0x20000021   COMPRESSED   0x00000001   PAD
    0x20000022   COMPRESSED   0x0000002a   Data   RW          523    .data               stm32f30x_rcc.o
    0x2000004c   COMPRESSED   0x00000004   Data   RW         2984    .data               delay.o
    0x20000050   COMPRESSED   0x00000002   Data   RW         3033    .data               usart.o
    0x20000052   COMPRESSED   0x00000004   Data   RW         3141    .data               led.o
    0x20000056   COMPRESSED   0x00000001   Data   RW         3179    .data               mpu6500.o
    0x20000057   COMPRESSED   0x00000001   PAD
    0x20000058   COMPRESSED   0x0000000f   Data   RW         3233    .data               timer.o
    0x20000067   COMPRESSED   0x00000002   Data   RW         3291    .data               gpio_config.o
    0x20000069   COMPRESSED   0x00000043   Data   RW         3328    .data               debug.o
    0x200000ac   COMPRESSED   0x00000088   Data   RW         3367    .data               ahrs.o
    0x20000134   COMPRESSED   0x0000003f   Data   RW         3505    .data               motor_control.o
    0x20000173   COMPRESSED   0x00000001   PAD
    0x20000174   COMPRESSED   0x00000012   Data   RW         3575    .data               can.o
    0x20000186   COMPRESSED   0x00000002   PAD
    0x20000188   COMPRESSED   0x00000238   Data   RW         3707    .data               superx_ii_api.o
    0x200003c0   COMPRESSED   0x00000004   Data   RW         4390    .data               mc_w.l(errno.o)
    0x200003c4        -       0x00000021   Zero   RW            4    .bss                main.o
    0x200003e5   COMPRESSED   0x00000003   PAD
    0x200003e8        -       0x000002f4   Zero   RW          303    .bss                app.o
    0x200006dc        -       0x0000030c   Zero   RW         3032    .bss                usart.o
    0x200009e8        -       0x0000000c   Zero   RW         3232    .bss                timer.o
    0x200009f4        -       0x00000080   Zero   RW         3327    .bss                debug.o
    0x20000a74        -       0x00000058   Zero   RW         3365    .bss                ahrs.o
    0x20000acc        -       0x00000058   Zero   RW         3504    .bss                motor_control.o
    0x20000b24        -       0x00000118   Zero   RW         3574    .bss                can.o
    0x20000c3c        -       0x00000038   Zero   RW         3924    .bss                FOC_LIB.lib(foc.o)
    0x20000c74   COMPRESSED   0x00000004   PAD
    0x20000c78        -       0x00000400   Zero   RW          383    STACK               startup_stm32f30x.o


==============================================================================

Image component sizes


      Code (inc. data)   RO Data    RW Data    ZI Data      Debug   Object Name

      3988        348          0        136         88       7096   ahrs.o
      3476        214          0         17        756       9939   app.o
       636         52          0         18        280       4400   can.o
        32         16          0          0          0        474   cpu.o
       348         44          0         67        128       1719   debug.o
       180         16          0          4          0       1783   delay.o
       376         12          0          2          0       2047   gpio_config.o
       800         26          0          4          0       2211   led.o
       112         14          0         14         33     286505   main.o
      1598        184          0         63         88       4837   motor_control.o
       692         22          0          0          0       2254   motor_tim.o
       712         20          0          1          0       4252   mpu6500.o
        36          8        392          0       1024        824   startup_stm32f30x.o
       870          6          0          0          0       4983   stm32f30x_can.o
       420          8          0          0          0       4127   stm32f30x_dma.o
       464         22          0          0          0       2288   stm32f30x_exti.o
       262          0          0          0          0       4233   stm32f30x_gpio.o
        26          0          0          0          0       3882   stm32f30x_it.o
       152         12          0          0          0       1694   stm32f30x_misc.o
      1256         50          0         42          0       6228   stm32f30x_rcc.o
       330         12          0          0          0       5465   stm32f30x_spi.o
        64          4          0          0          0        676   stm32f30x_syscfg.o
      1728        124          0          0          0      22201   stm32f30x_tim.o
       412         16          0          0          0       5051   stm32f30x_usart.o
        32          4          0        568          0       5077   superx_ii_api.o
       328         28          0          0          0       1361   system_stm32f30x.o
      1144         84          0         15         12       5415   timer.o
       908        126          0          2        780       6681   usart.o

    ----------------------------------------------------------------------
     21500       1472        440        960       3192     407703   Object Totals
        90          0         48          0          0          0   (incl. Generated)
        28          0          0          7          3          0   (incl. Padding)

    ----------------------------------------------------------------------

      Code (inc. data)   RO Data    RW Data    ZI Data      Debug   Library Member Name

      1452         46          0          0         56       3837   foc.o
       280         46          0          0          0        176   acosf.o
       864         94         80          0          0        280   asin.o
       300         42          0          0          0        176   asinf.o
       744        106        152          0          0        352   atan.o
       496         64          0          0          0        192   atan2.o
       592         90          0          0          0        184   atan2f.o
       200         20          0          0          0        164   cos.o
       368         46         48          0          0        200   cos_i.o
       336         56          0          0          0        136   cosf.o
       104         16          0          0          0        496   dunder.o
        24          0          0          0          0        124   fabs.o
        48          0          0          0          0        124   fpclassify.o
        38          0          0          0          0        116   fpclassifyf.o
        44         12          0          0          0        464   funder.o
       248          0          0          0          0        152   poly.o
         0          0          8          0          0          0   qnan.o
      1080        142        200          0          0        188   rred.o
       340         24         32          0          0        160   rredf.o
       200         20          0          0          0        164   sin.o
       304         24         40          0          0        208   sin_i.o
       400         56          0          0          0        212   sinf.o
       232          0          0          0          0        296   sqrt_full.o
       120          0          0          0          0        272   sqrtf_full.o
        86          0          0          0          0          0   __dczerorl2.o
         0          0          0          0          0          0   entry.o
         0          0          0          0          0          0   entry10a.o
         0          0          0          0          0          0   entry11a.o
         8          4          0          0          0          0   entry2.o
         4          0          0          0          0          0   entry5.o
         0          0          0          0          0          0   entry7b.o
         0          0          0          0          0          0   entry8b.o
         8          4          0          0          0          0   entry9a.o
        12          6          0          4          0         68   errno.o
        30          0          0          0          0          0   handlers.o
        36          8          0          0          0         68   init.o
         0          0          0          0          0          0   iusefp.o
        30          0          0          0          0         68   llshl.o
        36          0          0          0          0         68   llsshr.o
        32          0          0          0          0         68   llushr.o
        36          0          0          0          0         68   memcpya.o
        36          0          0          0          0        108   memseta.o
        48          0          0          0          0         68   cdcmple.o
        56          0          0          0          0         88   d2f.o
       334          0          0          0          0        148   dadd.o
       222          0          0          0          0        100   ddiv.o
       186          0          0          0          0        176   depilogue.o
        62          0          0          0          0         80   dfixi.o
        34          0          0          0          0         76   dflti.o
        26          0          0          0          0         76   dfltui.o
       228          0          0          0          0         96   dmul.o
       162          0          0          0          0        100   dsqrt.o
        38          0          0          0          0         68   f2d.o
       110          0          0          0          0        168   fepilogue.o

    ----------------------------------------------------------------------
     10692        930        560          4         60      10433   Library Totals
        18          4          0          0          4          0   (incl. Padding)

    ----------------------------------------------------------------------

      Code (inc. data)   RO Data    RW Data    ZI Data      Debug   Library Name

      1452         46          0          0         56       3837   FOC_LIB.lib
      7362        858        560          0          0       4836   m_wm.l
       354         22          0          4          0        516   mc_w.l
      1506          0          0          0          0       1244   mf_w.l

    ----------------------------------------------------------------------
     10692        930        560          4         60      10433   Library Totals

    ----------------------------------------------------------------------

==============================================================================


      Code (inc. data)   RO Data    RW Data    ZI Data      Debug   

     32192       2402       1000        964       3252     400588   Grand Totals
     32192       2402       1000        632       3252     400588   ELF Image Totals (compressed)
     32192       2402       1000        632          0          0   ROM Totals

==============================================================================

    Total RO  Size (Code + RO Data)                33192 (  32.41kB)
    Total RW  Size (RW Data + ZI Data)              4216 (   4.12kB)
    Total ROM Size (Code + RO Data + RW Data)      33824 (  33.03kB)

==============================================================================

